[2025-06-23 16:25:39,377] [INFO] [config.py:925:print]   zero_config .................. stage=2 contiguous_gradients=True reduce_scatter=True reduce_bucket_size=200000000 use_multi_rank_bucket_allreduce=True allgather_partitions=True allgather_bucket_size=200000000 overlap_comm=True load_from_fp32_weights=True elastic_checkpoint=False offload_param=None offload_optimizer=DeepSpeedZeroOffloadOptimizerConfig(device='cpu', nvme_path=None, buffer_count=4, pin_memory=True, pipeline_read=False, pipeline_write=False, fast_init=False, ratio=1.0) sub_group_size=1000000000 cpu_offload_param=None cpu_offload_use_pin_memory=None cpu_offload=None prefetch_bucket_size=50000000 param_persistence_threshold=100000 model_persistence_threshold=9223372036854775807 max_live_parameters=1000000000 max_reuse_distance=1000000000 gather_16bit_weights_on_model_save=False module_granularity_threshold=0 use_all_reduce_for_fetch_params=False stage3_gather_fp16_weights_on_model_save=False ignore_unused_parameters=True legacy_stage1=False round_robin_gradients=False zero_hpz_partition_size=1 zero_quantized_weights=False zero_quantized_nontrainable_weights=False zero_quantized_gradients=False zeropp_loco_param=None mics_shard_size=-1 mics_hierarchical_params_gather=False memory_efficient_linear=True pipeline_loading_checkpoint=False override_module_apply=True log_trace_cache_warnings=False
[2025-06-23 16:25:39,377] [INFO] [config.py:925:print]   zero_enabled ................. True
[2025-06-23 16:25:39,377] [INFO] [config.py:925:print]   zero_force_ds_cpu_optimizer .. False
[2025-06-23 16:25:39,377] [INFO] [config.py:925:print]   zero_optimization_stage ...... 2
[2025-06-23 16:25:39,377] [INFO] [config.py:911:print_user_config]   json = {
    "bfloat16": {
        "enabled": true
    }, 
    "fp16": {
        "enabled": false, 
        "loss_scale": 0, 
        "loss_scale_window": 1000, 
        "hysteresis": 2, 
        "min_loss_scale": 1
    }, 
    "zero_optimization": {
        "stage": 2, 
        "offload_optimizer": {
            "device": "cpu", 
            "pin_memory": true
        }, 
        "allgather_partitions": true, 
        "allgather_bucket_size": 2.000000e+08, 
        "overlap_comm": true, 
        "reduce_scatter": true, 
        "reduce_bucket_size": 2.000000e+08, 
        "contiguous_gradients": true
    }, 
    "zero_allow_untested_optimizer": true, 
    "zero_force_ds_cpu_optimizer": false, 
    "gradient_accumulation_steps": 4, 
    "gradient_clipping": 1.0, 
    "steps_per_print": 2.000000e+03, 
    "train_batch_size": 28, 
    "train_micro_batch_size_per_gpu": 1, 
    "wall_clock_breakdown": false
}
run dev evaluation first to collect initial predictions
[INFO|trainer.py:2907] 2025-06-23 16:25:39,377 >> ***** Running Evaluation *****
[INFO|trainer.py:2909] 2025-06-23 16:25:39,377 >>   Num examples = 5540
[INFO|trainer.py:2912] 2025-06-23 16:25:39,377 >>   Batch size = 100
bosco:1915606:1915606 [0] NCCL INFO Comm config Blocking set to 1
bosco:1915606:1919739 [0] NCCL INFO Using network Socket
bosco:1915611:1915611 [5] NCCL INFO Comm config Blocking set to 1
bosco:1915610:1915610 [4] NCCL INFO Comm config Blocking set to 1
bosco:1915608:1915608 [2] NCCL INFO Comm config Blocking set to 1
bosco:1915607:1915607 [1] NCCL INFO Comm config Blocking set to 1
bosco:1915609:1915609 [3] NCCL INFO Comm config Blocking set to 1
bosco:1915606:1919739 [0] NCCL INFO ncclCommInitRankConfig comm 0x55f2a2a1e6d0 rank 0 nranks 7 cudaDev 0 nvmlDev 0 busId 2d000 commId 0x15ecd82b271246a5 - Init START
bosco:1915610:1919741 [4] NCCL INFO Using network Socket
bosco:1915611:1919740 [5] NCCL INFO Using network Socket
bosco:1915609:1919743 [3] NCCL INFO Using network Socket
bosco:1915607:1919742 [1] NCCL INFO Using network Socket
bosco:1915608:1919744 [2] NCCL INFO Using network Socket
bosco:1915610:1919741 [4] NCCL INFO ncclCommInitRankConfig comm 0x55628f78c3d0 rank 4 nranks 7 cudaDev 4 nvmlDev 4 busId ad000 commId 0x15ecd82b271246a5 - Init START
bosco:1915608:1919744 [2] NCCL INFO ncclCommInitRankConfig comm 0x55d903c497c0 rank 2 nranks 7 cudaDev 2 nvmlDev 2 busId 3b000 commId 0x15ecd82b271246a5 - Init START
bosco:1915611:1919740 [5] NCCL INFO ncclCommInitRankConfig comm 0x55e75e1e8ee0 rank 5 nranks 7 cudaDev 5 nvmlDev 5 busId ae000 commId 0x15ecd82b271246a5 - Init START
bosco:1915607:1919742 [1] NCCL INFO ncclCommInitRankConfig comm 0x55ac9b2b0a90 rank 1 nranks 7 cudaDev 1 nvmlDev 1 busId 3a000 commId 0x15ecd82b271246a5 - Init START
bosco:1915609:1919743 [3] NCCL INFO ncclCommInitRankConfig comm 0x55e6031fdf90 rank 3 nranks 7 cudaDev 3 nvmlDev 3 busId 3c000 commId 0x15ecd82b271246a5 - Init START
bosco:1915612:1915612 [6] NCCL INFO Comm config Blocking set to 1
bosco:1915612:1919755 [6] NCCL INFO Using network Socket
bosco:1915612:1919755 [6] NCCL INFO ncclCommInitRankConfig comm 0x563d37c15010 rank 6 nranks 7 cudaDev 6 nvmlDev 6 busId bd000 commId 0x15ecd82b271246a5 - Init START
bosco:1915610:1919741 [4] NCCL INFO Bootstrap timings total 0.541502 (create 0.000034, send 0.000162, recv 0.000815, ring 0.539939, delay 0.000000)
bosco:1915609:1919743 [3] NCCL INFO Bootstrap timings total 0.540890 (create 0.000035, send 0.000162, recv 0.000578, ring 0.539945, delay 0.000000)
bosco:1915608:1919744 [2] NCCL INFO Bootstrap timings total 0.541129 (create 0.000036, send 0.000166, recv 0.000734, ring 0.540032, delay 0.000000)
bosco:1915607:1919742 [1] NCCL INFO Bootstrap timings total 0.540932 (create 0.000039, send 0.000164, recv 0.000403, ring 0.540163, delay 0.000000)
bosco:1915606:1919739 [0] NCCL INFO Bootstrap timings total 0.542778 (create 0.000053, send 0.000254, recv 0.002085, ring 0.000186, delay 0.000000)
bosco:1915612:1919755 [6] NCCL INFO Bootstrap timings total 0.002792 (create 0.000053, send 0.000266, recv 0.000513, ring 0.000473, delay 0.000000)
bosco:1915611:1919740 [5] NCCL INFO Bootstrap timings total 0.541007 (create 0.000033, send 0.000168, recv 0.540174, ring 0.000436, delay 0.000000)
bosco:1915609:1919743 [3] NCCL INFO Setting affinity for GPU 3 to ff,ffffffff,ffff0000,00000000,00ffffff,ffffffff
bosco:1915609:1919743 [3] NCCL INFO NVLS multicast support is not available on dev 3
bosco:1915610:1919741 [4] NCCL INFO Setting affinity for GPU 4 to ffffffff,ffffff00,00000000,0000ffff,ffffffff,ff000000,00000000
bosco:1915610:1919741 [4] NCCL INFO NVLS multicast support is not available on dev 4
bosco:1915608:1919744 [2] NCCL INFO Setting affinity for GPU 2 to ff,ffffffff,ffff0000,00000000,00ffffff,ffffffff
bosco:1915608:1919744 [2] NCCL INFO NVLS multicast support is not available on dev 2
bosco:1915611:1919740 [5] NCCL INFO Setting affinity for GPU 5 to ffffffff,ffffff00,00000000,0000ffff,ffffffff,ff000000,00000000
bosco:1915607:1919742 [1] NCCL INFO Setting affinity for GPU 1 to ff,ffffffff,ffff0000,00000000,00ffffff,ffffffff
bosco:1915607:1919742 [1] NCCL INFO NVLS multicast support is not available on dev 1
bosco:1915611:1919740 [5] NCCL INFO NVLS multicast support is not available on dev 5
bosco:1915606:1919739 [0] NCCL INFO Setting affinity for GPU 0 to ff,ffffffff,ffff0000,00000000,00ffffff,ffffffff
bosco:1915606:1919739 [0] NCCL INFO NVLS multicast support is not available on dev 0
bosco:1915612:1919755 [6] NCCL INFO Setting affinity for GPU 6 to ffffffff,ffffff00,00000000,0000ffff,ffffffff,ff000000,00000000
bosco:1915612:1919755 [6] NCCL INFO NVLS multicast support is not available on dev 6
bosco:1915608:1919744 [2] NCCL INFO comm 0x55d903c497c0 rank 2 nRanks 7 nNodes 1 localRanks 7 localRank 2 MNNVL 0
bosco:1915611:1919740 [5] NCCL INFO comm 0x55e75e1e8ee0 rank 5 nRanks 7 nNodes 1 localRanks 7 localRank 5 MNNVL 0
bosco:1915607:1919742 [1] NCCL INFO comm 0x55ac9b2b0a90 rank 1 nRanks 7 nNodes 1 localRanks 7 localRank 1 MNNVL 0
bosco:1915612:1919755 [6] NCCL INFO comm 0x563d37c15010 rank 6 nRanks 7 nNodes 1 localRanks 7 localRank 6 MNNVL 0
bosco:1915610:1919741 [4] NCCL INFO comm 0x55628f78c3d0 rank 4 nRanks 7 nNodes 1 localRanks 7 localRank 4 MNNVL 0
bosco:1915609:1919743 [3] NCCL INFO comm 0x55e6031fdf90 rank 3 nRanks 7 nNodes 1 localRanks 7 localRank 3 MNNVL 0
bosco:1915606:1919739 [0] NCCL INFO comm 0x55f2a2a1e6d0 rank 0 nRanks 7 nNodes 1 localRanks 7 localRank 0 MNNVL 0
bosco:1915608:1919744 [2] NCCL INFO Trees [0] 4/-1/-1->2->1 [1] 4/-1/-1->2->1 [2] 4/-1/-1->2->1 [3] 4/-1/-1->2->1
bosco:1915608:1919744 [2] NCCL INFO P2P Chunksize set to 131072
bosco:1915607:1919742 [1] NCCL INFO Trees [0] 2/-1/-1->1->0 [1] 2/-1/-1->1->0 [2] 2/-1/-1->1->0 [3] 2/-1/-1->1->0
bosco:1915607:1919742 [1] NCCL INFO P2P Chunksize set to 131072
bosco:1915610:1919741 [4] NCCL INFO Trees [0] 5/-1/-1->4->2 [1] 5/-1/-1->4->2 [2] 5/-1/-1->4->2 [3] 5/-1/-1->4->2
bosco:1915609:1919743 [3] NCCL INFO Trees [0] -1/-1/-1->3->6 [1] -1/-1/-1->3->6 [2] -1/-1/-1->3->6 [3] -1/-1/-1->3->6
bosco:1915610:1919741 [4] NCCL INFO P2P Chunksize set to 131072
bosco:1915609:1919743 [3] NCCL INFO P2P Chunksize set to 131072
bosco:1915612:1919755 [6] NCCL INFO Trees [0] 3/-1/-1->6->5 [1] 3/-1/-1->6->5 [2] 3/-1/-1->6->5 [3] 3/-1/-1->6->5
bosco:1915606:1919739 [0] NCCL INFO Channel 00/04 : 0 1 2 4 5 6 3
bosco:1915612:1919755 [6] NCCL INFO P2P Chunksize set to 131072
bosco:1915606:1919739 [0] NCCL INFO Channel 01/04 : 0 1 2 4 5 6 3
bosco:1915606:1919739 [0] NCCL INFO Channel 02/04 : 0 1 2 4 5 6 3
bosco:1915606:1919739 [0] NCCL INFO Channel 03/04 : 0 1 2 4 5 6 3
bosco:1915611:1919740 [5] NCCL INFO Trees [0] 6/-1/-1->5->4 [1] 6/-1/-1->5->4 [2] 6/-1/-1->5->4 [3] 6/-1/-1->5->4
bosco:1915611:1919740 [5] NCCL INFO P2P Chunksize set to 131072
bosco:1915606:1919739 [0] NCCL INFO Trees [0] 1/-1/-1->0->-1 [1] 1/-1/-1->0->-1 [2] 1/-1/-1->0->-1 [3] 1/-1/-1->0->-1
bosco:1915606:1919739 [0] NCCL INFO P2P Chunksize set to 131072
bosco:1915606:1919739 [0] NCCL INFO Check P2P Type intraNodeP2pSupport 0 directMode 0
bosco:1915608:1919762 [2] NCCL INFO [Proxy Service UDS] Device 2 CPU core 8
bosco:1915610:1919765 [4] NCCL INFO [Proxy Service UDS] Device 4 CPU core 190
bosco:1915608:1919756 [2] NCCL INFO [Proxy Service] Device 2 CPU core 6
bosco:1915610:1919758 [4] NCCL INFO [Proxy Service] Device 4 CPU core 77
bosco:1915612:1919764 [6] NCCL INFO [Proxy Service UDS] Device 6 CPU core 61
bosco:1915612:1919757 [6] NCCL INFO [Proxy Service] Device 6 CPU core 60
bosco:1915607:1919763 [1] NCCL INFO [Proxy Service UDS] Device 1 CPU core 9
bosco:1915611:1919769 [5] NCCL INFO [Proxy Service UDS] Device 5 CPU core 62
bosco:1915609:1919760 [3] NCCL INFO [Proxy Service] Device 3 CPU core 113
bosco:1915606:1919761 [0] NCCL INFO [Proxy Service] Device 0 CPU core 7
bosco:1915607:1919759 [1] NCCL INFO [Proxy Service] Device 1 CPU core 119
bosco:1915609:1919766 [3] NCCL INFO [Proxy Service UDS] Device 3 CPU core 122
bosco:1915611:1919768 [5] NCCL INFO [Proxy Service] Device 5 CPU core 57
bosco:1915606:1919767 [0] NCCL INFO [Proxy Service UDS] Device 0 CPU core 11
bosco:1915607:1919742 [1] NCCL INFO threadThresholds 8/8/64 | 56/8/64 | 512 | 512
bosco:1915607:1919742 [1] NCCL INFO 4 coll channels, 4 collnet channels, 0 nvls channels, 4 p2p channels, 2 p2p channels per peer
bosco:1915611:1919740 [5] NCCL INFO threadThresholds 8/8/64 | 56/8/64 | 512 | 512
bosco:1915611:1919740 [5] NCCL INFO 4 coll channels, 4 collnet channels, 0 nvls channels, 4 p2p channels, 2 p2p channels per peer
bosco:1915610:1919741 [4] NCCL INFO threadThresholds 8/8/64 | 56/8/64 | 512 | 512
bosco:1915610:1919741 [4] NCCL INFO 4 coll channels, 4 collnet channels, 0 nvls channels, 4 p2p channels, 2 p2p channels per peer
bosco:1915609:1919743 [3] NCCL INFO threadThresholds 8/8/64 | 56/8/64 | 512 | 512
bosco:1915609:1919743 [3] NCCL INFO 4 coll channels, 4 collnet channels, 0 nvls channels, 4 p2p channels, 2 p2p channels per peer
bosco:1915608:1919744 [2] NCCL INFO threadThresholds 8/8/64 | 56/8/64 | 512 | 512
bosco:1915608:1919744 [2] NCCL INFO 4 coll channels, 4 collnet channels, 0 nvls channels, 4 p2p channels, 2 p2p channels per peer
bosco:1915606:1919739 [0] NCCL INFO threadThresholds 8/8/64 | 56/8/64 | 512 | 512
bosco:1915606:1919739 [0] NCCL INFO 4 coll channels, 4 collnet channels, 0 nvls channels, 4 p2p channels, 2 p2p channels per peer
bosco:1915612:1919755 [6] NCCL INFO threadThresholds 8/8/64 | 56/8/64 | 512 | 512
bosco:1915612:1919755 [6] NCCL INFO 4 coll channels, 4 collnet channels, 0 nvls channels, 4 p2p channels, 2 p2p channels per peer
bosco:1915606:1919739 [0] NCCL INFO CC Off, workFifoBytes 1048576
bosco:1915609:1919743 [3] NCCL INFO ncclCommInitRankConfig comm 0x55e6031fdf90 rank 3 nranks 7 cudaDev 3 nvmlDev 3 busId 3c000 commId 0x15ecd82b271246a5 - Init COMPLETE
bosco:1915606:1919739 [0] NCCL INFO ncclCommInitRankConfig comm 0x55f2a2a1e6d0 rank 0 nranks 7 cudaDev 0 nvmlDev 0 busId 2d000 commId 0x15ecd82b271246a5 - Init COMPLETE
bosco:1915611:1919740 [5] NCCL INFO ncclCommInitRankConfig comm 0x55e75e1e8ee0 rank 5 nranks 7 cudaDev 5 nvmlDev 5 busId ae000 commId 0x15ecd82b271246a5 - Init COMPLETE
bosco:1915609:1919743 [3] NCCL INFO Init timings - ncclCommInitRankConfig: rank 3 nranks 7 total 0.65 (kernels 0.00, alloc 0.00, bootstrap 0.54, allgathers 0.03, topo 0.04, graphs 0.03, connections 0.01, rest 0.00)
bosco:1915611:1919740 [5] NCCL INFO Init timings - ncclCommInitRankConfig: rank 5 nranks 7 total 0.65 (kernels 0.00, alloc 0.00, bootstrap 0.54, allgathers 0.03, topo 0.04, graphs 0.03, connections 0.01, rest 0.00)
bosco:1915606:1919739 [0] NCCL INFO Init timings - ncclCommInitRankConfig: rank 0 nranks 7 total 0.66 (kernels 0.00, alloc 0.00, bootstrap 0.54, allgathers 0.00, topo 0.04, graphs 0.06, connections 0.01, rest 0.00)
bosco:1915607:1919742 [1] NCCL INFO ncclCommInitRankConfig comm 0x55ac9b2b0a90 rank 1 nranks 7 cudaDev 1 nvmlDev 1 busId 3a000 commId 0x15ecd82b271246a5 - Init COMPLETE
bosco:1915610:1919741 [4] NCCL INFO ncclCommInitRankConfig comm 0x55628f78c3d0 rank 4 nranks 7 cudaDev 4 nvmlDev 4 busId ad000 commId 0x15ecd82b271246a5 - Init COMPLETE
bosco:1915607:1919742 [1] NCCL INFO Init timings - ncclCommInitRankConfig: rank 1 nranks 7 total 0.65 (kernels 0.00, alloc 0.00, bootstrap 0.54, allgathers 0.03, topo 0.04, graphs 0.03, connections 0.01, rest 0.00)
bosco:1915610:1919741 [4] NCCL INFO Init timings - ncclCommInitRankConfig: rank 4 nranks 7 total 0.65 (kernels 0.00, alloc 0.00, bootstrap 0.54, allgathers 0.03, topo 0.04, graphs 0.03, connections 0.01, rest 0.00)
bosco:1915608:1919744 [2] NCCL INFO ncclCommInitRankConfig comm 0x55d903c497c0 rank 2 nranks 7 cudaDev 2 nvmlDev 2 busId 3b000 commId 0x15ecd82b271246a5 - Init COMPLETE
bosco:1915612:1919755 [6] NCCL INFO ncclCommInitRankConfig comm 0x563d37c15010 rank 6 nranks 7 cudaDev 6 nvmlDev 6 busId bd000 commId 0x15ecd82b271246a5 - Init COMPLETE
bosco:1915608:1919744 [2] NCCL INFO Init timings - ncclCommInitRankConfig: rank 2 nranks 7 total 0.65 (kernels 0.00, alloc 0.00, bootstrap 0.54, allgathers 0.03, topo 0.04, graphs 0.03, connections 0.01, rest 0.00)
bosco:1915612:1919755 [6] NCCL INFO Init timings - ncclCommInitRankConfig: rank 6 nranks 7 total 0.12 (kernels 0.00, alloc 0.00, bootstrap 0.00, allgathers 0.00, topo 0.04, graphs 0.06, connections 0.01, rest 0.00)
bosco:1915606:1919772 [0] NCCL INFO Channel 00 : 0[0] -> 1[1] via SHM/direct/direct
bosco:1915610:1919770 [4] NCCL INFO Channel 00 : 4[4] -> 5[5] via SHM/direct/direct
bosco:1915606:1919772 [0] NCCL INFO Channel 01 : 0[0] -> 1[1] via SHM/direct/direct
bosco:1915610:1919770 [4] NCCL INFO Channel 01 : 4[4] -> 5[5] via SHM/direct/direct
bosco:1915606:1919772 [0] NCCL INFO Channel 02 : 0[0] -> 1[1] via SHM/direct/direct
bosco:1915610:1919770 [4] NCCL INFO Channel 02 : 4[4] -> 5[5] via SHM/direct/direct
bosco:1915606:1919772 [0] NCCL INFO Channel 03 : 0[0] -> 1[1] via SHM/direct/direct
bosco:1915610:1919770 [4] NCCL INFO Channel 03 : 4[4] -> 5[5] via SHM/direct/direct
bosco:1915611:1919775 [5] NCCL INFO Channel 00 : 5[5] -> 6[6] via SHM/direct/direct
bosco:1915607:1919774 [1] NCCL INFO Channel 00 : 1[1] -> 2[2] via SHM/direct/direct
bosco:1915609:1919773 [3] NCCL INFO Channel 00 : 3[3] -> 0[0] via SHM/direct/direct
bosco:1915611:1919775 [5] NCCL INFO Channel 01 : 5[5] -> 6[6] via SHM/direct/direct
bosco:1915607:1919774 [1] NCCL INFO Channel 01 : 1[1] -> 2[2] via SHM/direct/direct
bosco:1915609:1919773 [3] NCCL INFO Channel 01 : 3[3] -> 0[0] via SHM/direct/direct
bosco:1915607:1919774 [1] NCCL INFO Channel 02 : 1[1] -> 2[2] via SHM/direct/direct
bosco:1915611:1919775 [5] NCCL INFO Channel 02 : 5[5] -> 6[6] via SHM/direct/direct
bosco:1915609:1919773 [3] NCCL INFO Channel 02 : 3[3] -> 0[0] via SHM/direct/direct
bosco:1915611:1919775 [5] NCCL INFO Channel 03 : 5[5] -> 6[6] via SHM/direct/direct
bosco:1915607:1919774 [1] NCCL INFO Channel 03 : 1[1] -> 2[2] via SHM/direct/direct
bosco:1915609:1919773 [3] NCCL INFO Channel 03 : 3[3] -> 0[0] via SHM/direct/direct
bosco:1915612:1919771 [6] NCCL INFO Channel 00 : 6[6] -> 3[3] via SHM/direct/direct
bosco:1915608:1919776 [2] NCCL INFO Channel 00 : 2[2] -> 4[4] via SHM/direct/direct
bosco:1915608:1919776 [2] NCCL INFO Channel 01 : 2[2] -> 4[4] via SHM/direct/direct
bosco:1915612:1919771 [6] NCCL INFO Channel 01 : 6[6] -> 3[3] via SHM/direct/direct
bosco:1915612:1919771 [6] NCCL INFO Channel 02 : 6[6] -> 3[3] via SHM/direct/direct
bosco:1915608:1919776 [2] NCCL INFO Channel 02 : 2[2] -> 4[4] via SHM/direct/direct
bosco:1915612:1919771 [6] NCCL INFO Channel 03 : 6[6] -> 3[3] via SHM/direct/direct
bosco:1915608:1919776 [2] NCCL INFO Channel 03 : 2[2] -> 4[4] via SHM/direct/direct
bosco:1915609:1919773 [3] NCCL INFO Connected all rings, use ring PXN 0 GDR 1
bosco:1915611:1919775 [5] NCCL INFO Connected all rings, use ring PXN 0 GDR 1
bosco:1915610:1919770 [4] NCCL INFO Connected all rings, use ring PXN 0 GDR 1
bosco:1915608:1919776 [2] NCCL INFO Connected all rings, use ring PXN 0 GDR 1
bosco:1915607:1919774 [1] NCCL INFO Connected all rings, use ring PXN 0 GDR 1
bosco:1915612:1919771 [6] NCCL INFO Connected all rings, use ring PXN 0 GDR 1
bosco:1915606:1919772 [0] NCCL INFO Connected all rings, use ring PXN 0 GDR 1
finish collecting initial predictions before optimization
all entropy: 0.653997573824967 0.6617933207764413 0.6821526908806048 0.6821526908806048 0.69314066410481 0.69298426068761 0.6841994535753173 0.6798927230435231 0.6429795215301972 0.6560306638491367
avg entropy: 0.6729323563153212
avg cont entropy: 0.6836025318868095
finish collecting initial predictions before optimization
all entropy: 0.653997573824967 0.6617933207764413 0.6821526908806048 0.6821526908806048 0.69314066410481 0.69298426068761 0.6841994535753173 0.6798927230435231 0.6429795215301972 0.6560306638491367
avg entropy: 0.6729323563153212
avg cont entropy: 0.6836025318868095
finish collecting initial predictions before optimization
all entropy: 0.653997573824967 0.6617933207764413 0.6821526908806048 0.6821526908806048 0.69314066410481 0.69298426068761 0.6841994535753173 0.6798927230435231 0.6429795215301972 0.6560306638491367
avg entropy: 0.6729323563153212
avg cont entropy: 0.6836025318868095
finish collecting initial predictions before optimization
all entropy: 0.653997573824967 0.6617933207764413 0.6821526908806048 0.6821526908806048 0.69314066410481 0.69298426068761 0.6841994535753173 0.6798927230435231 0.6429795215301972 0.6560306638491367
avg entropy: 0.6729323563153212
avg cont entropy: 0.6836025318868095
[INFO|trainer.py:1740] 2025-06-23 16:26:06,447 >> ***** Running training *****
[INFO|trainer.py:1741] 2025-06-23 16:26:06,448 >>   Num examples = 277
[INFO|trainer.py:1742] 2025-06-23 16:26:06,448 >>   Num Epochs = 100
[INFO|trainer.py:1743] 2025-06-23 16:26:06,448 >>   Instantaneous batch size per device = 1
[INFO|trainer.py:1744] 2025-06-23 16:26:06,448 >>   Total train batch size (w. parallel, distributed & accumulation) = 28
[INFO|trainer.py:1745] 2025-06-23 16:26:06,448 >>   Gradient Accumulation steps = 4
[INFO|trainer.py:1746] 2025-06-23 16:26:06,448 >>   Total optimization steps = 1000
finish collecting initial predictions before optimization
all entropy: 0.653997573824967 0.6617933207764413 0.6821526908806048 0.6821526908806048 0.69314066410481 0.69298426068761 0.6841994535753173 0.6798927230435231 0.6429795215301972 0.6560306638491367
avg entropy: 0.6729323563153212
avg cont entropy: 0.6836025318868095
finish collecting initial predictions before optimization
all entropy: 0.653997573824967 0.6617933207764413 0.6821526908806048 0.6821526908806048 0.69314066410481 0.69298426068761 0.6841994535753173 0.6798927230435231 0.6429795215301972 0.6560306638491367
avg entropy: 0.6729323563153212
avg cont entropy: 0.6836025318868095
[INFO|integrations.py:502] 2025-06-23 16:26:06,450 >> Automatic Weights & Biases logging enabled, to disable set os.environ["WANDB_DISABLED"] = "true"
finish collecting initial predictions before optimization
all entropy: 0.653997573824967 0.6617933207764413 0.6821526908806048 0.6821526908806048 0.69314066410481 0.69298426068761 0.6841994535753173 0.6798927230435231 0.6429795215301972 0.6560306638491367
avg entropy: 0.6729323563153212
avg cont entropy: 0.6836025318868095
wandb: Currently logged in as: parsahejabi (parsahejabi-academic-team) to https://api.wandb.ai. Use `wandb login --relogin` to force relogin
wandb: Tracking run with wandb version 0.20.1
wandb: Run data is saved locally in /home/parsa/Codebases/GitHub_Repositories/swarm-distillation-zero-shot/exps_ttt/wandb/run-20250623_162606-7wz0fgu3
wandb: Run `wandb offline` to turn off syncing.
wandb: Syncing run /home/parsa/Codebases/GitHub_Repositories/swarm-distillation-zero-shot/checkpoints/rte/11B_ttt_t0.train.source.validation.super_glue.rte.validation.T0pp.peft.lora.lora_alpha4.lora_drop0.3.bn1.pw1.0.np5.bsz1.ga4.lr2e-5.steps.1000_20250623
wandb:  View project at https://wandb.ai/parsahejabi-academic-team/swarm-distillation
wandb:  View run at https://wandb.ai/parsahejabi-academic-team/swarm-distillation/runs/7wz0fgu3
{'loss': 0.0131, 'learning_rate': 2.0000000000000003e-06, 'epoch': 1.0}
{'loss': 0.0136, 'learning_rate': 4.000000000000001e-06, 'epoch': 2.0}
{'loss': 0.0135, 'learning_rate': 6e-06, 'epoch': 3.0}
{'loss': 0.0145, 'learning_rate': 8.000000000000001e-06, 'epoch': 4.0}
{'loss': 0.0138, 'learning_rate': 1e-05, 'epoch': 5.0}
[INFO|trainer.py:2907] 2025-06-23 16:30:51,657 >> ***** Running Evaluation *****
[INFO|trainer.py:2909] 2025-06-23 16:30:51,657 >>   Num examples = 5540
[INFO|trainer.py:2912] 2025-06-23 16:30:51,658 >>   Batch size = 100
{'max_accuracy': np.float64(90.25), 'median_accuracy': np.float64(84.66), 'mean_accuracy': np.float64(85.2), 'min_accuracy': np.float64(81.95), 'std_accuracy': np.float64(2.39), 'avg_ensemble_accuracy': 85.56, 'vote_ensemble_accuracy': 85.92}
{'max_accuracy': np.float64(90.25), 'median_accuracy': np.float64(84.66), 'mean_accuracy': np.float64(85.2), 'min_accuracy': np.float64(81.95), 'std_accuracy': np.float64(2.39), 'avg_ensemble_accuracy': 85.56, 'vote_ensemble_accuracy': 85.92}
{'max_accuracy': np.float64(90.25), 'median_accuracy': np.float64(84.66), 'mean_accuracy': np.float64(85.2), 'min_accuracy': np.float64(81.95), 'std_accuracy': np.float64(2.39), 'avg_ensemble_accuracy': 85.56, 'vote_ensemble_accuracy': 85.92}
{'max_accuracy': np.float64(90.25), 'median_accuracy': np.float64(84.66), 'mean_accuracy': np.float64(85.2), 'min_accuracy': np.float64(81.95), 'std_accuracy': np.float64(2.39), 'avg_ensemble_accuracy': 85.56, 'vote_ensemble_accuracy': 85.92}
{'max_accuracy': np.float64(90.25), 'median_accuracy': np.float64(84.66), 'mean_accuracy': np.float64(85.2), 'min_accuracy': np.float64(81.95), 'std_accuracy': np.float64(2.39), 'avg_ensemble_accuracy': 85.56, 'vote_ensemble_accuracy': 85.92}
{'max_accuracy': np.float64(90.25), 'median_accuracy': np.float64(84.66), 'mean_accuracy': np.float64(85.2), 'min_accuracy': np.float64(81.95), 'std_accuracy': np.float64(2.39), 'avg_ensemble_accuracy': 85.56, 'vote_ensemble_accuracy': 85.92}
[INFO|trainer.py:2907] 2025-06-23 16:31:19,920 >> ***** Running Evaluation *****
[INFO|trainer.py:2909] 2025-06-23 16:31:19,921 >>   Num examples = 5540
[INFO|trainer.py:2912] 2025-06-23 16:31:19,921 >>   Batch size = 100
{'max_accuracy': np.float64(90.25), 'median_accuracy': np.float64(84.66), 'mean_accuracy': np.float64(85.2), 'min_accuracy': np.float64(81.95), 'std_accuracy': np.float64(2.39), 'avg_ensemble_accuracy': 85.56, 'vote_ensemble_accuracy': 85.92}
all entropy: 0.6519079859154411 0.6617933207764413 0.6832026653984116 0.6810494166250649 0.6930885314445381 0.69298426068761 0.6841994535753173 0.6810494166250649 0.6429795215301972 0.6560306638491367all entropy: 0.6519079859154411 0.6617933207764413 0.6832026653984116 0.6810494166250649 0.6930885314445381 0.69298426068761 0.6841994535753173 0.6810494166250649 0.6429795215301972 0.6560306638491367
avg entropy: 0.6728285236427223
avg cont entropy: 0.6835962628648032
delta all entropy: -0.0020895879095259584 0.0 0.001049974517806751 -0.00110327425553991 -5.213266027193075e-05 0.0 0.0 0.0011566935815418011 0.0 0.0
delta avg entropy: -0.00010383267259892471
all entropy: 0.6519079859154411 0.6617933207764413 0.6832026653984116 0.6810494166250649 0.6930885314445381 0.69298426068761 0.6841994535753173 0.6810494166250649 0.6429795215301972 0.6560306638491367
avg entropy: 0.6728285236427223
avg cont entropy: 0.6835962628648032
delta all entropy: -0.0020895879095259584 0.0 0.001049974517806751 -0.00110327425553991 -5.213266027193075e-05 0.0 0.0 0.0011566935815418011 0.0 0.0
delta avg entropy: -0.00010383267259892471
all entropy: 0.6519079859154411 0.6617933207764413 0.6832026653984116 0.6810494166250649 0.6930885314445381 0.69298426068761 0.6841994535753173 0.6810494166250649 0.6429795215301972 0.6560306638491367all entropy: 0.6519079859154411 0.6617933207764413 0.6832026653984116 0.6810494166250649 0.6930885314445381 0.69298426068761 0.6841994535753173 0.6810494166250649 0.6429795215301972 0.6560306638491367

avg entropy: 0.6728285236427223
avg cont entropy: 0.6835962628648032
avg entropy: 0.6728285236427223
avg cont entropy: 0.6835962628648032
delta all entropy: -0.0020895879095259584 0.0 0.001049974517806751 -0.00110327425553991 -5.213266027193075e-05 0.0 0.0 0.0011566935815418011 0.0 0.0
delta avg entropy: -0.00010383267259892471
delta all entropy: -0.0020895879095259584 0.0 0.001049974517806751 -0.00110327425553991 -5.213266027193075e-05 0.0 0.0 0.0011566935815418011 0.0 0.0
delta avg entropy: -0.00010383267259892471

all entropy: 0.6519079859154411 0.6617933207764413 0.6832026653984116 0.6810494166250649 0.6930885314445381 0.69298426068761 0.6841994535753173 0.6810494166250649 0.6429795215301972 0.6560306638491367avg entropy: 0.6728285236427223
avg entropy: 0.6728285236427223
avg cont entropy: 0.6835962628648032
delta all entropy: -0.0020895879095259584 0.0 0.001049974517806751 -0.00110327425553991 -5.213266027193075e-05 0.0 0.0 0.0011566935815418011 0.0 0.0
delta avg entropy: -0.00010383267259892471

avg cont entropy: 0.6835962628648032
delta all entropy: -0.0020895879095259584 0.0 0.001049974517806751 -0.00110327425553991 -5.213266027193075e-05 0.0 0.0 0.0011566935815418011 0.0 0.0
delta avg entropy: -0.00010383267259892471
all entropy: 0.6519079859154411 0.6617933207764413 0.6832026653984116 0.6810494166250649 0.6930885314445381 0.69298426068761 0.6841994535753173 0.6810494166250649 0.6429795215301972 0.6560306638491367
avg entropy: 0.6728285236427223
avg cont entropy: 0.6835962628648032
delta all entropy: -0.0020895879095259584 0.0 0.001049974517806751 -0.00110327425553991 -5.213266027193075e-05 0.0 0.0 0.0011566935815418011 0.0 0.0
delta avg entropy: -0.00010383267259892471
{'loss': 0.0134, 'learning_rate': 1.2e-05, 'epoch': 6.0}
{'loss': 0.0131, 'learning_rate': 1.4e-05, 'epoch': 7.0}
{'loss': 0.0128, 'learning_rate': 1.6000000000000003e-05, 'epoch': 8.0}
{'loss': 0.014, 'learning_rate': 1.8e-05, 'epoch': 9.0}
{'loss': 0.0134, 'learning_rate': 2e-05, 'epoch': 10.0}
[INFO|trainer.py:2907] 2025-06-23 16:36:28,300 >> ***** Running Evaluation *****
[INFO|trainer.py:2909] 2025-06-23 16:36:28,300 >>   Num examples = 5540
[INFO|trainer.py:2912] 2025-06-23 16:36:28,300 >>   Batch size = 100
{'max_accuracy': np.float64(90.61), 'median_accuracy': np.float64(84.66), 'mean_accuracy': np.float64(85.23), 'min_accuracy': np.float64(81.95), 'std_accuracy': np.float64(2.51), 'avg_ensemble_accuracy': 85.56, 'vote_ensemble_accuracy': 85.92}
[INFO|trainer.py:2907] 2025-06-23 16:36:55,763 >> ***** Running Evaluation *****
[INFO|trainer.py:2909] 2025-06-23 16:36:55,763 >>   Num examples = 5540
[INFO|trainer.py:2912] 2025-06-23 16:36:55,763 >>   Batch size = 100
{'max_accuracy': np.float64(90.61), 'median_accuracy': np.float64(84.66), 'mean_accuracy': np.float64(85.23), 'min_accuracy': np.float64(81.95), 'std_accuracy': np.float64(2.51), 'avg_ensemble_accuracy': 85.56, 'vote_ensemble_accuracy': 85.92}
{'max_accuracy': np.float64(90.61), 'median_accuracy': np.float64(84.66), 'mean_accuracy': np.float64(85.23), 'min_accuracy': np.float64(81.95), 'std_accuracy': np.float64(2.51), 'avg_ensemble_accuracy': 85.56, 'vote_ensemble_accuracy': 85.92}
{'max_accuracy': np.float64(90.61), 'median_accuracy': np.float64(84.66), 'mean_accuracy': np.float64(85.23), 'min_accuracy': np.float64(81.95), 'std_accuracy': np.float64(2.51), 'avg_ensemble_accuracy': 85.56, 'vote_ensemble_accuracy': 85.92}
{'max_accuracy': np.float64(90.61), 'median_accuracy': np.float64(84.66), 'mean_accuracy': np.float64(85.23), 'min_accuracy': np.float64(81.95), 'std_accuracy': np.float64(2.51), 'avg_ensemble_accuracy': 85.56, 'vote_ensemble_accuracy': 85.92}
{'max_accuracy': np.float64(90.61), 'median_accuracy': np.float64(84.66), 'mean_accuracy': np.float64(85.23), 'min_accuracy': np.float64(81.95), 'std_accuracy': np.float64(2.51), 'avg_ensemble_accuracy': 85.56, 'vote_ensemble_accuracy': 85.92}
{'max_accuracy': np.float64(90.61), 'median_accuracy': np.float64(84.66), 'mean_accuracy': np.float64(85.23), 'min_accuracy': np.float64(81.95), 'std_accuracy': np.float64(2.51), 'avg_ensemble_accuracy': 85.56, 'vote_ensemble_accuracy': 85.92}
all entropy: 0.6519079859154411 0.6617933207764413 0.6821526908806048 0.6810494166250649 0.6928278409578548 0.6930885314445381 0.6851431626922719 0.678682484276075 0.6429795215301972 0.6560306638491367all entropy: 0.6519079859154411 0.6617933207764413 0.6821526908806048 0.6810494166250649 0.6928278409578548 0.6930885314445381 0.6851431626922719 0.678682484276075 0.6429795215301972 0.6560306638491367
avg entropy: 0.6725655618947626
avg cont entropy: 0.6835774532311052

delta all entropy: -0.0020895879095259584 0.0 0.0 -0.00110327425553991 -0.0003128231469552434 0.00010427075692809318 0.0009437091169546274 -0.0012102387674480797 0.0 0.0
delta avg entropy: -0.0003667944205586471
all entropy: 0.6519079859154411 0.6617933207764413 0.6821526908806048 0.6810494166250649 0.6928278409578548 0.6930885314445381 0.6851431626922719 0.678682484276075 0.6429795215301972 0.6560306638491367
avg entropy: 0.6725655618947626
avg cont entropy: 0.6835774532311052
delta all entropy: -0.0020895879095259584 0.0 0.0 -0.00110327425553991 -0.0003128231469552434 0.00010427075692809318 0.0009437091169546274 -0.0012102387674480797 0.0 0.0
delta avg entropy: -0.0003667944205586471
avg entropy: 0.6725655618947626all entropy: 0.6519079859154411 0.6617933207764413 0.6821526908806048 0.6810494166250649 0.6928278409578548 0.6930885314445381 0.6851431626922719 0.678682484276075 0.6429795215301972 0.6560306638491367
avg entropy: 0.6725655618947626
avg cont entropy: 0.6835774532311052
delta all entropy: -0.0020895879095259584 0.0 0.0 -0.00110327425553991 -0.0003128231469552434 0.00010427075692809318 0.0009437091169546274 -0.0012102387674480797 0.0 0.0
delta avg entropy: -0.0003667944205586471

avg cont entropy: 0.6835774532311052
all entropy: 0.6519079859154411 0.6617933207764413 0.6821526908806048 0.6810494166250649 0.6928278409578548 0.6930885314445381 0.6851431626922719 0.678682484276075 0.6429795215301972 0.6560306638491367
avg entropy: 0.6725655618947626
avg cont entropy: 0.6835774532311052
delta all entropy: -0.0020895879095259584 0.0 0.0 -0.00110327425553991 -0.0003128231469552434 0.00010427075692809318 0.0009437091169546274 -0.0012102387674480797 0.0 0.0delta all entropy: -0.0020895879095259584 0.0 0.0 -0.00110327425553991 -0.0003128231469552434 0.00010427075692809318 0.0009437091169546274 -0.0012102387674480797 0.0 0.0
delta avg entropy: -0.0003667944205586471

delta avg entropy: -0.0003667944205586471
all entropy: 0.6519079859154411 0.6617933207764413 0.6821526908806048 0.6810494166250649 0.6928278409578548 0.6930885314445381 0.6851431626922719 0.678682484276075 0.6429795215301972 0.6560306638491367
avg entropy: 0.6725655618947626
avg cont entropy: 0.6835774532311052
delta all entropy: -0.0020895879095259584 0.0 0.0 -0.00110327425553991 -0.0003128231469552434 0.00010427075692809318 0.0009437091169546274 -0.0012102387674480797 0.0 0.0
delta avg entropy: -0.0003667944205586471
all entropy: 0.6519079859154411 0.6617933207764413 0.6821526908806048 0.6810494166250649 0.6928278409578548 0.6930885314445381 0.6851431626922719 0.678682484276075 0.6429795215301972 0.6560306638491367
avg entropy: 0.6725655618947626
avg cont entropy: 0.6835774532311052
delta all entropy: -0.0020895879095259584 0.0 0.0 -0.00110327425553991 -0.0003128231469552434 0.00010427075692809318 0.0009437091169546274 -0.0012102387674480797 0.0 0.0
delta avg entropy: -0.0003667944205586471
{'loss': 0.013, 'learning_rate': 1.9778888888888892e-05, 'epoch': 11.0}
{'loss': 0.0131, 'learning_rate': 1.955777777777778e-05, 'epoch': 12.0}
{'loss': 0.0148, 'learning_rate': 1.9336666666666667e-05, 'epoch': 13.0}
{'loss': 0.0134, 'learning_rate': 1.9115555555555558e-05, 'epoch': 14.0}
{'loss': 0.0139, 'learning_rate': 1.8894444444444446e-05, 'epoch': 15.0}
[INFO|trainer.py:2907] 2025-06-23 16:42:08,782 >> ***** Running Evaluation *****
[INFO|trainer.py:2909] 2025-06-23 16:42:08,782 >>   Num examples = 5540
[INFO|trainer.py:2912] 2025-06-23 16:42:08,782 >>   Batch size = 100
{'max_accuracy': np.float64(89.89), 'median_accuracy': np.float64(84.66), 'mean_accuracy': np.float64(85.2), 'min_accuracy': np.float64(81.95), 'std_accuracy': np.float64(2.35), 'avg_ensemble_accuracy': 85.56, 'vote_ensemble_accuracy': 85.92}
{'max_accuracy': np.float64(89.89), 'median_accuracy': np.float64(84.66), 'mean_accuracy': np.float64(85.2), 'min_accuracy': np.float64(81.95), 'std_accuracy': np.float64(2.35), 'avg_ensemble_accuracy': 85.56, 'vote_ensemble_accuracy': 85.92}
{'max_accuracy': np.float64(89.89), 'median_accuracy': np.float64(84.66), 'mean_accuracy': np.float64(85.2), 'min_accuracy': np.float64(81.95), 'std_accuracy': np.float64(2.35), 'avg_ensemble_accuracy': 85.56, 'vote_ensemble_accuracy': 85.92}
{'max_accuracy': np.float64(89.89), 'median_accuracy': np.float64(84.66), 'mean_accuracy': np.float64(85.2), 'min_accuracy': np.float64(81.95), 'std_accuracy': np.float64(2.35), 'avg_ensemble_accuracy': 85.56, 'vote_ensemble_accuracy': 85.92}
[INFO|trainer.py:2907] 2025-06-23 16:42:37,765 >> ***** Running Evaluation *****
[INFO|trainer.py:2909] 2025-06-23 16:42:37,766 >>   Num examples = 5540
[INFO|trainer.py:2912] 2025-06-23 16:42:37,766 >>   Batch size = 100
{'max_accuracy': np.float64(89.89), 'median_accuracy': np.float64(84.66), 'mean_accuracy': np.float64(85.2), 'min_accuracy': np.float64(81.95), 'std_accuracy': np.float64(2.35), 'avg_ensemble_accuracy': 85.56, 'vote_ensemble_accuracy': 85.92}
{'max_accuracy': np.float64(89.89), 'median_accuracy': np.float64(84.66), 'mean_accuracy': np.float64(85.2), 'min_accuracy': np.float64(81.95), 'std_accuracy': np.float64(2.35), 'avg_ensemble_accuracy': 85.56, 'vote_ensemble_accuracy': 85.92}
{'max_accuracy': np.float64(89.89), 'median_accuracy': np.float64(84.66), 'mean_accuracy': np.float64(85.2), 'min_accuracy': np.float64(81.95), 'std_accuracy': np.float64(2.35), 'avg_ensemble_accuracy': 85.56, 'vote_ensemble_accuracy': 85.92}
all entropy: 0.6497616500313415 0.6617933207764413 0.6821526908806048 0.6810494166250649 0.6930885314445381 0.6930885314445381 0.6841994535753173 0.6810494166250649 0.6429795215301972 0.653997573824967all entropy: 0.6497616500313415 0.6617933207764413 0.6821526908806048 0.6810494166250649 0.6930885314445381 0.6930885314445381 0.6841994535753173 0.6810494166250649 0.6429795215301972 0.653997573824967
avg entropy: 0.6723160106758075
avg cont entropy: 0.6836223666989683
all entropy: 0.6497616500313415 0.6617933207764413 0.6821526908806048 0.6810494166250649 0.6930885314445381 0.6930885314445381 0.6841994535753173 0.6810494166250649 0.6429795215301972 0.653997573824967delta all entropy: -0.0042359237936255845 0.0 0.0 -0.00110327425553991 -5.213266027193075e-05 0.00010427075692809318 0.0 0.0011566935815418011 0.0 -0.002033090024169626

delta avg entropy: -0.0006163456395137157
avg entropy: 0.6723160106758075
avg cont entropy: 0.6836223666989683
delta all entropy: -0.0042359237936255845 0.0 0.0 -0.00110327425553991 -5.213266027193075e-05 0.00010427075692809318 0.0 0.0011566935815418011 0.0 -0.002033090024169626
delta avg entropy: -0.0006163456395137157
all entropy: 0.6497616500313415 0.6617933207764413 0.6821526908806048 0.6810494166250649 0.6930885314445381 0.6930885314445381 0.6841994535753173 0.6810494166250649 0.6429795215301972 0.653997573824967all entropy: 0.6497616500313415 0.6617933207764413 0.6821526908806048 0.6810494166250649 0.6930885314445381 0.6930885314445381 0.6841994535753173 0.6810494166250649 0.6429795215301972 0.653997573824967

avg entropy: 0.6723160106758075
avg cont entropy: 0.6836223666989683avg entropy: 0.6723160106758075

avg cont entropy: 0.6836223666989683
delta all entropy: -0.0042359237936255845 0.0 0.0 -0.00110327425553991 -5.213266027193075e-05 0.00010427075692809318 0.0 0.0011566935815418011 0.0 -0.002033090024169626
delta all entropy: -0.0042359237936255845 0.0 0.0 -0.00110327425553991 -5.213266027193075e-05 0.00010427075692809318 0.0 0.0011566935815418011 0.0 -0.002033090024169626delta avg entropy: -0.0006163456395137157

delta avg entropy: -0.0006163456395137157

avg entropy: 0.6723160106758075
avg cont entropy: 0.6836223666989683
delta all entropy: -0.0042359237936255845 0.0 0.0 -0.00110327425553991 -5.213266027193075e-05 0.00010427075692809318 0.0 0.0011566935815418011 0.0 -0.002033090024169626all entropy: 0.6497616500313415 0.6617933207764413 0.6821526908806048 0.6810494166250649 0.6930885314445381 0.6930885314445381 0.6841994535753173 0.6810494166250649 0.6429795215301972 0.653997573824967
avg entropy: 0.6723160106758075
avg cont entropy: 0.6836223666989683
delta all entropy: -0.0042359237936255845 0.0 0.0 -0.00110327425553991 -5.213266027193075e-05 0.00010427075692809318 0.0 0.0011566935815418011 0.0 -0.002033090024169626
delta avg entropy: -0.0006163456395137157

delta avg entropy: -0.0006163456395137157
all entropy: 0.6497616500313415 0.6617933207764413 0.6821526908806048 0.6810494166250649 0.6930885314445381 0.6930885314445381 0.6841994535753173 0.6810494166250649 0.6429795215301972 0.653997573824967
avg entropy: 0.6723160106758075
avg cont entropy: 0.6836223666989683
delta all entropy: -0.0042359237936255845 0.0 0.0 -0.00110327425553991 -5.213266027193075e-05 0.00010427075692809318 0.0 0.0011566935815418011 0.0 -0.002033090024169626
delta avg entropy: -0.0006163456395137157
{'loss': 0.0133, 'learning_rate': 1.8673333333333336e-05, 'epoch': 16.0}
{'loss': 0.0138, 'learning_rate': 1.8452222222222224e-05, 'epoch': 17.0}
{'loss': 0.0133, 'learning_rate': 1.823111111111111e-05, 'epoch': 18.0}
{'loss': 0.0128, 'learning_rate': 1.8010000000000002e-05, 'epoch': 19.0}
{'loss': 0.0134, 'learning_rate': 1.778888888888889e-05, 'epoch': 20.0}
[INFO|trainer.py:2907] 2025-06-23 16:47:45,185 >> ***** Running Evaluation *****
[INFO|trainer.py:2909] 2025-06-23 16:47:45,185 >>   Num examples = 5540
[INFO|trainer.py:2912] 2025-06-23 16:47:45,186 >>   Batch size = 100
{'max_accuracy': np.float64(90.61), 'median_accuracy': np.float64(84.66), 'mean_accuracy': np.float64(85.23), 'min_accuracy': np.float64(81.95), 'std_accuracy': np.float64(2.49), 'avg_ensemble_accuracy': 85.56, 'vote_ensemble_accuracy': 85.92}
[INFO|trainer.py:2907] 2025-06-23 16:48:12,658 >> ***** Running Evaluation *****
[INFO|trainer.py:2909] 2025-06-23 16:48:12,658 >>   Num examples = 5540
[INFO|trainer.py:2912] 2025-06-23 16:48:12,658 >>   Batch size = 100
{'max_accuracy': np.float64(90.61), 'median_accuracy': np.float64(84.66), 'mean_accuracy': np.float64(85.23), 'min_accuracy': np.float64(81.95), 'std_accuracy': np.float64(2.49), 'avg_ensemble_accuracy': 85.56, 'vote_ensemble_accuracy': 85.92}
{'max_accuracy': np.float64(90.61), 'median_accuracy': np.float64(84.66), 'mean_accuracy': np.float64(85.23), 'min_accuracy': np.float64(81.95), 'std_accuracy': np.float64(2.49), 'avg_ensemble_accuracy': 85.56, 'vote_ensemble_accuracy': 85.92}
{'max_accuracy': np.float64(90.61), 'median_accuracy': np.float64(84.66), 'mean_accuracy': np.float64(85.23), 'min_accuracy': np.float64(81.95), 'std_accuracy': np.float64(2.49), 'avg_ensemble_accuracy': 85.56, 'vote_ensemble_accuracy': 85.92}
{'max_accuracy': np.float64(90.61), 'median_accuracy': np.float64(84.66), 'mean_accuracy': np.float64(85.23), 'min_accuracy': np.float64(81.95), 'std_accuracy': np.float64(2.49), 'avg_ensemble_accuracy': 85.56, 'vote_ensemble_accuracy': 85.92}
{'max_accuracy': np.float64(90.61), 'median_accuracy': np.float64(84.66), 'mean_accuracy': np.float64(85.23), 'min_accuracy': np.float64(81.95), 'std_accuracy': np.float64(2.49), 'avg_ensemble_accuracy': 85.56, 'vote_ensemble_accuracy': 85.92}
{'max_accuracy': np.float64(90.61), 'median_accuracy': np.float64(84.66), 'mean_accuracy': np.float64(85.23), 'min_accuracy': np.float64(81.95), 'std_accuracy': np.float64(2.49), 'avg_ensemble_accuracy': 85.56, 'vote_ensemble_accuracy': 85.92}
all entropy: 0.653997573824967 0.6617933207764413 0.6821526908806048 0.6810494166250649 0.69298426068761 0.6930885314445381 0.6851431626922719 0.6810494166250649 0.6429795215301972 0.6560306638491367
all entropy: 0.653997573824967 0.6617933207764413 0.6821526908806048 0.6810494166250649 0.69298426068761 0.6930885314445381 0.6851431626922719 0.6810494166250649 0.6429795215301972 0.6560306638491367
avg entropy: 0.6730268558935897
all entropy: 0.653997573824967 0.6617933207764413 0.6821526908806048 0.6810494166250649 0.69298426068761 0.6930885314445381 0.6851431626922719 0.6810494166250649 0.6429795215301972 0.6560306638491367avg cont entropy: 0.6836981804798223

all entropy: 0.653997573824967 0.6617933207764413 0.6821526908806048 0.6810494166250649 0.69298426068761 0.6930885314445381 0.6851431626922719 0.6810494166250649 0.6429795215301972 0.6560306638491367delta all entropy: 0.0 0.0 0.0 -0.00110327425553991 -0.00015640341720002393 0.00010427075692809318 0.0009437091169546274 0.0011566935815418011 0.0 0.0
delta avg entropy: 9.449957826845878e-05
avg entropy: 0.6730268558935897

avg cont entropy: 0.6836981804798223
avg entropy: 0.6730268558935897
avg cont entropy: 0.6836981804798223delta all entropy: 0.0 0.0 0.0 -0.00110327425553991 -0.00015640341720002393 0.00010427075692809318 0.0009437091169546274 0.0011566935815418011 0.0 0.0

delta avg entropy: 9.449957826845878e-05
delta all entropy: 0.0 0.0 0.0 -0.00110327425553991 -0.00015640341720002393 0.00010427075692809318 0.0009437091169546274 0.0011566935815418011 0.0 0.0
delta avg entropy: 9.449957826845878e-05
avg entropy: 0.6730268558935897
all entropy: 0.653997573824967 0.6617933207764413 0.6821526908806048 0.6810494166250649 0.69298426068761 0.6930885314445381 0.6851431626922719 0.6810494166250649 0.6429795215301972 0.6560306638491367
avg entropy: 0.6730268558935897
avg cont entropy: 0.6836981804798223
delta all entropy: 0.0 0.0 0.0 -0.00110327425553991 -0.00015640341720002393 0.00010427075692809318 0.0009437091169546274 0.0011566935815418011 0.0 0.0
delta avg entropy: 9.449957826845878e-05
avg cont entropy: 0.6836981804798223
delta all entropy: 0.0 0.0 0.0 -0.00110327425553991 -0.00015640341720002393 0.00010427075692809318 0.0009437091169546274 0.0011566935815418011 0.0 0.0
delta avg entropy: 9.449957826845878e-05
all entropy: 0.653997573824967 0.6617933207764413 0.6821526908806048 0.6810494166250649 0.69298426068761 0.6930885314445381 0.6851431626922719 0.6810494166250649 0.6429795215301972 0.6560306638491367
avg entropy: 0.6730268558935897
avg cont entropy: 0.6836981804798223
delta all entropy: 0.0 0.0 0.0 -0.00110327425553991 -0.00015640341720002393 0.00010427075692809318 0.0009437091169546274 0.0011566935815418011 0.0 0.0
delta avg entropy: 9.449957826845878e-05
all entropy: 0.653997573824967 0.6617933207764413 0.6821526908806048 0.6810494166250649 0.69298426068761 0.6930885314445381 0.6851431626922719 0.6810494166250649 0.6429795215301972 0.6560306638491367
avg entropy: 0.6730268558935897
avg cont entropy: 0.6836981804798223
delta all entropy: 0.0 0.0 0.0 -0.00110327425553991 -0.00015640341720002393 0.00010427075692809318 0.0009437091169546274 0.0011566935815418011 0.0 0.0
delta avg entropy: 9.449957826845878e-05
{'loss': 0.0135, 'learning_rate': 1.756777777777778e-05, 'epoch': 21.0}
{'loss': 0.0131, 'learning_rate': 1.7346666666666668e-05, 'epoch': 22.0}
{'loss': 0.0128, 'learning_rate': 1.712555555555556e-05, 'epoch': 23.0}
{'loss': 0.0134, 'learning_rate': 1.6904444444444446e-05, 'epoch': 24.0}
{'loss': 0.0137, 'learning_rate': 1.6683333333333337e-05, 'epoch': 25.0}
[INFO|trainer.py:2907] 2025-06-23 16:53:22,483 >> ***** Running Evaluation *****
[INFO|trainer.py:2909] 2025-06-23 16:53:22,484 >>   Num examples = 5540
[INFO|trainer.py:2912] 2025-06-23 16:53:22,484 >>   Batch size = 100
{'max_accuracy': np.float64(90.61), 'median_accuracy': np.float64(84.66), 'mean_accuracy': np.float64(85.13), 'min_accuracy': np.float64(81.95), 'std_accuracy': np.float64(2.56), 'avg_ensemble_accuracy': 85.92, 'vote_ensemble_accuracy': 85.92}
{'max_accuracy': np.float64(90.61), 'median_accuracy': np.float64(84.66), 'mean_accuracy': np.float64(85.13), 'min_accuracy': np.float64(81.95), 'std_accuracy': np.float64(2.56), 'avg_ensemble_accuracy': 85.92, 'vote_ensemble_accuracy': 85.92}
{'max_accuracy': np.float64(90.61), 'median_accuracy': np.float64(84.66), 'mean_accuracy': np.float64(85.13), 'min_accuracy': np.float64(81.95), 'std_accuracy': np.float64(2.56), 'avg_ensemble_accuracy': 85.92, 'vote_ensemble_accuracy': 85.92}
{'max_accuracy': np.float64(90.61), 'median_accuracy': np.float64(84.66), 'mean_accuracy': np.float64(85.13), 'min_accuracy': np.float64(81.95), 'std_accuracy': np.float64(2.56), 'avg_ensemble_accuracy': 85.92, 'vote_ensemble_accuracy': 85.92}
[INFO|trainer.py:2907] 2025-06-23 16:53:50,332 >> ***** Running Evaluation *****
[INFO|trainer.py:2909] 2025-06-23 16:53:50,333 >>   Num examples = 5540
[INFO|trainer.py:2912] 2025-06-23 16:53:50,333 >>   Batch size = 100
{'max_accuracy': np.float64(90.61), 'median_accuracy': np.float64(84.66), 'mean_accuracy': np.float64(85.13), 'min_accuracy': np.float64(81.95), 'std_accuracy': np.float64(2.56), 'avg_ensemble_accuracy': 85.92, 'vote_ensemble_accuracy': 85.92}
{'max_accuracy': np.float64(90.61), 'median_accuracy': np.float64(84.66), 'mean_accuracy': np.float64(85.13), 'min_accuracy': np.float64(81.95), 'std_accuracy': np.float64(2.56), 'avg_ensemble_accuracy': 85.92, 'vote_ensemble_accuracy': 85.92}
{'max_accuracy': np.float64(90.61), 'median_accuracy': np.float64(84.66), 'mean_accuracy': np.float64(85.13), 'min_accuracy': np.float64(81.95), 'std_accuracy': np.float64(2.56), 'avg_ensemble_accuracy': 85.92, 'vote_ensemble_accuracy': 85.92}
all entropy: 0.6519079859154411 0.6617933207764413 0.6832026653984116 0.6821526908806048 0.6926192559325051 0.6930885314445381 0.6860338939853872 0.6810494166250649 0.6429795215301972 0.6580074975533652all entropy: 0.6519079859154411 0.6617933207764413 0.6832026653984116 0.6821526908806048 0.6926192559325051 0.6930885314445381 0.6860338939853872 0.6810494166250649 0.6429795215301972 0.6580074975533652
avg entropy: 0.6732834780041956
avg cont entropy: 0.6840219555362961
delta all entropy: -0.0020895879095259584 0.0 0.001049974517806751 0.0 -0.0005214081723049491 0.00010427075692809318 0.0018344404100698597 0.0011566935815418011 0.0 0.00197683370422852
delta avg entropy: 0.00035112168887441175
all entropy: 0.6519079859154411 0.6617933207764413 0.6832026653984116 0.6821526908806048 0.6926192559325051 0.6930885314445381 0.6860338939853872 0.6810494166250649 0.6429795215301972 0.6580074975533652
avg entropy: 0.6732834780041956
avg cont entropy: 0.6840219555362961
delta all entropy: -0.0020895879095259584 0.0 0.001049974517806751 0.0 -0.0005214081723049491 0.00010427075692809318 0.0018344404100698597 0.0011566935815418011 0.0 0.00197683370422852
delta avg entropy: 0.00035112168887441175
all entropy: 0.6519079859154411 0.6617933207764413 0.6832026653984116 0.6821526908806048 0.6926192559325051 0.6930885314445381 0.6860338939853872 0.6810494166250649 0.6429795215301972 0.6580074975533652
all entropy: 0.6519079859154411 0.6617933207764413 0.6832026653984116 0.6821526908806048 0.6926192559325051 0.6930885314445381 0.6860338939853872 0.6810494166250649 0.6429795215301972 0.6580074975533652avg entropy: 0.6732834780041956
avg cont entropy: 0.6840219555362961

delta all entropy: -0.0020895879095259584 0.0 0.001049974517806751 0.0 -0.0005214081723049491 0.00010427075692809318 0.0018344404100698597 0.0011566935815418011 0.0 0.00197683370422852
delta avg entropy: 0.00035112168887441175
avg entropy: 0.6732834780041956
avg cont entropy: 0.6840219555362961
delta all entropy: -0.0020895879095259584 0.0 0.001049974517806751 0.0 -0.0005214081723049491 0.00010427075692809318 0.0018344404100698597 0.0011566935815418011 0.0 0.00197683370422852
delta avg entropy: 0.00035112168887441175

avg entropy: 0.6732834780041956
all entropy: 0.6519079859154411 0.6617933207764413 0.6832026653984116 0.6821526908806048 0.6926192559325051 0.6930885314445381 0.6860338939853872 0.6810494166250649 0.6429795215301972 0.6580074975533652
avg entropy: 0.6732834780041956
