[2025-06-23 18:20:45,996] [INFO] [config.py:925:print]   zero_config .................. stage=2 contiguous_gradients=True reduce_scatter=True reduce_bucket_size=200000000 use_multi_rank_bucket_allreduce=True allgather_partitions=True allgather_bucket_size=200000000 overlap_comm=True load_from_fp32_weights=True elastic_checkpoint=False offload_param=None offload_optimizer=DeepSpeedZeroOffloadOptimizerConfig(device='cpu', nvme_path=None, buffer_count=4, pin_memory=True, pipeline_read=False, pipeline_write=False, fast_init=False, ratio=1.0) sub_group_size=1000000000 cpu_offload_param=None cpu_offload_use_pin_memory=None cpu_offload=None prefetch_bucket_size=50000000 param_persistence_threshold=100000 model_persistence_threshold=9223372036854775807 max_live_parameters=1000000000 max_reuse_distance=1000000000 gather_16bit_weights_on_model_save=False module_granularity_threshold=0 use_all_reduce_for_fetch_params=False stage3_gather_fp16_weights_on_model_save=False ignore_unused_parameters=True legacy_stage1=False round_robin_gradients=False zero_hpz_partition_size=1 zero_quantized_weights=False zero_quantized_nontrainable_weights=False zero_quantized_gradients=False zeropp_loco_param=None mics_shard_size=-1 mics_hierarchical_params_gather=False memory_efficient_linear=True pipeline_loading_checkpoint=False override_module_apply=True log_trace_cache_warnings=False
[2025-06-23 18:20:45,996] [INFO] [config.py:925:print]   zero_enabled ................. True
[2025-06-23 18:20:45,996] [INFO] [config.py:925:print]   zero_force_ds_cpu_optimizer .. False
[2025-06-23 18:20:45,996] [INFO] [config.py:925:print]   zero_optimization_stage ...... 2
[2025-06-23 18:20:45,996] [INFO] [config.py:911:print_user_config]   json = {
    "bfloat16": {
        "enabled": true
    }, 
    "fp16": {
        "enabled": false, 
        "loss_scale": 0, 
        "loss_scale_window": 1000, 
        "hysteresis": 2, 
        "min_loss_scale": 1
    }, 
    "zero_optimization": {
        "stage": 2, 
        "offload_optimizer": {
            "device": "cpu", 
            "pin_memory": true
        }, 
        "allgather_partitions": true, 
        "allgather_bucket_size": 2.000000e+08, 
        "overlap_comm": true, 
        "reduce_scatter": true, 
        "reduce_bucket_size": 2.000000e+08, 
        "contiguous_gradients": true
    }, 
    "zero_allow_untested_optimizer": true, 
    "zero_force_ds_cpu_optimizer": false, 
    "gradient_accumulation_steps": 4, 
    "gradient_clipping": 1.0, 
    "steps_per_print": 2.000000e+03, 
    "train_batch_size": 28, 
    "train_micro_batch_size_per_gpu": 1, 
    "wall_clock_breakdown": false
}
run dev evaluation first to collect initial predictions
[INFO|trainer.py:2907] 2025-06-23 18:20:45,997 >> ***** Running Evaluation *****
[INFO|trainer.py:2909] 2025-06-23 18:20:45,997 >>   Num examples = 5540
[INFO|trainer.py:2912] 2025-06-23 18:20:45,997 >>   Batch size = 100
bosco:1948867:1948867 [0] NCCL INFO Comm config Blocking set to 1
bosco:1948867:1952696 [0] NCCL INFO Using network Socket
bosco:1948867:1952696 [0] NCCL INFO ncclCommInitRankConfig comm 0x55eaef19bf20 rank 0 nranks 7 cudaDev 0 nvmlDev 0 busId 2d000 commId 0x3708641410309354 - Init START
bosco:1948872:1948872 [5] NCCL INFO Comm config Blocking set to 1
bosco:1948871:1948871 [4] NCCL INFO Comm config Blocking set to 1
bosco:1948868:1948868 [1] NCCL INFO Comm config Blocking set to 1
bosco:1948869:1948869 [2] NCCL INFO Comm config Blocking set to 1
bosco:1948870:1948870 [3] NCCL INFO Comm config Blocking set to 1
bosco:1948871:1952698 [4] NCCL INFO Using network Socket
bosco:1948872:1952697 [5] NCCL INFO Using network Socket
bosco:1948868:1952699 [1] NCCL INFO Using network Socket
bosco:1948871:1952698 [4] NCCL INFO ncclCommInitRankConfig comm 0x55da1e4d1500 rank 4 nranks 7 cudaDev 4 nvmlDev 4 busId ad000 commId 0x3708641410309354 - Init START
bosco:1948869:1952700 [2] NCCL INFO Using network Socket
bosco:1948870:1952701 [3] NCCL INFO Using network Socket
bosco:1948872:1952697 [5] NCCL INFO ncclCommInitRankConfig comm 0x559427c97290 rank 5 nranks 7 cudaDev 5 nvmlDev 5 busId ae000 commId 0x3708641410309354 - Init START
bosco:1948868:1952699 [1] NCCL INFO ncclCommInitRankConfig comm 0x563823b6a150 rank 1 nranks 7 cudaDev 1 nvmlDev 1 busId 3a000 commId 0x3708641410309354 - Init START
bosco:1948870:1952701 [3] NCCL INFO ncclCommInitRankConfig comm 0x55c946db9410 rank 3 nranks 7 cudaDev 3 nvmlDev 3 busId 3c000 commId 0x3708641410309354 - Init START
bosco:1948869:1952700 [2] NCCL INFO ncclCommInitRankConfig comm 0x55de7e7f4b90 rank 2 nranks 7 cudaDev 2 nvmlDev 2 busId 3b000 commId 0x3708641410309354 - Init START
bosco:1948873:1948873 [6] NCCL INFO Comm config Blocking set to 1
bosco:1948873:1952702 [6] NCCL INFO Using network Socket
bosco:1948873:1952702 [6] NCCL INFO ncclCommInitRankConfig comm 0x55ef34271710 rank 6 nranks 7 cudaDev 6 nvmlDev 6 busId bd000 commId 0x3708641410309354 - Init START
bosco:1948868:1952699 [1] NCCL INFO Bootstrap timings total 0.280487 (create 0.000037, send 0.000162, recv 0.000629, ring 0.279488, delay 0.000000)
bosco:1948872:1952697 [5] NCCL INFO Bootstrap timings total 0.280607 (create 0.000037, send 0.000169, recv 0.280092, ring 0.000158, delay 0.000000)
bosco:1948871:1952698 [4] NCCL INFO Bootstrap timings total 0.281721 (create 0.000024, send 0.000120, recv 0.001536, ring 0.279543, delay 0.000000)
bosco:1948867:1952696 [0] NCCL INFO Bootstrap timings total 0.283223 (create 0.000040, send 0.000181, recv 0.003080, ring 0.002137, delay 0.000000)
bosco:1948873:1952702 [6] NCCL INFO Bootstrap timings total 0.002906 (create 0.000035, send 0.000152, recv 0.000401, ring 0.000141, delay 0.000000)
bosco:1948870:1952701 [3] NCCL INFO Bootstrap timings total 0.280295 (create 0.000036, send 0.000164, recv 0.000318, ring 0.279411, delay 0.000000)
bosco:1948869:1952700 [2] NCCL INFO Bootstrap timings total 0.280283 (create 0.000036, send 0.000161, recv 0.000471, ring 0.279379, delay 0.000000)
bosco:1948871:1952698 [4] NCCL INFO Setting affinity for GPU 4 to ffffffff,ffffff00,00000000,0000ffff,ffffffff,ff000000,00000000
bosco:1948871:1952698 [4] NCCL INFO NVLS multicast support is not available on dev 4
bosco:1948869:1952700 [2] NCCL INFO Setting affinity for GPU 2 to ff,ffffffff,ffff0000,00000000,00ffffff,ffffffff
bosco:1948869:1952700 [2] NCCL INFO NVLS multicast support is not available on dev 2
bosco:1948870:1952701 [3] NCCL INFO Setting affinity for GPU 3 to ff,ffffffff,ffff0000,00000000,00ffffff,ffffffff
bosco:1948870:1952701 [3] NCCL INFO NVLS multicast support is not available on dev 3
bosco:1948872:1952697 [5] NCCL INFO Setting affinity for GPU 5 to ffffffff,ffffff00,00000000,0000ffff,ffffffff,ff000000,00000000
bosco:1948872:1952697 [5] NCCL INFO NVLS multicast support is not available on dev 5
bosco:1948868:1952699 [1] NCCL INFO Setting affinity for GPU 1 to ff,ffffffff,ffff0000,00000000,00ffffff,ffffffff
bosco:1948868:1952699 [1] NCCL INFO NVLS multicast support is not available on dev 1
bosco:1948867:1952696 [0] NCCL INFO Setting affinity for GPU 0 to ff,ffffffff,ffff0000,00000000,00ffffff,ffffffff
bosco:1948867:1952696 [0] NCCL INFO NVLS multicast support is not available on dev 0
bosco:1948873:1952702 [6] NCCL INFO Setting affinity for GPU 6 to ffffffff,ffffff00,00000000,0000ffff,ffffffff,ff000000,00000000
bosco:1948873:1952702 [6] NCCL INFO NVLS multicast support is not available on dev 6
bosco:1948871:1952698 [4] NCCL INFO comm 0x55da1e4d1500 rank 4 nRanks 7 nNodes 1 localRanks 7 localRank 4 MNNVL 0
bosco:1948870:1952701 [3] NCCL INFO comm 0x55c946db9410 rank 3 nRanks 7 nNodes 1 localRanks 7 localRank 3 MNNVL 0
bosco:1948872:1952697 [5] NCCL INFO comm 0x559427c97290 rank 5 nRanks 7 nNodes 1 localRanks 7 localRank 5 MNNVL 0
bosco:1948873:1952702 [6] NCCL INFO comm 0x55ef34271710 rank 6 nRanks 7 nNodes 1 localRanks 7 localRank 6 MNNVL 0
bosco:1948869:1952700 [2] NCCL INFO comm 0x55de7e7f4b90 rank 2 nRanks 7 nNodes 1 localRanks 7 localRank 2 MNNVL 0
bosco:1948871:1952698 [4] NCCL INFO Trees [0] 5/-1/-1->4->2 [1] 5/-1/-1->4->2 [2] 5/-1/-1->4->2 [3] 5/-1/-1->4->2
bosco:1948867:1952696 [0] NCCL INFO comm 0x55eaef19bf20 rank 0 nRanks 7 nNodes 1 localRanks 7 localRank 0 MNNVL 0
bosco:1948871:1952698 [4] NCCL INFO P2P Chunksize set to 131072
bosco:1948869:1952700 [2] NCCL INFO Trees [0] 4/-1/-1->2->1 [1] 4/-1/-1->2->1 [2] 4/-1/-1->2->1 [3] 4/-1/-1->2->1
bosco:1948870:1952701 [3] NCCL INFO Trees [0] -1/-1/-1->3->6 [1] -1/-1/-1->3->6 [2] -1/-1/-1->3->6 [3] -1/-1/-1->3->6
bosco:1948868:1952699 [1] NCCL INFO comm 0x563823b6a150 rank 1 nRanks 7 nNodes 1 localRanks 7 localRank 1 MNNVL 0
bosco:1948869:1952700 [2] NCCL INFO P2P Chunksize set to 131072
bosco:1948870:1952701 [3] NCCL INFO P2P Chunksize set to 131072
bosco:1948867:1952696 [0] NCCL INFO Channel 00/04 : 0 1 2 4 5 6 3
bosco:1948872:1952697 [5] NCCL INFO Trees [0] 6/-1/-1->5->4 [1] 6/-1/-1->5->4 [2] 6/-1/-1->5->4 [3] 6/-1/-1->5->4
bosco:1948872:1952697 [5] NCCL INFO P2P Chunksize set to 131072
bosco:1948867:1952696 [0] NCCL INFO Channel 01/04 : 0 1 2 4 5 6 3
bosco:1948867:1952696 [0] NCCL INFO Channel 02/04 : 0 1 2 4 5 6 3
bosco:1948867:1952696 [0] NCCL INFO Channel 03/04 : 0 1 2 4 5 6 3
bosco:1948867:1952696 [0] NCCL INFO Trees [0] 1/-1/-1->0->-1 [1] 1/-1/-1->0->-1 [2] 1/-1/-1->0->-1 [3] 1/-1/-1->0->-1
bosco:1948867:1952696 [0] NCCL INFO P2P Chunksize set to 131072
bosco:1948868:1952699 [1] NCCL INFO Trees [0] 2/-1/-1->1->0 [1] 2/-1/-1->1->0 [2] 2/-1/-1->1->0 [3] 2/-1/-1->1->0
bosco:1948868:1952699 [1] NCCL INFO P2P Chunksize set to 131072
bosco:1948867:1952696 [0] NCCL INFO Check P2P Type intraNodeP2pSupport 0 directMode 0
bosco:1948873:1952702 [6] NCCL INFO Trees [0] 3/-1/-1->6->5 [1] 3/-1/-1->6->5 [2] 3/-1/-1->6->5 [3] 3/-1/-1->6->5
bosco:1948873:1952702 [6] NCCL INFO P2P Chunksize set to 131072
bosco:1948867:1952713 [0] NCCL INFO [Proxy Service UDS] Device 0 CPU core 147
bosco:1948871:1952703 [4] NCCL INFO [Proxy Service] Device 4 CPU core 72
bosco:1948867:1952705 [0] NCCL INFO [Proxy Service] Device 0 CPU core 34
bosco:1948871:1952708 [4] NCCL INFO [Proxy Service UDS] Device 4 CPU core 73
bosco:1948873:1952716 [6] NCCL INFO [Proxy Service UDS] Device 6 CPU core 60
bosco:1948872:1952714 [5] NCCL INFO [Proxy Service UDS] Device 5 CPU core 59
bosco:1948873:1952709 [6] NCCL INFO [Proxy Service] Device 6 CPU core 58
bosco:1948869:1952704 [2] NCCL INFO [Proxy Service] Device 2 CPU core 3
bosco:1948872:1952707 [5] NCCL INFO [Proxy Service] Device 5 CPU core 170
bosco:1948869:1952711 [2] NCCL INFO [Proxy Service UDS] Device 2 CPU core 119
bosco:1948868:1952710 [1] NCCL INFO [Proxy Service] Device 1 CPU core 7
bosco:1948868:1952715 [1] NCCL INFO [Proxy Service UDS] Device 1 CPU core 121
bosco:1948870:1952712 [3] NCCL INFO [Proxy Service UDS] Device 3 CPU core 120
bosco:1948870:1952706 [3] NCCL INFO [Proxy Service] Device 3 CPU core 5
bosco:1948872:1952697 [5] NCCL INFO threadThresholds 8/8/64 | 56/8/64 | 512 | 512
bosco:1948872:1952697 [5] NCCL INFO 4 coll channels, 4 collnet channels, 0 nvls channels, 4 p2p channels, 2 p2p channels per peer
bosco:1948871:1952698 [4] NCCL INFO threadThresholds 8/8/64 | 56/8/64 | 512 | 512
bosco:1948871:1952698 [4] NCCL INFO 4 coll channels, 4 collnet channels, 0 nvls channels, 4 p2p channels, 2 p2p channels per peer
bosco:1948870:1952701 [3] NCCL INFO threadThresholds 8/8/64 | 56/8/64 | 512 | 512
bosco:1948870:1952701 [3] NCCL INFO 4 coll channels, 4 collnet channels, 0 nvls channels, 4 p2p channels, 2 p2p channels per peer
bosco:1948873:1952702 [6] NCCL INFO threadThresholds 8/8/64 | 56/8/64 | 512 | 512
bosco:1948873:1952702 [6] NCCL INFO 4 coll channels, 4 collnet channels, 0 nvls channels, 4 p2p channels, 2 p2p channels per peer
bosco:1948869:1952700 [2] NCCL INFO threadThresholds 8/8/64 | 56/8/64 | 512 | 512
bosco:1948869:1952700 [2] NCCL INFO 4 coll channels, 4 collnet channels, 0 nvls channels, 4 p2p channels, 2 p2p channels per peer
bosco:1948868:1952699 [1] NCCL INFO threadThresholds 8/8/64 | 56/8/64 | 512 | 512
bosco:1948868:1952699 [1] NCCL INFO 4 coll channels, 4 collnet channels, 0 nvls channels, 4 p2p channels, 2 p2p channels per peer
bosco:1948867:1952696 [0] NCCL INFO threadThresholds 8/8/64 | 56/8/64 | 512 | 512
bosco:1948867:1952696 [0] NCCL INFO 4 coll channels, 4 collnet channels, 0 nvls channels, 4 p2p channels, 2 p2p channels per peer
bosco:1948867:1952696 [0] NCCL INFO CC Off, workFifoBytes 1048576
bosco:1948871:1952698 [4] NCCL INFO ncclCommInitRankConfig comm 0x55da1e4d1500 rank 4 nranks 7 cudaDev 4 nvmlDev 4 busId ad000 commId 0x3708641410309354 - Init COMPLETE
bosco:1948871:1952698 [4] NCCL INFO Init timings - ncclCommInitRankConfig: rank 4 nranks 7 total 0.42 (kernels 0.00, alloc 0.00, bootstrap 0.28, allgathers 0.06, topo 0.03, graphs 0.03, connections 0.01, rest 0.00)
bosco:1948869:1952700 [2] NCCL INFO ncclCommInitRankConfig comm 0x55de7e7f4b90 rank 2 nranks 7 cudaDev 2 nvmlDev 2 busId 3b000 commId 0x3708641410309354 - Init COMPLETE
bosco:1948869:1952700 [2] NCCL INFO Init timings - ncclCommInitRankConfig: rank 2 nranks 7 total 0.42 (kernels 0.00, alloc 0.00, bootstrap 0.28, allgathers 0.06, topo 0.03, graphs 0.03, connections 0.01, rest 0.00)
bosco:1948873:1952702 [6] NCCL INFO ncclCommInitRankConfig comm 0x55ef34271710 rank 6 nranks 7 cudaDev 6 nvmlDev 6 busId bd000 commId 0x3708641410309354 - Init COMPLETE
bosco:1948867:1952696 [0] NCCL INFO ncclCommInitRankConfig comm 0x55eaef19bf20 rank 0 nranks 7 cudaDev 0 nvmlDev 0 busId 2d000 commId 0x3708641410309354 - Init COMPLETE
bosco:1948873:1952702 [6] NCCL INFO Init timings - ncclCommInitRankConfig: rank 6 nranks 7 total 0.15 (kernels 0.00, alloc 0.00, bootstrap 0.00, allgathers 0.00, topo 0.03, graphs 0.09, connections 0.01, rest 0.00)
bosco:1948867:1952696 [0] NCCL INFO Init timings - ncclCommInitRankConfig: rank 0 nranks 7 total 0.43 (kernels 0.00, alloc 0.00, bootstrap 0.28, allgathers 0.03, topo 0.03, graphs 0.06, connections 0.01, rest 0.00)
bosco:1948870:1952701 [3] NCCL INFO ncclCommInitRankConfig comm 0x55c946db9410 rank 3 nranks 7 cudaDev 3 nvmlDev 3 busId 3c000 commId 0x3708641410309354 - Init COMPLETE
bosco:1948870:1952701 [3] NCCL INFO Init timings - ncclCommInitRankConfig: rank 3 nranks 7 total 0.42 (kernels 0.00, alloc 0.00, bootstrap 0.28, allgathers 0.04, topo 0.03, graphs 0.06, connections 0.01, rest 0.00)
bosco:1948872:1952697 [5] NCCL INFO ncclCommInitRankConfig comm 0x559427c97290 rank 5 nranks 7 cudaDev 5 nvmlDev 5 busId ae000 commId 0x3708641410309354 - Init COMPLETE
bosco:1948868:1952699 [1] NCCL INFO ncclCommInitRankConfig comm 0x563823b6a150 rank 1 nranks 7 cudaDev 1 nvmlDev 1 busId 3a000 commId 0x3708641410309354 - Init COMPLETE
bosco:1948872:1952697 [5] NCCL INFO Init timings - ncclCommInitRankConfig: rank 5 nranks 7 total 0.42 (kernels 0.00, alloc 0.00, bootstrap 0.28, allgathers 0.00, topo 0.03, graphs 0.09, connections 0.01, rest 0.00)
bosco:1948868:1952699 [1] NCCL INFO Init timings - ncclCommInitRankConfig: rank 1 nranks 7 total 0.42 (kernels 0.00, alloc 0.00, bootstrap 0.28, allgathers 0.03, topo 0.03, graphs 0.06, connections 0.01, rest 0.00)
bosco:1948871:1952718 [4] NCCL INFO Channel 00 : 4[4] -> 5[5] via SHM/direct/direct
bosco:1948867:1952720 [0] NCCL INFO Channel 00 : 0[0] -> 1[1] via SHM/direct/direct
bosco:1948867:1952720 [0] NCCL INFO Channel 01 : 0[0] -> 1[1] via SHM/direct/direct
bosco:1948871:1952718 [4] NCCL INFO Channel 01 : 4[4] -> 5[5] via SHM/direct/direct
bosco:1948867:1952720 [0] NCCL INFO Channel 02 : 0[0] -> 1[1] via SHM/direct/direct
bosco:1948867:1952720 [0] NCCL INFO Channel 03 : 0[0] -> 1[1] via SHM/direct/direct
bosco:1948871:1952718 [4] NCCL INFO Channel 02 : 4[4] -> 5[5] via SHM/direct/direct
bosco:1948871:1952718 [4] NCCL INFO Channel 03 : 4[4] -> 5[5] via SHM/direct/direct
bosco:1948872:1952721 [5] NCCL INFO Channel 00 : 5[5] -> 6[6] via SHM/direct/direct
bosco:1948870:1952719 [3] NCCL INFO Channel 00 : 3[3] -> 0[0] via SHM/direct/direct
bosco:1948868:1952722 [1] NCCL INFO Channel 00 : 1[1] -> 2[2] via SHM/direct/direct
bosco:1948872:1952721 [5] NCCL INFO Channel 01 : 5[5] -> 6[6] via SHM/direct/direct
bosco:1948872:1952721 [5] NCCL INFO Channel 02 : 5[5] -> 6[6] via SHM/direct/direct
bosco:1948868:1952722 [1] NCCL INFO Channel 01 : 1[1] -> 2[2] via SHM/direct/direct
bosco:1948870:1952719 [3] NCCL INFO Channel 01 : 3[3] -> 0[0] via SHM/direct/direct
bosco:1948870:1952719 [3] NCCL INFO Channel 02 : 3[3] -> 0[0] via SHM/direct/direct
bosco:1948868:1952722 [1] NCCL INFO Channel 02 : 1[1] -> 2[2] via SHM/direct/direct
bosco:1948872:1952721 [5] NCCL INFO Channel 03 : 5[5] -> 6[6] via SHM/direct/direct
bosco:1948868:1952722 [1] NCCL INFO Channel 03 : 1[1] -> 2[2] via SHM/direct/direct
bosco:1948873:1952717 [6] NCCL INFO Channel 00 : 6[6] -> 3[3] via SHM/direct/direct
bosco:1948870:1952719 [3] NCCL INFO Channel 03 : 3[3] -> 0[0] via SHM/direct/direct
bosco:1948873:1952717 [6] NCCL INFO Channel 01 : 6[6] -> 3[3] via SHM/direct/direct
bosco:1948869:1952723 [2] NCCL INFO Channel 00 : 2[2] -> 4[4] via SHM/direct/direct
bosco:1948873:1952717 [6] NCCL INFO Channel 02 : 6[6] -> 3[3] via SHM/direct/direct
bosco:1948869:1952723 [2] NCCL INFO Channel 01 : 2[2] -> 4[4] via SHM/direct/direct
bosco:1948873:1952717 [6] NCCL INFO Channel 03 : 6[6] -> 3[3] via SHM/direct/direct
bosco:1948869:1952723 [2] NCCL INFO Channel 02 : 2[2] -> 4[4] via SHM/direct/direct
bosco:1948869:1952723 [2] NCCL INFO Channel 03 : 2[2] -> 4[4] via SHM/direct/direct
bosco:1948870:1952719 [3] NCCL INFO Connected all rings, use ring PXN 0 GDR 1
bosco:1948869:1952723 [2] NCCL INFO Connected all rings, use ring PXN 0 GDR 1
bosco:1948868:1952722 [1] NCCL INFO Connected all rings, use ring PXN 0 GDR 1
bosco:1948867:1952720 [0] NCCL INFO Connected all rings, use ring PXN 0 GDR 1
bosco:1948873:1952717 [6] NCCL INFO Connected all rings, use ring PXN 0 GDR 1
bosco:1948872:1952721 [5] NCCL INFO Connected all rings, use ring PXN 0 GDR 1
bosco:1948871:1952718 [4] NCCL INFO Connected all rings, use ring PXN 0 GDR 1
finish collecting initial predictions before optimization
all entropy: 0.653997573824967 0.6617933207764413 0.6821526908806048 0.6821526908806048 0.69314066410481 0.69298426068761 0.6841994535753173 0.6798927230435231 0.6429795215301972 0.6560306638491367
avg entropy: 0.6729323563153212
avg cont entropy: 0.6836025318868095
finish collecting initial predictions before optimization
all entropy: 0.653997573824967 0.6617933207764413 0.6821526908806048 0.6821526908806048 0.69314066410481 0.69298426068761 0.6841994535753173 0.6798927230435231 0.6429795215301972 0.6560306638491367
avg entropy: 0.6729323563153212
avg cont entropy: 0.6836025318868095
finish collecting initial predictions before optimization
all entropy: 0.653997573824967 0.6617933207764413 0.6821526908806048 0.6821526908806048 0.69314066410481 0.69298426068761 0.6841994535753173 0.6798927230435231 0.6429795215301972 0.6560306638491367
avg entropy: 0.6729323563153212
avg cont entropy: 0.6836025318868095
finish collecting initial predictions before optimization
all entropy: 0.653997573824967 0.6617933207764413 0.6821526908806048 0.6821526908806048 0.69314066410481 0.69298426068761 0.6841994535753173 0.6798927230435231 0.6429795215301972 0.6560306638491367
avg entropy: 0.6729323563153212
avg cont entropy: 0.6836025318868095
finish collecting initial predictions before optimization
all entropy: 0.653997573824967 0.6617933207764413 0.6821526908806048 0.6821526908806048 0.69314066410481 0.69298426068761 0.6841994535753173 0.6798927230435231 0.6429795215301972 0.6560306638491367
avg entropy: 0.6729323563153212
avg cont entropy: 0.6836025318868095
finish collecting initial predictions before optimization
all entropy: 0.653997573824967 0.6617933207764413 0.6821526908806048 0.6821526908806048 0.69314066410481 0.69298426068761 0.6841994535753173 0.6798927230435231 0.6429795215301972 0.6560306638491367
avg entropy: 0.6729323563153212
avg cont entropy: 0.6836025318868095
finish collecting initial predictions before optimization
all entropy: 0.653997573824967 0.6617933207764413 0.6821526908806048 0.6821526908806048 0.69314066410481 0.69298426068761 0.6841994535753173 0.6798927230435231 0.6429795215301972 0.6560306638491367
avg entropy: 0.6729323563153212
avg cont entropy: 0.6836025318868095
[INFO|trainer.py:1740] 2025-06-23 18:21:13,019 >> ***** Running training *****
[INFO|trainer.py:1741] 2025-06-23 18:21:13,019 >>   Num examples = 277
[INFO|trainer.py:1742] 2025-06-23 18:21:13,019 >>   Num Epochs = 100
[INFO|trainer.py:1743] 2025-06-23 18:21:13,019 >>   Instantaneous batch size per device = 1
[INFO|trainer.py:1744] 2025-06-23 18:21:13,019 >>   Total train batch size (w. parallel, distributed & accumulation) = 28
[INFO|trainer.py:1745] 2025-06-23 18:21:13,019 >>   Gradient Accumulation steps = 4
[INFO|trainer.py:1746] 2025-06-23 18:21:13,019 >>   Total optimization steps = 1000
[INFO|integrations.py:502] 2025-06-23 18:21:13,021 >> Automatic Weights & Biases logging enabled, to disable set os.environ["WANDB_DISABLED"] = "true"
wandb: Currently logged in as: parsahejabi (parsahejabi-academic-team) to https://api.wandb.ai. Use `wandb login --relogin` to force relogin
wandb: Tracking run with wandb version 0.20.1
wandb: Run data is saved locally in /home/parsa/Codebases/GitHub_Repositories/swarm-distillation-zero-shot/exps_ttt/wandb/run-20250623_182113-d7bynzwx
wandb: Run `wandb offline` to turn off syncing.
wandb: Syncing run /home/parsa/Codebases/GitHub_Repositories/swarm-distillation-zero-shot/checkpoints/rte/11B_ttt_t0.train.source.validation.super_glue.rte.validation.T0pp.peft.lora.lora_alpha4.lora_drop0.3.bn1.pw1.0.np5.bsz1.ga4.lr2e-5.steps.1000_20250623
wandb:  View project at https://wandb.ai/parsahejabi-academic-team/swarm-distillation
wandb:  View run at https://wandb.ai/parsahejabi-academic-team/swarm-distillation/runs/d7bynzwx
{'loss': 0.0131, 'learning_rate': 2.0000000000000003e-06, 'epoch': 1.0}
[INFO|trainer.py:2655] 2025-06-23 18:22:12,090 >> Saving model checkpoint to /home/parsa/Codebases/GitHub_Repositories/swarm-distillation-zero-shot/checkpoints/rte/11B_ttt_t0.train.source.validation.super_glue.rte.validation.T0pp.peft.lora.lora_alpha4.lora_drop0.3.bn1.pw1.0.np5.bsz1.ga4.lr2e-5.steps.1000_20250623/checkpoint-10
/home/parsa/Codebases/GitHub_Repositories/swarm-distillation-zero-shot/venv/lib/python3.9/site-packages/torch/distributed/distributed_c10d.py:4631: UserWarning: No device id is provided via `init_process_group` or `barrier `. Using the current device set by the user. 
  warnings.warn(  # warn only once
/home/parsa/Codebases/GitHub_Repositories/swarm-distillation-zero-shot/venv/lib/python3.9/site-packages/torch/distributed/distributed_c10d.py:4631: UserWarning: No device id is provided via `init_process_group` or `barrier `. Using the current device set by the user. 
  warnings.warn(  # warn only once
/home/parsa/Codebases/GitHub_Repositories/swarm-distillation-zero-shot/venv/lib/python3.9/site-packages/torch/distributed/distributed_c10d.py:4631: UserWarning: No device id is provided via `init_process_group` or `barrier `. Using the current device set by the user. 
  warnings.warn(  # warn only once
/home/parsa/Codebases/GitHub_Repositories/swarm-distillation-zero-shot/venv/lib/python3.9/site-packages/torch/distributed/distributed_c10d.py:4631: UserWarning: No device id is provided via `init_process_group` or `barrier `. Using the current device set by the user. 
  warnings.warn(  # warn only once
[INFO|configuration_utils.py:425] 2025-06-23 18:22:12,091 >> Configuration saved in /home/parsa/Codebases/GitHub_Repositories/swarm-distillation-zero-shot/checkpoints/rte/11B_ttt_t0.train.source.validation.super_glue.rte.validation.T0pp.peft.lora.lora_alpha4.lora_drop0.3.bn1.pw1.0.np5.bsz1.ga4.lr2e-5.steps.1000_20250623/checkpoint-10/config.json
/home/parsa/Codebases/GitHub_Repositories/swarm-distillation-zero-shot/venv/lib/python3.9/site-packages/torch/distributed/distributed_c10d.py:4631: UserWarning: No device id is provided via `init_process_group` or `barrier `. Using the current device set by the user. 
  warnings.warn(  # warn only once
/home/parsa/Codebases/GitHub_Repositories/swarm-distillation-zero-shot/venv/lib/python3.9/site-packages/torch/distributed/distributed_c10d.py:4631: UserWarning: No device id is provided via `init_process_group` or `barrier `. Using the current device set by the user. 
  warnings.warn(  # warn only once
[INFO|modeling_utils.py:1070] 2025-06-23 18:22:39,907 >> Model weights saved in /home/parsa/Codebases/GitHub_Repositories/swarm-distillation-zero-shot/checkpoints/rte/11B_ttt_t0.train.source.validation.super_glue.rte.validation.T0pp.peft.lora.lora_alpha4.lora_drop0.3.bn1.pw1.0.np5.bsz1.ga4.lr2e-5.steps.1000_20250623/checkpoint-10/pytorch_model.bin
[INFO|tokenization_utils_base.py:2043] 2025-06-23 18:22:39,910 >> tokenizer config file saved in /home/parsa/Codebases/GitHub_Repositories/swarm-distillation-zero-shot/checkpoints/rte/11B_ttt_t0.train.source.validation.super_glue.rte.validation.T0pp.peft.lora.lora_alpha4.lora_drop0.3.bn1.pw1.0.np5.bsz1.ga4.lr2e-5.steps.1000_20250623/checkpoint-10/tokenizer_config.json
[INFO|tokenization_utils_base.py:2049] 2025-06-23 18:22:39,910 >> Special tokens file saved in /home/parsa/Codebases/GitHub_Repositories/swarm-distillation-zero-shot/checkpoints/rte/11B_ttt_t0.train.source.validation.super_glue.rte.validation.T0pp.peft.lora.lora_alpha4.lora_drop0.3.bn1.pw1.0.np5.bsz1.ga4.lr2e-5.steps.1000_20250623/checkpoint-10/special_tokens_map.json
[INFO|tokenization_t5_fast.py:159] 2025-06-23 18:22:39,937 >> Copy vocab file to /home/parsa/Codebases/GitHub_Repositories/swarm-distillation-zero-shot/checkpoints/rte/11B_ttt_t0.train.source.validation.super_glue.rte.validation.T0pp.peft.lora.lora_alpha4.lora_drop0.3.bn1.pw1.0.np5.bsz1.ga4.lr2e-5.steps.1000_20250623/checkpoint-10/spiece.model
/home/parsa/Codebases/GitHub_Repositories/swarm-distillation-zero-shot/venv/lib/python3.9/site-packages/torch/distributed/distributed_c10d.py:4631: UserWarning: No device id is provided via `init_process_group` or `barrier `. Using the current device set by the user. 
  warnings.warn(  # warn only once
[2025-06-23 18:22:39,942] [INFO] [logging.py:107:log_dist] [Rank 0] [Torch] Checkpoint global_step10 is begin to save!
[2025-06-23 18:22:50,637] [INFO] [logging.py:107:log_dist] [Rank 0] Saving model checkpoint: /home/parsa/Codebases/GitHub_Repositories/swarm-distillation-zero-shot/checkpoints/rte/11B_ttt_t0.train.source.validation.super_glue.rte.validation.T0pp.peft.lora.lora_alpha4.lora_drop0.3.bn1.pw1.0.np5.bsz1.ga4.lr2e-5.steps.1000_20250623/checkpoint-10/global_step10/mp_rank_00_model_states.pt
[2025-06-23 18:23:41,905] [INFO] [logging.py:107:log_dist] [Rank 0] [Torch] Checkpoint global_step10 is begin to save!
[2025-06-23 18:23:52,519] [INFO] [logging.py:107:log_dist] [Rank 0] Saving model checkpoint: /home/parsa/Codebases/GitHub_Repositories/swarm-distillation-zero-shot/checkpoints/rte/11B_ttt_t0.train.source.validation.super_glue.rte.validation.T0pp.peft.lora.lora_alpha4.lora_drop0.3.bn1.pw1.0.np5.bsz1.ga4.lr2e-5.steps.1000_20250623/checkpoint-10/global_step10/mp_rank_00_model_states.pt
{'loss': 0.0136, 'learning_rate': 4.000000000000001e-06, 'epoch': 2.0}
[INFO|trainer.py:2655] 2025-06-23 18:25:44,870 >> Saving model checkpoint to /home/parsa/Codebases/GitHub_Repositories/swarm-distillation-zero-shot/checkpoints/rte/11B_ttt_t0.train.source.validation.super_glue.rte.validation.T0pp.peft.lora.lora_alpha4.lora_drop0.3.bn1.pw1.0.np5.bsz1.ga4.lr2e-5.steps.1000_20250623/checkpoint-20
[INFO|configuration_utils.py:425] 2025-06-23 18:25:44,871 >> Configuration saved in /home/parsa/Codebases/GitHub_Repositories/swarm-distillation-zero-shot/checkpoints/rte/11B_ttt_t0.train.source.validation.super_glue.rte.validation.T0pp.peft.lora.lora_alpha4.lora_drop0.3.bn1.pw1.0.np5.bsz1.ga4.lr2e-5.steps.1000_20250623/checkpoint-20/config.json
[INFO|modeling_utils.py:1070] 2025-06-23 18:26:11,352 >> Model weights saved in /home/parsa/Codebases/GitHub_Repositories/swarm-distillation-zero-shot/checkpoints/rte/11B_ttt_t0.train.source.validation.super_glue.rte.validation.T0pp.peft.lora.lora_alpha4.lora_drop0.3.bn1.pw1.0.np5.bsz1.ga4.lr2e-5.steps.1000_20250623/checkpoint-20/pytorch_model.bin
[INFO|tokenization_utils_base.py:2043] 2025-06-23 18:26:11,355 >> tokenizer config file saved in /home/parsa/Codebases/GitHub_Repositories/swarm-distillation-zero-shot/checkpoints/rte/11B_ttt_t0.train.source.validation.super_glue.rte.validation.T0pp.peft.lora.lora_alpha4.lora_drop0.3.bn1.pw1.0.np5.bsz1.ga4.lr2e-5.steps.1000_20250623/checkpoint-20/tokenizer_config.json
[INFO|tokenization_utils_base.py:2049] 2025-06-23 18:26:11,356 >> Special tokens file saved in /home/parsa/Codebases/GitHub_Repositories/swarm-distillation-zero-shot/checkpoints/rte/11B_ttt_t0.train.source.validation.super_glue.rte.validation.T0pp.peft.lora.lora_alpha4.lora_drop0.3.bn1.pw1.0.np5.bsz1.ga4.lr2e-5.steps.1000_20250623/checkpoint-20/special_tokens_map.json
[INFO|tokenization_t5_fast.py:159] 2025-06-23 18:26:11,383 >> Copy vocab file to /home/parsa/Codebases/GitHub_Repositories/swarm-distillation-zero-shot/checkpoints/rte/11B_ttt_t0.train.source.validation.super_glue.rte.validation.T0pp.peft.lora.lora_alpha4.lora_drop0.3.bn1.pw1.0.np5.bsz1.ga4.lr2e-5.steps.1000_20250623/checkpoint-20/spiece.model
[2025-06-23 18:26:11,387] [INFO] [logging.py:107:log_dist] [Rank 0] [Torch] Checkpoint global_step20 is begin to save!
[2025-06-23 18:26:21,999] [INFO] [logging.py:107:log_dist] [Rank 0] Saving model checkpoint: /home/parsa/Codebases/GitHub_Repositories/swarm-distillation-zero-shot/checkpoints/rte/11B_ttt_t0.train.source.validation.super_glue.rte.validation.T0pp.peft.lora.lora_alpha4.lora_drop0.3.bn1.pw1.0.np5.bsz1.ga4.lr2e-5.steps.1000_20250623/checkpoint-20/global_step20/mp_rank_00_model_states.pt
[2025-06-23 18:27:15,640] [INFO] [logging.py:107:log_dist] [Rank 0] [Torch] Checkpoint global_step20 is begin to save!
[2025-06-23 18:27:26,335] [INFO] [logging.py:107:log_dist] [Rank 0] Saving model checkpoint: /home/parsa/Codebases/GitHub_Repositories/swarm-distillation-zero-shot/checkpoints/rte/11B_ttt_t0.train.source.validation.super_glue.rte.validation.T0pp.peft.lora.lora_alpha4.lora_drop0.3.bn1.pw1.0.np5.bsz1.ga4.lr2e-5.steps.1000_20250623/checkpoint-20/global_step20/mp_rank_00_model_states.pt
{'loss': 0.0135, 'learning_rate': 6e-06, 'epoch': 3.0}
[INFO|trainer.py:2655] 2025-06-23 18:29:24,914 >> Saving model checkpoint to /home/parsa/Codebases/GitHub_Repositories/swarm-distillation-zero-shot/checkpoints/rte/11B_ttt_t0.train.source.validation.super_glue.rte.validation.T0pp.peft.lora.lora_alpha4.lora_drop0.3.bn1.pw1.0.np5.bsz1.ga4.lr2e-5.steps.1000_20250623/checkpoint-30
[INFO|configuration_utils.py:425] 2025-06-23 18:29:24,916 >> Configuration saved in /home/parsa/Codebases/GitHub_Repositories/swarm-distillation-zero-shot/checkpoints/rte/11B_ttt_t0.train.source.validation.super_glue.rte.validation.T0pp.peft.lora.lora_alpha4.lora_drop0.3.bn1.pw1.0.np5.bsz1.ga4.lr2e-5.steps.1000_20250623/checkpoint-30/config.json
[INFO|modeling_utils.py:1070] 2025-06-23 18:29:51,498 >> Model weights saved in /home/parsa/Codebases/GitHub_Repositories/swarm-distillation-zero-shot/checkpoints/rte/11B_ttt_t0.train.source.validation.super_glue.rte.validation.T0pp.peft.lora.lora_alpha4.lora_drop0.3.bn1.pw1.0.np5.bsz1.ga4.lr2e-5.steps.1000_20250623/checkpoint-30/pytorch_model.bin
[INFO|tokenization_utils_base.py:2043] 2025-06-23 18:29:51,501 >> tokenizer config file saved in /home/parsa/Codebases/GitHub_Repositories/swarm-distillation-zero-shot/checkpoints/rte/11B_ttt_t0.train.source.validation.super_glue.rte.validation.T0pp.peft.lora.lora_alpha4.lora_drop0.3.bn1.pw1.0.np5.bsz1.ga4.lr2e-5.steps.1000_20250623/checkpoint-30/tokenizer_config.json
[INFO|tokenization_utils_base.py:2049] 2025-06-23 18:29:51,501 >> Special tokens file saved in /home/parsa/Codebases/GitHub_Repositories/swarm-distillation-zero-shot/checkpoints/rte/11B_ttt_t0.train.source.validation.super_glue.rte.validation.T0pp.peft.lora.lora_alpha4.lora_drop0.3.bn1.pw1.0.np5.bsz1.ga4.lr2e-5.steps.1000_20250623/checkpoint-30/special_tokens_map.json
[INFO|tokenization_t5_fast.py:159] 2025-06-23 18:29:51,529 >> Copy vocab file to /home/parsa/Codebases/GitHub_Repositories/swarm-distillation-zero-shot/checkpoints/rte/11B_ttt_t0.train.source.validation.super_glue.rte.validation.T0pp.peft.lora.lora_alpha4.lora_drop0.3.bn1.pw1.0.np5.bsz1.ga4.lr2e-5.steps.1000_20250623/checkpoint-30/spiece.model
[2025-06-23 18:29:51,534] [INFO] [logging.py:107:log_dist] [Rank 0] [Torch] Checkpoint global_step30 is begin to save!
[2025-06-23 18:30:02,295] [INFO] [logging.py:107:log_dist] [Rank 0] Saving model checkpoint: /home/parsa/Codebases/GitHub_Repositories/swarm-distillation-zero-shot/checkpoints/rte/11B_ttt_t0.train.source.validation.super_glue.rte.validation.T0pp.peft.lora.lora_alpha4.lora_drop0.3.bn1.pw1.0.np5.bsz1.ga4.lr2e-5.steps.1000_20250623/checkpoint-30/global_step30/mp_rank_00_model_states.pt
[2025-06-23 18:30:52,437] [INFO] [logging.py:107:log_dist] [Rank 0] [Torch] Checkpoint global_step30 is begin to save!
[2025-06-23 18:31:03,126] [INFO] [logging.py:107:log_dist] [Rank 0] Saving model checkpoint: /home/parsa/Codebases/GitHub_Repositories/swarm-distillation-zero-shot/checkpoints/rte/11B_ttt_t0.train.source.validation.super_glue.rte.validation.T0pp.peft.lora.lora_alpha4.lora_drop0.3.bn1.pw1.0.np5.bsz1.ga4.lr2e-5.steps.1000_20250623/checkpoint-30/global_step30/mp_rank_00_model_states.pt
{'loss': 0.0145, 'learning_rate': 8.000000000000001e-06, 'epoch': 4.0}
[INFO|trainer.py:2655] 2025-06-23 18:32:56,821 >> Saving model checkpoint to /home/parsa/Codebases/GitHub_Repositories/swarm-distillation-zero-shot/checkpoints/rte/11B_ttt_t0.train.source.validation.super_glue.rte.validation.T0pp.peft.lora.lora_alpha4.lora_drop0.3.bn1.pw1.0.np5.bsz1.ga4.lr2e-5.steps.1000_20250623/checkpoint-40
[INFO|configuration_utils.py:425] 2025-06-23 18:32:56,822 >> Configuration saved in /home/parsa/Codebases/GitHub_Repositories/swarm-distillation-zero-shot/checkpoints/rte/11B_ttt_t0.train.source.validation.super_glue.rte.validation.T0pp.peft.lora.lora_alpha4.lora_drop0.3.bn1.pw1.0.np5.bsz1.ga4.lr2e-5.steps.1000_20250623/checkpoint-40/config.json
[INFO|modeling_utils.py:1070] 2025-06-23 18:33:23,489 >> Model weights saved in /home/parsa/Codebases/GitHub_Repositories/swarm-distillation-zero-shot/checkpoints/rte/11B_ttt_t0.train.source.validation.super_glue.rte.validation.T0pp.peft.lora.lora_alpha4.lora_drop0.3.bn1.pw1.0.np5.bsz1.ga4.lr2e-5.steps.1000_20250623/checkpoint-40/pytorch_model.bin
[INFO|tokenization_utils_base.py:2043] 2025-06-23 18:33:23,492 >> tokenizer config file saved in /home/parsa/Codebases/GitHub_Repositories/swarm-distillation-zero-shot/checkpoints/rte/11B_ttt_t0.train.source.validation.super_glue.rte.validation.T0pp.peft.lora.lora_alpha4.lora_drop0.3.bn1.pw1.0.np5.bsz1.ga4.lr2e-5.steps.1000_20250623/checkpoint-40/tokenizer_config.json
[INFO|tokenization_utils_base.py:2049] 2025-06-23 18:33:23,493 >> Special tokens file saved in /home/parsa/Codebases/GitHub_Repositories/swarm-distillation-zero-shot/checkpoints/rte/11B_ttt_t0.train.source.validation.super_glue.rte.validation.T0pp.peft.lora.lora_alpha4.lora_drop0.3.bn1.pw1.0.np5.bsz1.ga4.lr2e-5.steps.1000_20250623/checkpoint-40/special_tokens_map.json
[INFO|tokenization_t5_fast.py:159] 2025-06-23 18:33:23,521 >> Copy vocab file to /home/parsa/Codebases/GitHub_Repositories/swarm-distillation-zero-shot/checkpoints/rte/11B_ttt_t0.train.source.validation.super_glue.rte.validation.T0pp.peft.lora.lora_alpha4.lora_drop0.3.bn1.pw1.0.np5.bsz1.ga4.lr2e-5.steps.1000_20250623/checkpoint-40/spiece.model
[2025-06-23 18:33:23,525] [INFO] [logging.py:107:log_dist] [Rank 0] [Torch] Checkpoint global_step40 is begin to save!
[2025-06-23 18:33:34,116] [INFO] [logging.py:107:log_dist] [Rank 0] Saving model checkpoint: /home/parsa/Codebases/GitHub_Repositories/swarm-distillation-zero-shot/checkpoints/rte/11B_ttt_t0.train.source.validation.super_glue.rte.validation.T0pp.peft.lora.lora_alpha4.lora_drop0.3.bn1.pw1.0.np5.bsz1.ga4.lr2e-5.steps.1000_20250623/checkpoint-40/global_step40/mp_rank_00_model_states.pt
[2025-06-23 18:34:27,499] [INFO] [logging.py:107:log_dist] [Rank 0] [Torch] Checkpoint global_step40 is begin to save!
[2025-06-23 18:34:38,127] [INFO] [logging.py:107:log_dist] [Rank 0] Saving model checkpoint: /home/parsa/Codebases/GitHub_Repositories/swarm-distillation-zero-shot/checkpoints/rte/11B_ttt_t0.train.source.validation.super_glue.rte.validation.T0pp.peft.lora.lora_alpha4.lora_drop0.3.bn1.pw1.0.np5.bsz1.ga4.lr2e-5.steps.1000_20250623/checkpoint-40/global_step40/mp_rank_00_model_states.pt
{'loss': 0.0138, 'learning_rate': 1e-05, 'epoch': 5.0}
[INFO|trainer.py:2907] 2025-06-23 18:36:34,214 >> ***** Running Evaluation *****
[INFO|trainer.py:2909] 2025-06-23 18:36:34,214 >>   Num examples = 5540
[INFO|trainer.py:2912] 2025-06-23 18:36:34,214 >>   Batch size = 100
{'max_accuracy': np.float64(90.25), 'median_accuracy': np.float64(84.66), 'mean_accuracy': np.float64(85.2), 'min_accuracy': np.float64(81.95), 'std_accuracy': np.float64(2.39), 'avg_ensemble_accuracy': 85.56, 'vote_ensemble_accuracy': 85.92}
{'max_accuracy': np.float64(90.25), 'median_accuracy': np.float64(84.66), 'mean_accuracy': np.float64(85.2), 'min_accuracy': np.float64(81.95), 'std_accuracy': np.float64(2.39), 'avg_ensemble_accuracy': 85.56, 'vote_ensemble_accuracy': 85.92}
{'max_accuracy': np.float64(90.25), 'median_accuracy': np.float64(84.66), 'mean_accuracy': np.float64(85.2), 'min_accuracy': np.float64(81.95), 'std_accuracy': np.float64(2.39), 'avg_ensemble_accuracy': 85.56, 'vote_ensemble_accuracy': 85.92}
{'max_accuracy': np.float64(90.25), 'median_accuracy': np.float64(84.66), 'mean_accuracy': np.float64(85.2), 'min_accuracy': np.float64(81.95), 'std_accuracy': np.float64(2.39), 'avg_ensemble_accuracy': 85.56, 'vote_ensemble_accuracy': 85.92}
{'max_accuracy': np.float64(90.25), 'median_accuracy': np.float64(84.66), 'mean_accuracy': np.float64(85.2), 'min_accuracy': np.float64(81.95), 'std_accuracy': np.float64(2.39), 'avg_ensemble_accuracy': 85.56, 'vote_ensemble_accuracy': 85.92}
{'max_accuracy': np.float64(90.25), 'median_accuracy': np.float64(84.66), 'mean_accuracy': np.float64(85.2), 'min_accuracy': np.float64(81.95), 'std_accuracy': np.float64(2.39), 'avg_ensemble_accuracy': 85.56, 'vote_ensemble_accuracy': 85.92}
{'max_accuracy': np.float64(90.25), 'median_accuracy': np.float64(84.66), 'mean_accuracy': np.float64(85.2), 'min_accuracy': np.float64(81.95), 'std_accuracy': np.float64(2.39), 'avg_ensemble_accuracy': 85.56, 'vote_ensemble_accuracy': 85.92}
[INFO|trainer.py:2907] 2025-06-23 18:37:02,694 >> ***** Running Evaluation *****
[INFO|trainer.py:2909] 2025-06-23 18:37:02,694 >>   Num examples = 5540
[INFO|trainer.py:2912] 2025-06-23 18:37:02,694 >>   Batch size = 100
all entropy: 0.6519079859154411 0.6617933207764413 0.6832026653984116 0.6810494166250649 0.6930885314445381 0.69298426068761 0.6841994535753173 0.6810494166250649 0.6429795215301972 0.6560306638491367
avg entropy: 0.6728285236427223
avg cont entropy: 0.6835962628648032
delta all entropy: -0.0020895879095259584 0.0 0.001049974517806751 -0.00110327425553991 -5.213266027193075e-05 0.0 0.0 0.0011566935815418011 0.0 0.0
delta avg entropy: -0.00010383267259892471
all entropy: 0.6519079859154411 0.6617933207764413 0.6832026653984116 0.6810494166250649 0.6930885314445381 0.69298426068761 0.6841994535753173 0.6810494166250649 0.6429795215301972 0.6560306638491367
avg entropy: 0.6728285236427223
avg cont entropy: 0.6835962628648032
delta all entropy: -0.0020895879095259584 0.0 0.001049974517806751 -0.00110327425553991 -5.213266027193075e-05 0.0 0.0 0.0011566935815418011 0.0 0.0
delta avg entropy: -0.00010383267259892471
all entropy: 0.6519079859154411 0.6617933207764413 0.6832026653984116 0.6810494166250649 0.6930885314445381 0.69298426068761 0.6841994535753173 0.6810494166250649 0.6429795215301972 0.6560306638491367
avg entropy: 0.6728285236427223
avg cont entropy: 0.6835962628648032
delta all entropy: -0.0020895879095259584 0.0 0.001049974517806751 -0.00110327425553991 -5.213266027193075e-05 0.0 0.0 0.0011566935815418011 0.0 0.0
delta avg entropy: -0.00010383267259892471
all entropy: 0.6519079859154411 0.6617933207764413 0.6832026653984116 0.6810494166250649 0.6930885314445381 0.69298426068761 0.6841994535753173 0.6810494166250649 0.6429795215301972 0.6560306638491367all entropy: 0.6519079859154411 0.6617933207764413 0.6832026653984116 0.6810494166250649 0.6930885314445381 0.69298426068761 0.6841994535753173 0.6810494166250649 0.6429795215301972 0.6560306638491367

avg entropy: 0.6728285236427223
avg cont entropy: 0.6835962628648032avg entropy: 0.6728285236427223

avg cont entropy: 0.6835962628648032
delta all entropy: -0.0020895879095259584 0.0 0.001049974517806751 -0.00110327425553991 -5.213266027193075e-05 0.0 0.0 0.0011566935815418011 0.0 0.0
delta avg entropy: -0.00010383267259892471
delta all entropy: -0.0020895879095259584 0.0 0.001049974517806751 -0.00110327425553991 -5.213266027193075e-05 0.0 0.0 0.0011566935815418011 0.0 0.0
delta avg entropy: -0.00010383267259892471
all entropy: 0.6519079859154411 0.6617933207764413 0.6832026653984116 0.6810494166250649 0.6930885314445381 0.69298426068761 0.6841994535753173 0.6810494166250649 0.6429795215301972 0.6560306638491367
avg entropy: 0.6728285236427223
avg cont entropy: 0.6835962628648032
delta all entropy: -0.0020895879095259584 0.0 0.001049974517806751 -0.00110327425553991 -5.213266027193075e-05 0.0 0.0 0.0011566935815418011 0.0 0.0
delta avg entropy: -0.00010383267259892471
all entropy: 0.6519079859154411 0.6617933207764413 0.6832026653984116 0.6810494166250649 0.6930885314445381 0.69298426068761 0.6841994535753173 0.6810494166250649 0.6429795215301972 0.6560306638491367
avg entropy: 0.6728285236427223
avg cont entropy: 0.6835962628648032
delta all entropy: -0.0020895879095259584 0.0 0.001049974517806751 -0.00110327425553991 -5.213266027193075e-05 0.0 0.0 0.0011566935815418011 0.0 0.0
delta avg entropy: -0.00010383267259892471
/home/parsa/Codebases/GitHub_Repositories/swarm-distillation-zero-shot/venv/lib/python3.9/site-packages/torch/distributed/distributed_c10d.py:4631: UserWarning: No device id is provided via `init_process_group` or `barrier `. Using the current device set by the user. 
  warnings.warn(  # warn only once
/home/parsa/Codebases/GitHub_Repositories/swarm-distillation-zero-shot/venv/lib/python3.9/site-packages/torch/distributed/distributed_c10d.py:4631: UserWarning: No device id is provided via `init_process_group` or `barrier `. Using the current device set by the user. 
  warnings.warn(  # warn only once
/home/parsa/Codebases/GitHub_Repositories/swarm-distillation-zero-shot/venv/lib/python3.9/site-packages/torch/distributed/distributed_c10d.py:4631: UserWarning: No device id is provided via `init_process_group` or `barrier `. Using the current device set by the user. 
  warnings.warn(  # warn only once
/home/parsa/Codebases/GitHub_Repositories/swarm-distillation-zero-shot/venv/lib/python3.9/site-packages/torch/distributed/distributed_c10d.py:4631: UserWarning: No device id is provided via `init_process_group` or `barrier `. Using the current device set by the user. 
  warnings.warn(  # warn only once
/home/parsa/Codebases/GitHub_Repositories/swarm-distillation-zero-shot/venv/lib/python3.9/site-packages/torch/distributed/distributed_c10d.py:4631: UserWarning: No device id is provided via `init_process_group` or `barrier `. Using the current device set by the user. 
  warnings.warn(  # warn only once
/home/parsa/Codebases/GitHub_Repositories/swarm-distillation-zero-shot/venv/lib/python3.9/site-packages/torch/distributed/distributed_c10d.py:4631: UserWarning: No device id is provided via `init_process_group` or `barrier `. Using the current device set by the user. 
  warnings.warn(  # warn only once
[INFO|trainer.py:2655] 2025-06-23 18:37:29,925 >> Saving model checkpoint to /home/parsa/Codebases/GitHub_Repositories/swarm-distillation-zero-shot/checkpoints/rte/11B_ttt_t0.train.source.validation.super_glue.rte.validation.T0pp.peft.lora.lora_alpha4.lora_drop0.3.bn1.pw1.0.np5.bsz1.ga4.lr2e-5.steps.1000_20250623/checkpoint-50
[INFO|configuration_utils.py:425] 2025-06-23 18:37:29,926 >> Configuration saved in /home/parsa/Codebases/GitHub_Repositories/swarm-distillation-zero-shot/checkpoints/rte/11B_ttt_t0.train.source.validation.super_glue.rte.validation.T0pp.peft.lora.lora_alpha4.lora_drop0.3.bn1.pw1.0.np5.bsz1.ga4.lr2e-5.steps.1000_20250623/checkpoint-50/config.json
[INFO|modeling_utils.py:1070] 2025-06-23 18:37:57,452 >> Model weights saved in /home/parsa/Codebases/GitHub_Repositories/swarm-distillation-zero-shot/checkpoints/rte/11B_ttt_t0.train.source.validation.super_glue.rte.validation.T0pp.peft.lora.lora_alpha4.lora_drop0.3.bn1.pw1.0.np5.bsz1.ga4.lr2e-5.steps.1000_20250623/checkpoint-50/pytorch_model.bin
[INFO|tokenization_utils_base.py:2043] 2025-06-23 18:37:57,455 >> tokenizer config file saved in /home/parsa/Codebases/GitHub_Repositories/swarm-distillation-zero-shot/checkpoints/rte/11B_ttt_t0.train.source.validation.super_glue.rte.validation.T0pp.peft.lora.lora_alpha4.lora_drop0.3.bn1.pw1.0.np5.bsz1.ga4.lr2e-5.steps.1000_20250623/checkpoint-50/tokenizer_config.json
[INFO|tokenization_utils_base.py:2049] 2025-06-23 18:37:57,455 >> Special tokens file saved in /home/parsa/Codebases/GitHub_Repositories/swarm-distillation-zero-shot/checkpoints/rte/11B_ttt_t0.train.source.validation.super_glue.rte.validation.T0pp.peft.lora.lora_alpha4.lora_drop0.3.bn1.pw1.0.np5.bsz1.ga4.lr2e-5.steps.1000_20250623/checkpoint-50/special_tokens_map.json
[INFO|tokenization_t5_fast.py:159] 2025-06-23 18:37:57,485 >> Copy vocab file to /home/parsa/Codebases/GitHub_Repositories/swarm-distillation-zero-shot/checkpoints/rte/11B_ttt_t0.train.source.validation.super_glue.rte.validation.T0pp.peft.lora.lora_alpha4.lora_drop0.3.bn1.pw1.0.np5.bsz1.ga4.lr2e-5.steps.1000_20250623/checkpoint-50/spiece.model
/home/parsa/Codebases/GitHub_Repositories/swarm-distillation-zero-shot/venv/lib/python3.9/site-packages/torch/distributed/distributed_c10d.py:4631: UserWarning: No device id is provided via `init_process_group` or `barrier `. Using the current device set by the user. 
  warnings.warn(  # warn only once
[2025-06-23 18:37:57,490] [INFO] [logging.py:107:log_dist] [Rank 0] [Torch] Checkpoint global_step50 is begin to save!
[2025-06-23 18:38:08,451] [INFO] [logging.py:107:log_dist] [Rank 0] Saving model checkpoint: /home/parsa/Codebases/GitHub_Repositories/swarm-distillation-zero-shot/checkpoints/rte/11B_ttt_t0.train.source.validation.super_glue.rte.validation.T0pp.peft.lora.lora_alpha4.lora_drop0.3.bn1.pw1.0.np5.bsz1.ga4.lr2e-5.steps.1000_20250623/checkpoint-50/global_step50/mp_rank_00_model_states.pt
[2025-06-23 18:38:58,348] [INFO] [logging.py:107:log_dist] [Rank 0] [Torch] Checkpoint global_step50 is begin to save!
[2025-06-23 18:39:09,381] [INFO] [logging.py:107:log_dist] [Rank 0] Saving model checkpoint: /home/parsa/Codebases/GitHub_Repositories/swarm-distillation-zero-shot/checkpoints/rte/11B_ttt_t0.train.source.validation.super_glue.rte.validation.T0pp.peft.lora.lora_alpha4.lora_drop0.3.bn1.pw1.0.np5.bsz1.ga4.lr2e-5.steps.1000_20250623/checkpoint-50/global_step50/mp_rank_00_model_states.pt
{'loss': 0.0134, 'learning_rate': 1.2e-05, 'epoch': 6.0}
[INFO|trainer.py:2655] 2025-06-23 18:41:02,782 >> Saving model checkpoint to /home/parsa/Codebases/GitHub_Repositories/swarm-distillation-zero-shot/checkpoints/rte/11B_ttt_t0.train.source.validation.super_glue.rte.validation.T0pp.peft.lora.lora_alpha4.lora_drop0.3.bn1.pw1.0.np5.bsz1.ga4.lr2e-5.steps.1000_20250623/checkpoint-60
[INFO|configuration_utils.py:425] 2025-06-23 18:41:02,783 >> Configuration saved in /home/parsa/Codebases/GitHub_Repositories/swarm-distillation-zero-shot/checkpoints/rte/11B_ttt_t0.train.source.validation.super_glue.rte.validation.T0pp.peft.lora.lora_alpha4.lora_drop0.3.bn1.pw1.0.np5.bsz1.ga4.lr2e-5.steps.1000_20250623/checkpoint-60/config.json
[INFO|modeling_utils.py:1070] 2025-06-23 18:41:29,081 >> Model weights saved in /home/parsa/Codebases/GitHub_Repositories/swarm-distillation-zero-shot/checkpoints/rte/11B_ttt_t0.train.source.validation.super_glue.rte.validation.T0pp.peft.lora.lora_alpha4.lora_drop0.3.bn1.pw1.0.np5.bsz1.ga4.lr2e-5.steps.1000_20250623/checkpoint-60/pytorch_model.bin
[INFO|tokenization_utils_base.py:2043] 2025-06-23 18:41:29,084 >> tokenizer config file saved in /home/parsa/Codebases/GitHub_Repositories/swarm-distillation-zero-shot/checkpoints/rte/11B_ttt_t0.train.source.validation.super_glue.rte.validation.T0pp.peft.lora.lora_alpha4.lora_drop0.3.bn1.pw1.0.np5.bsz1.ga4.lr2e-5.steps.1000_20250623/checkpoint-60/tokenizer_config.json
[INFO|tokenization_utils_base.py:2049] 2025-06-23 18:41:29,085 >> Special tokens file saved in /home/parsa/Codebases/GitHub_Repositories/swarm-distillation-zero-shot/checkpoints/rte/11B_ttt_t0.train.source.validation.super_glue.rte.validation.T0pp.peft.lora.lora_alpha4.lora_drop0.3.bn1.pw1.0.np5.bsz1.ga4.lr2e-5.steps.1000_20250623/checkpoint-60/special_tokens_map.json
[INFO|tokenization_t5_fast.py:159] 2025-06-23 18:41:29,114 >> Copy vocab file to /home/parsa/Codebases/GitHub_Repositories/swarm-distillation-zero-shot/checkpoints/rte/11B_ttt_t0.train.source.validation.super_glue.rte.validation.T0pp.peft.lora.lora_alpha4.lora_drop0.3.bn1.pw1.0.np5.bsz1.ga4.lr2e-5.steps.1000_20250623/checkpoint-60/spiece.model
[2025-06-23 18:41:29,119] [INFO] [logging.py:107:log_dist] [Rank 0] [Torch] Checkpoint global_step60 is begin to save!
