[2025-06-23 13:24:33,769] [INFO] [config.py:925:print]   zero_config .................. stage=2 contiguous_gradients=True reduce_scatter=True reduce_bucket_size=200000000 use_multi_rank_bucket_allreduce=True allgather_partitions=True allgather_bucket_size=200000000 overlap_comm=True load_from_fp32_weights=True elastic_checkpoint=False offload_param=None offload_optimizer=DeepSpeedZeroOffloadOptimizerConfig(device='cpu', nvme_path=None, buffer_count=4, pin_memory=True, pipeline_read=False, pipeline_write=False, fast_init=False, ratio=1.0) sub_group_size=1000000000 cpu_offload_param=None cpu_offload_use_pin_memory=None cpu_offload=None prefetch_bucket_size=50000000 param_persistence_threshold=100000 model_persistence_threshold=9223372036854775807 max_live_parameters=1000000000 max_reuse_distance=1000000000 gather_16bit_weights_on_model_save=False module_granularity_threshold=0 use_all_reduce_for_fetch_params=False stage3_gather_fp16_weights_on_model_save=False ignore_unused_parameters=True legacy_stage1=False round_robin_gradients=False zero_hpz_partition_size=1 zero_quantized_weights=False zero_quantized_nontrainable_weights=False zero_quantized_gradients=False zeropp_loco_param=None mics_shard_size=-1 mics_hierarchical_params_gather=False memory_efficient_linear=True pipeline_loading_checkpoint=False override_module_apply=True log_trace_cache_warnings=False
[2025-06-23 13:24:33,769] [INFO] [config.py:925:print]   zero_enabled ................. True
[2025-06-23 13:24:33,769] [INFO] [config.py:925:print]   zero_force_ds_cpu_optimizer .. False
[2025-06-23 13:24:33,769] [INFO] [config.py:925:print]   zero_optimization_stage ...... 2
[2025-06-23 13:24:33,769] [INFO] [config.py:911:print_user_config]   json = {
    "bfloat16": {
        "enabled": true
    }, 
    "fp16": {
        "enabled": false, 
        "loss_scale": 0, 
        "loss_scale_window": 1000, 
        "hysteresis": 2, 
        "min_loss_scale": 1
    }, 
    "zero_optimization": {
        "stage": 2, 
        "offload_optimizer": {
            "device": "cpu", 
            "pin_memory": true
        }, 
        "allgather_partitions": true, 
        "allgather_bucket_size": 2.000000e+08, 
        "overlap_comm": true, 
        "reduce_scatter": true, 
        "reduce_bucket_size": 2.000000e+08, 
        "contiguous_gradients": true
    }, 
    "zero_allow_untested_optimizer": true, 
    "zero_force_ds_cpu_optimizer": false, 
    "gradient_accumulation_steps": 4, 
    "gradient_clipping": 1.0, 
    "steps_per_print": 2.000000e+03, 
    "train_batch_size": 28, 
    "train_micro_batch_size_per_gpu": 1, 
    "wall_clock_breakdown": false
}
run dev evaluation first to collect initial predictions
[INFO|trainer.py:2907] 2025-06-23 13:24:33,770 >> ***** Running Evaluation *****
[INFO|trainer.py:2909] 2025-06-23 13:24:33,770 >>   Num examples = 5540
[INFO|trainer.py:2912] 2025-06-23 13:24:33,770 >>   Batch size = 100
bosco:1879420:1879420 [0] NCCL INFO Comm config Blocking set to 1
bosco:1879420:1883054 [0] NCCL INFO Using network Socket
bosco:1879425:1879425 [5] NCCL INFO Comm config Blocking set to 1
bosco:1879421:1879421 [1] NCCL INFO Comm config Blocking set to 1
bosco:1879423:1879423 [3] NCCL INFO Comm config Blocking set to 1
bosco:1879422:1879422 [2] NCCL INFO Comm config Blocking set to 1
bosco:1879425:1883055 [5] NCCL INFO Using network Socket
bosco:1879424:1879424 [4] NCCL INFO Comm config Blocking set to 1
bosco:1879421:1883056 [1] NCCL INFO Using network Socket
bosco:1879423:1883057 [3] NCCL INFO Using network Socket
bosco:1879422:1883058 [2] NCCL INFO Using network Socket
bosco:1879424:1883059 [4] NCCL INFO Using network Socket
bosco:1879425:1883055 [5] NCCL INFO ncclCommInitRankConfig comm 0x55f5c2ae4060 rank 5 nranks 7 cudaDev 5 nvmlDev 5 busId ae000 commId 0x914c6d5338a9fb2b - Init START
bosco:1879423:1883057 [3] NCCL INFO ncclCommInitRankConfig comm 0x563c82591310 rank 3 nranks 7 cudaDev 3 nvmlDev 3 busId 3c000 commId 0x914c6d5338a9fb2b - Init START
bosco:1879420:1883054 [0] NCCL INFO ncclCommInitRankConfig comm 0x56096e1555d0 rank 0 nranks 7 cudaDev 0 nvmlDev 0 busId 2d000 commId 0x914c6d5338a9fb2b - Init START
bosco:1879421:1883056 [1] NCCL INFO ncclCommInitRankConfig comm 0x55e6bf241000 rank 1 nranks 7 cudaDev 1 nvmlDev 1 busId 3a000 commId 0x914c6d5338a9fb2b - Init START
bosco:1879422:1883058 [2] NCCL INFO ncclCommInitRankConfig comm 0x55b3dcedec40 rank 2 nranks 7 cudaDev 2 nvmlDev 2 busId 3b000 commId 0x914c6d5338a9fb2b - Init START
bosco:1879424:1883059 [4] NCCL INFO ncclCommInitRankConfig comm 0x55c8a3b2b440 rank 4 nranks 7 cudaDev 4 nvmlDev 4 busId ad000 commId 0x914c6d5338a9fb2b - Init START
bosco:1879426:1879426 [6] NCCL INFO Comm config Blocking set to 1
bosco:1879426:1883071 [6] NCCL INFO Using network Socket
bosco:1879426:1883071 [6] NCCL INFO ncclCommInitRankConfig comm 0x55af25ecbc10 rank 6 nranks 7 cudaDev 6 nvmlDev 6 busId bd000 commId 0x914c6d5338a9fb2b - Init START
bosco:1879425:1883055 [5] NCCL INFO Bootstrap timings total 0.581640 (create 0.000025, send 0.000092, recv 0.580951, ring 0.000443, delay 0.000000)
bosco:1879424:1883059 [4] NCCL INFO Bootstrap timings total 0.580970 (create 0.000037, send 0.000175, recv 0.000527, ring 0.580065, delay 0.000000)
bosco:1879421:1883056 [1] NCCL INFO Bootstrap timings total 0.581364 (create 0.000037, send 0.000186, recv 0.000118, ring 0.580866, delay 0.000000)
bosco:1879423:1883057 [3] NCCL INFO Bootstrap timings total 0.581405 (create 0.000035, send 0.000185, recv 0.000809, ring 0.580202, delay 0.000000)
bosco:1879422:1883058 [2] NCCL INFO Bootstrap timings total 0.581307 (create 0.000036, send 0.000165, recv 0.000156, ring 0.580783, delay 0.000000)
bosco:1879420:1883054 [0] NCCL INFO Bootstrap timings total 0.581389 (create 0.000036, send 0.000182, recv 0.000069, ring 0.000251, delay 0.000000)
bosco:1879426:1883071 [6] NCCL INFO Bootstrap timings total 0.001234 (create 0.000049, send 0.000221, recv 0.000533, ring 0.000184, delay 0.000000)
bosco:1879425:1883055 [5] NCCL INFO Setting affinity for GPU 5 to ffffffff,ffffff00,00000000,0000ffff,ffffffff,ff000000,00000000
bosco:1879425:1883055 [5] NCCL INFO NVLS multicast support is not available on dev 5
bosco:1879424:1883059 [4] NCCL INFO Setting affinity for GPU 4 to ffffffff,ffffff00,00000000,0000ffff,ffffffff,ff000000,00000000
bosco:1879424:1883059 [4] NCCL INFO NVLS multicast support is not available on dev 4
bosco:1879423:1883057 [3] NCCL INFO Setting affinity for GPU 3 to ff,ffffffff,ffff0000,00000000,00ffffff,ffffffff
bosco:1879423:1883057 [3] NCCL INFO NVLS multicast support is not available on dev 3
bosco:1879421:1883056 [1] NCCL INFO Setting affinity for GPU 1 to ff,ffffffff,ffff0000,00000000,00ffffff,ffffffff
bosco:1879422:1883058 [2] NCCL INFO Setting affinity for GPU 2 to ff,ffffffff,ffff0000,00000000,00ffffff,ffffffff
bosco:1879422:1883058 [2] NCCL INFO NVLS multicast support is not available on dev 2
bosco:1879421:1883056 [1] NCCL INFO NVLS multicast support is not available on dev 1
bosco:1879420:1883054 [0] NCCL INFO Setting affinity for GPU 0 to ff,ffffffff,ffff0000,00000000,00ffffff,ffffffff
bosco:1879420:1883054 [0] NCCL INFO NVLS multicast support is not available on dev 0
bosco:1879426:1883071 [6] NCCL INFO Setting affinity for GPU 6 to ffffffff,ffffff00,00000000,0000ffff,ffffffff,ff000000,00000000
bosco:1879426:1883071 [6] NCCL INFO NVLS multicast support is not available on dev 6
bosco:1879423:1883057 [3] NCCL INFO comm 0x563c82591310 rank 3 nRanks 7 nNodes 1 localRanks 7 localRank 3 MNNVL 0
bosco:1879425:1883055 [5] NCCL INFO comm 0x55f5c2ae4060 rank 5 nRanks 7 nNodes 1 localRanks 7 localRank 5 MNNVL 0
bosco:1879422:1883058 [2] NCCL INFO comm 0x55b3dcedec40 rank 2 nRanks 7 nNodes 1 localRanks 7 localRank 2 MNNVL 0
bosco:1879424:1883059 [4] NCCL INFO comm 0x55c8a3b2b440 rank 4 nRanks 7 nNodes 1 localRanks 7 localRank 4 MNNVL 0
bosco:1879426:1883071 [6] NCCL INFO comm 0x55af25ecbc10 rank 6 nRanks 7 nNodes 1 localRanks 7 localRank 6 MNNVL 0
bosco:1879425:1883055 [5] NCCL INFO Trees [0] 6/-1/-1->5->4 [1] 6/-1/-1->5->4 [2] 6/-1/-1->5->4 [3] 6/-1/-1->5->4
bosco:1879421:1883056 [1] NCCL INFO comm 0x55e6bf241000 rank 1 nRanks 7 nNodes 1 localRanks 7 localRank 1 MNNVL 0
bosco:1879425:1883055 [5] NCCL INFO P2P Chunksize set to 131072
bosco:1879420:1883054 [0] NCCL INFO comm 0x56096e1555d0 rank 0 nRanks 7 nNodes 1 localRanks 7 localRank 0 MNNVL 0
bosco:1879422:1883058 [2] NCCL INFO Trees [0] 4/-1/-1->2->1 [1] 4/-1/-1->2->1 [2] 4/-1/-1->2->1 [3] 4/-1/-1->2->1
bosco:1879421:1883056 [1] NCCL INFO Trees [0] 2/-1/-1->1->0 [1] 2/-1/-1->1->0 [2] 2/-1/-1->1->0 [3] 2/-1/-1->1->0
bosco:1879422:1883058 [2] NCCL INFO P2P Chunksize set to 131072
bosco:1879421:1883056 [1] NCCL INFO P2P Chunksize set to 131072
bosco:1879423:1883057 [3] NCCL INFO Trees [0] -1/-1/-1->3->6 [1] -1/-1/-1->3->6 [2] -1/-1/-1->3->6 [3] -1/-1/-1->3->6
bosco:1879423:1883057 [3] NCCL INFO P2P Chunksize set to 131072
bosco:1879426:1883071 [6] NCCL INFO Trees [0] 3/-1/-1->6->5 [1] 3/-1/-1->6->5 [2] 3/-1/-1->6->5 [3] 3/-1/-1->6->5
bosco:1879424:1883059 [4] NCCL INFO Trees [0] 5/-1/-1->4->2 [1] 5/-1/-1->4->2 [2] 5/-1/-1->4->2 [3] 5/-1/-1->4->2
bosco:1879420:1883054 [0] NCCL INFO Channel 00/04 : 0 1 2 4 5 6 3
bosco:1879424:1883059 [4] NCCL INFO P2P Chunksize set to 131072
bosco:1879426:1883071 [6] NCCL INFO P2P Chunksize set to 131072
bosco:1879420:1883054 [0] NCCL INFO Channel 01/04 : 0 1 2 4 5 6 3
bosco:1879420:1883054 [0] NCCL INFO Channel 02/04 : 0 1 2 4 5 6 3
bosco:1879420:1883054 [0] NCCL INFO Channel 03/04 : 0 1 2 4 5 6 3
bosco:1879420:1883054 [0] NCCL INFO Trees [0] 1/-1/-1->0->-1 [1] 1/-1/-1->0->-1 [2] 1/-1/-1->0->-1 [3] 1/-1/-1->0->-1
bosco:1879420:1883054 [0] NCCL INFO P2P Chunksize set to 131072
bosco:1879420:1883054 [0] NCCL INFO Check P2P Type intraNodeP2pSupport 0 directMode 0
bosco:1879420:1883076 [0] NCCL INFO [Proxy Service] Device 0 CPU core 125
bosco:1879420:1883083 [0] NCCL INFO [Proxy Service UDS] Device 0 CPU core 126
bosco:1879422:1883080 [2] NCCL INFO [Proxy Service UDS] Device 2 CPU core 10
bosco:1879426:1883084 [6] NCCL INFO [Proxy Service UDS] Device 6 CPU core 171
bosco:1879422:1883073 [2] NCCL INFO [Proxy Service] Device 2 CPU core 4
bosco:1879424:1883085 [4] NCCL INFO [Proxy Service UDS] Device 4 CPU core 175
bosco:1879421:1883075 [1] NCCL INFO [Proxy Service] Device 1 CPU core 121
bosco:1879424:1883078 [4] NCCL INFO [Proxy Service] Device 4 CPU core 58
bosco:1879421:1883081 [1] NCCL INFO [Proxy Service UDS] Device 1 CPU core 122
bosco:1879425:1883077 [5] NCCL INFO [Proxy Service UDS] Device 5 CPU core 84
bosco:1879425:1883072 [5] NCCL INFO [Proxy Service] Device 5 CPU core 83
bosco:1879423:1883082 [3] NCCL INFO [Proxy Service UDS] Device 3 CPU core 2
bosco:1879423:1883074 [3] NCCL INFO [Proxy Service] Device 3 CPU core 1
bosco:1879426:1883079 [6] NCCL INFO [Proxy Service] Device 6 CPU core 60
bosco:1879423:1883057 [3] NCCL INFO threadThresholds 8/8/64 | 56/8/64 | 512 | 512
bosco:1879423:1883057 [3] NCCL INFO 4 coll channels, 4 collnet channels, 0 nvls channels, 4 p2p channels, 2 p2p channels per peer
bosco:1879424:1883059 [4] NCCL INFO threadThresholds 8/8/64 | 56/8/64 | 512 | 512
bosco:1879424:1883059 [4] NCCL INFO 4 coll channels, 4 collnet channels, 0 nvls channels, 4 p2p channels, 2 p2p channels per peer
bosco:1879421:1883056 [1] NCCL INFO threadThresholds 8/8/64 | 56/8/64 | 512 | 512
bosco:1879421:1883056 [1] NCCL INFO 4 coll channels, 4 collnet channels, 0 nvls channels, 4 p2p channels, 2 p2p channels per peer
bosco:1879426:1883071 [6] NCCL INFO threadThresholds 8/8/64 | 56/8/64 | 512 | 512
bosco:1879426:1883071 [6] NCCL INFO 4 coll channels, 4 collnet channels, 0 nvls channels, 4 p2p channels, 2 p2p channels per peer
bosco:1879422:1883058 [2] NCCL INFO threadThresholds 8/8/64 | 56/8/64 | 512 | 512
bosco:1879422:1883058 [2] NCCL INFO 4 coll channels, 4 collnet channels, 0 nvls channels, 4 p2p channels, 2 p2p channels per peer
bosco:1879420:1883054 [0] NCCL INFO threadThresholds 8/8/64 | 56/8/64 | 512 | 512
bosco:1879420:1883054 [0] NCCL INFO 4 coll channels, 4 collnet channels, 0 nvls channels, 4 p2p channels, 2 p2p channels per peer
bosco:1879420:1883054 [0] NCCL INFO CC Off, workFifoBytes 1048576
bosco:1879425:1883055 [5] NCCL INFO threadThresholds 8/8/64 | 56/8/64 | 512 | 512
bosco:1879425:1883055 [5] NCCL INFO 4 coll channels, 4 collnet channels, 0 nvls channels, 4 p2p channels, 2 p2p channels per peer
bosco:1879421:1883056 [1] NCCL INFO ncclCommInitRankConfig comm 0x55e6bf241000 rank 1 nranks 7 cudaDev 1 nvmlDev 1 busId 3a000 commId 0x914c6d5338a9fb2b - Init COMPLETE
bosco:1879421:1883056 [1] NCCL INFO Init timings - ncclCommInitRankConfig: rank 1 nranks 7 total 0.69 (kernels 0.00, alloc 0.00, bootstrap 0.58, allgathers 0.02, topo 0.03, graphs 0.04, connections 0.01, rest 0.00)
bosco:1879420:1883054 [0] NCCL INFO ncclCommInitRankConfig comm 0x56096e1555d0 rank 0 nranks 7 cudaDev 0 nvmlDev 0 busId 2d000 commId 0x914c6d5338a9fb2b - Init COMPLETE
bosco:1879420:1883054 [0] NCCL INFO Init timings - ncclCommInitRankConfig: rank 0 nranks 7 total 0.69 (kernels 0.00, alloc 0.00, bootstrap 0.58, allgathers 0.02, topo 0.04, graphs 0.03, connections 0.01, rest 0.00)
bosco:1879424:1883059 [4] NCCL INFO ncclCommInitRankConfig comm 0x55c8a3b2b440 rank 4 nranks 7 cudaDev 4 nvmlDev 4 busId ad000 commId 0x914c6d5338a9fb2b - Init COMPLETE
bosco:1879422:1883058 [2] NCCL INFO ncclCommInitRankConfig comm 0x55b3dcedec40 rank 2 nranks 7 cudaDev 2 nvmlDev 2 busId 3b000 commId 0x914c6d5338a9fb2b - Init COMPLETE
bosco:1879425:1883055 [5] NCCL INFO ncclCommInitRankConfig comm 0x55f5c2ae4060 rank 5 nranks 7 cudaDev 5 nvmlDev 5 busId ae000 commId 0x914c6d5338a9fb2b - Init COMPLETE
bosco:1879423:1883057 [3] NCCL INFO ncclCommInitRankConfig comm 0x563c82591310 rank 3 nranks 7 cudaDev 3 nvmlDev 3 busId 3c000 commId 0x914c6d5338a9fb2b - Init COMPLETE
bosco:1879424:1883059 [4] NCCL INFO Init timings - ncclCommInitRankConfig: rank 4 nranks 7 total 0.69 (kernels 0.00, alloc 0.00, bootstrap 0.58, allgathers 0.00, topo 0.03, graphs 0.05, connections 0.01, rest 0.00)
bosco:1879426:1883071 [6] NCCL INFO ncclCommInitRankConfig comm 0x55af25ecbc10 rank 6 nranks 7 cudaDev 6 nvmlDev 6 busId bd000 commId 0x914c6d5338a9fb2b - Init COMPLETE
bosco:1879425:1883055 [5] NCCL INFO Init timings - ncclCommInitRankConfig: rank 5 nranks 7 total 0.69 (kernels 0.00, alloc 0.00, bootstrap 0.58, allgathers 0.03, topo 0.03, graphs 0.03, connections 0.01, rest 0.00)
bosco:1879423:1883057 [3] NCCL INFO Init timings - ncclCommInitRankConfig: rank 3 nranks 7 total 0.69 (kernels 0.00, alloc 0.00, bootstrap 0.58, allgathers 0.02, topo 0.03, graphs 0.03, connections 0.01, rest 0.00)
bosco:1879426:1883071 [6] NCCL INFO Init timings - ncclCommInitRankConfig: rank 6 nranks 7 total 0.11 (kernels 0.00, alloc 0.00, bootstrap 0.00, allgathers 0.01, topo 0.04, graphs 0.05, connections 0.01, rest 0.00)
bosco:1879422:1883058 [2] NCCL INFO Init timings - ncclCommInitRankConfig: rank 2 nranks 7 total 0.69 (kernels 0.00, alloc 0.00, bootstrap 0.58, allgathers 0.00, topo 0.04, graphs 0.06, connections 0.01, rest 0.00)
bosco:1879420:1883086 [0] NCCL INFO Channel 00 : 0[0] -> 1[1] via SHM/direct/direct
bosco:1879424:1883091 [4] NCCL INFO Channel 00 : 4[4] -> 5[5] via SHM/direct/direct
bosco:1879420:1883086 [0] NCCL INFO Channel 01 : 0[0] -> 1[1] via SHM/direct/direct
bosco:1879424:1883091 [4] NCCL INFO Channel 01 : 4[4] -> 5[5] via SHM/direct/direct
bosco:1879420:1883086 [0] NCCL INFO Channel 02 : 0[0] -> 1[1] via SHM/direct/direct
bosco:1879424:1883091 [4] NCCL INFO Channel 02 : 4[4] -> 5[5] via SHM/direct/direct
bosco:1879420:1883086 [0] NCCL INFO Channel 03 : 0[0] -> 1[1] via SHM/direct/direct
bosco:1879424:1883091 [4] NCCL INFO Channel 03 : 4[4] -> 5[5] via SHM/direct/direct
bosco:1879423:1883092 [3] NCCL INFO Channel 00 : 3[3] -> 0[0] via SHM/direct/direct
bosco:1879425:1883088 [5] NCCL INFO Channel 00 : 5[5] -> 6[6] via SHM/direct/direct
bosco:1879421:1883090 [1] NCCL INFO Channel 00 : 1[1] -> 2[2] via SHM/direct/direct
bosco:1879423:1883092 [3] NCCL INFO Channel 01 : 3[3] -> 0[0] via SHM/direct/direct
bosco:1879421:1883090 [1] NCCL INFO Channel 01 : 1[1] -> 2[2] via SHM/direct/direct
bosco:1879425:1883088 [5] NCCL INFO Channel 01 : 5[5] -> 6[6] via SHM/direct/direct
bosco:1879423:1883092 [3] NCCL INFO Channel 02 : 3[3] -> 0[0] via SHM/direct/direct
bosco:1879421:1883090 [1] NCCL INFO Channel 02 : 1[1] -> 2[2] via SHM/direct/direct
bosco:1879425:1883088 [5] NCCL INFO Channel 02 : 5[5] -> 6[6] via SHM/direct/direct
bosco:1879423:1883092 [3] NCCL INFO Channel 03 : 3[3] -> 0[0] via SHM/direct/direct
bosco:1879421:1883090 [1] NCCL INFO Channel 03 : 1[1] -> 2[2] via SHM/direct/direct
bosco:1879425:1883088 [5] NCCL INFO Channel 03 : 5[5] -> 6[6] via SHM/direct/direct
bosco:1879422:1883087 [2] NCCL INFO Channel 00 : 2[2] -> 4[4] via SHM/direct/direct
bosco:1879426:1883089 [6] NCCL INFO Channel 00 : 6[6] -> 3[3] via SHM/direct/direct
bosco:1879426:1883089 [6] NCCL INFO Channel 01 : 6[6] -> 3[3] via SHM/direct/direct
bosco:1879422:1883087 [2] NCCL INFO Channel 01 : 2[2] -> 4[4] via SHM/direct/direct
bosco:1879422:1883087 [2] NCCL INFO Channel 02 : 2[2] -> 4[4] via SHM/direct/direct
bosco:1879426:1883089 [6] NCCL INFO Channel 02 : 6[6] -> 3[3] via SHM/direct/direct
bosco:1879426:1883089 [6] NCCL INFO Channel 03 : 6[6] -> 3[3] via SHM/direct/direct
bosco:1879422:1883087 [2] NCCL INFO Channel 03 : 2[2] -> 4[4] via SHM/direct/direct
bosco:1879422:1883087 [2] NCCL INFO Connected all rings, use ring PXN 0 GDR 1
bosco:1879426:1883089 [6] NCCL INFO Connected all rings, use ring PXN 0 GDR 1
bosco:1879421:1883090 [1] NCCL INFO Connected all rings, use ring PXN 0 GDR 1
bosco:1879420:1883086 [0] NCCL INFO Connected all rings, use ring PXN 0 GDR 1
bosco:1879424:1883091 [4] NCCL INFO Connected all rings, use ring PXN 0 GDR 1
bosco:1879425:1883088 [5] NCCL INFO Connected all rings, use ring PXN 0 GDR 1
bosco:1879423:1883092 [3] NCCL INFO Connected all rings, use ring PXN 0 GDR 1
finish collecting initial predictions before optimization
all entropy: 0.653997573824967 0.6617933207764413 0.6821526908806048 0.6821526908806048 0.69314066410481 0.69298426068761 0.6841994535753173 0.6798927230435231 0.6429795215301972 0.6560306638491367
avg entropy: 0.6729323563153212
avg cont entropy: 0.6836025318868095
finish collecting initial predictions before optimization
all entropy: 0.653997573824967 0.6617933207764413 0.6821526908806048 0.6821526908806048 0.69314066410481 0.69298426068761 0.6841994535753173 0.6798927230435231 0.6429795215301972 0.6560306638491367
avg entropy: 0.6729323563153212
avg cont entropy: 0.6836025318868095
finish collecting initial predictions before optimization
all entropy: 0.653997573824967 0.6617933207764413 0.6821526908806048 0.6821526908806048 0.69314066410481 0.69298426068761 0.6841994535753173 0.6798927230435231 0.6429795215301972 0.6560306638491367
avg entropy: 0.6729323563153212
avg cont entropy: 0.6836025318868095
finish collecting initial predictions before optimization
all entropy: 0.653997573824967 0.6617933207764413 0.6821526908806048 0.6821526908806048 0.69314066410481 0.69298426068761 0.6841994535753173 0.6798927230435231 0.6429795215301972 0.6560306638491367
avg entropy: 0.6729323563153212
avg cont entropy: 0.6836025318868095
finish collecting initial predictions before optimization
all entropy: 0.653997573824967 0.6617933207764413 0.6821526908806048 0.6821526908806048 0.69314066410481 0.69298426068761 0.6841994535753173 0.6798927230435231 0.6429795215301972 0.6560306638491367
avg entropy: 0.6729323563153212
avg cont entropy: 0.6836025318868095
[INFO|trainer.py:1740] 2025-06-23 13:25:00,986 >> ***** Running training *****
[INFO|trainer.py:1741] 2025-06-23 13:25:00,986 >>   Num examples = 277
[INFO|trainer.py:1742] 2025-06-23 13:25:00,986 >>   Num Epochs = 100
[INFO|trainer.py:1743] 2025-06-23 13:25:00,986 >>   Instantaneous batch size per device = 1
[INFO|trainer.py:1744] 2025-06-23 13:25:00,986 >>   Total train batch size (w. parallel, distributed & accumulation) = 28
[INFO|trainer.py:1745] 2025-06-23 13:25:00,986 >>   Gradient Accumulation steps = 4
[INFO|trainer.py:1746] 2025-06-23 13:25:00,986 >>   Total optimization steps = 1000
finish collecting initial predictions before optimization
all entropy: 0.653997573824967 0.6617933207764413 0.6821526908806048 0.6821526908806048 0.69314066410481 0.69298426068761 0.6841994535753173 0.6798927230435231 0.6429795215301972 0.6560306638491367
avg entropy: 0.6729323563153212
avg cont entropy: 0.6836025318868095
finish collecting initial predictions before optimization
all entropy: 0.653997573824967 0.6617933207764413 0.6821526908806048 0.6821526908806048 0.69314066410481 0.69298426068761 0.6841994535753173 0.6798927230435231 0.6429795215301972 0.6560306638491367
avg entropy: 0.6729323563153212
avg cont entropy: 0.6836025318868095
{'loss': 0.2475, 'learning_rate': 2.0000000000000003e-06, 'epoch': 1.0}
{'loss': 0.248, 'learning_rate': 4.000000000000001e-06, 'epoch': 2.0}
{'loss': 0.2565, 'learning_rate': 6e-06, 'epoch': 3.0}
{'loss': 0.2495, 'learning_rate': 8.000000000000001e-06, 'epoch': 4.0}
{'loss': 0.2524, 'learning_rate': 1e-05, 'epoch': 5.0}
[INFO|trainer.py:2907] 2025-06-23 13:30:48,350 >> ***** Running Evaluation *****
[INFO|trainer.py:2909] 2025-06-23 13:30:48,350 >>   Num examples = 5540
[INFO|trainer.py:2912] 2025-06-23 13:30:48,350 >>   Batch size = 100
{'max_accuracy': np.float64(90.25), 'median_accuracy': np.float64(85.02), 'mean_accuracy': np.float64(85.31), 'min_accuracy': np.float64(81.95), 'std_accuracy': np.float64(2.41), 'avg_ensemble_accuracy': 85.56, 'vote_ensemble_accuracy': 85.92}
{'max_accuracy': np.float64(90.25), 'median_accuracy': np.float64(85.02), 'mean_accuracy': np.float64(85.31), 'min_accuracy': np.float64(81.95), 'std_accuracy': np.float64(2.41), 'avg_ensemble_accuracy': 85.56, 'vote_ensemble_accuracy': 85.92}
[INFO|trainer.py:2907] 2025-06-23 13:31:15,986 >> ***** Running Evaluation *****
[INFO|trainer.py:2909] 2025-06-23 13:31:15,986 >>   Num examples = 5540
[INFO|trainer.py:2912] 2025-06-23 13:31:15,986 >>   Batch size = 100
{'max_accuracy': np.float64(90.25), 'median_accuracy': np.float64(85.02), 'mean_accuracy': np.float64(85.31), 'min_accuracy': np.float64(81.95), 'std_accuracy': np.float64(2.41), 'avg_ensemble_accuracy': 85.56, 'vote_ensemble_accuracy': 85.92}
{'max_accuracy': np.float64(90.25), 'median_accuracy': np.float64(85.02), 'mean_accuracy': np.float64(85.31), 'min_accuracy': np.float64(81.95), 'std_accuracy': np.float64(2.41), 'avg_ensemble_accuracy': 85.56, 'vote_ensemble_accuracy': 85.92}
{'max_accuracy': np.float64(90.25), 'median_accuracy': np.float64(85.02), 'mean_accuracy': np.float64(85.31), 'min_accuracy': np.float64(81.95), 'std_accuracy': np.float64(2.41), 'avg_ensemble_accuracy': 85.56, 'vote_ensemble_accuracy': 85.92}
{'max_accuracy': np.float64(90.25), 'median_accuracy': np.float64(85.02), 'mean_accuracy': np.float64(85.31), 'min_accuracy': np.float64(81.95), 'std_accuracy': np.float64(2.41), 'avg_ensemble_accuracy': 85.56, 'vote_ensemble_accuracy': 85.92}
{'max_accuracy': np.float64(90.25), 'median_accuracy': np.float64(85.02), 'mean_accuracy': np.float64(85.31), 'min_accuracy': np.float64(81.95), 'std_accuracy': np.float64(2.41), 'avg_ensemble_accuracy': 85.56, 'vote_ensemble_accuracy': 85.92}
all entropy: 0.653997573824967 0.6617933207764413 0.6821526908806048 0.6810494166250649 0.69298426068761 0.69298426068761 0.6841994535753173 0.6810494166250649 0.6429795215301972 0.6560306638491367
avg entropy: 0.6729220579062014
avg cont entropy: 0.6835847201191584
delta all entropy: 0.0 0.0 0.0 -0.00110327425553991 -0.00015640341720002393 0.0 0.0 0.0011566935815418011 0.0 0.0
delta avg entropy: -1.0298409119813279e-05
all entropy: 0.653997573824967 0.6617933207764413 0.6821526908806048 0.6810494166250649 0.69298426068761 0.69298426068761 0.6841994535753173 0.6810494166250649 0.6429795215301972 0.6560306638491367
avg entropy: 0.6729220579062014
avg cont entropy: 0.6835847201191584
delta all entropy: 0.0 0.0 0.0 -0.00110327425553991 -0.00015640341720002393 0.0 0.0 0.0011566935815418011 0.0 0.0
delta avg entropy: -1.0298409119813279e-05
all entropy: 0.653997573824967 0.6617933207764413 0.6821526908806048 0.6810494166250649 0.69298426068761 0.69298426068761 0.6841994535753173 0.6810494166250649 0.6429795215301972 0.6560306638491367
avg entropy: 0.6729220579062014
avg cont entropy: 0.6835847201191584
delta all entropy: 0.0 0.0 0.0 -0.00110327425553991 -0.00015640341720002393 0.0 0.0 0.0011566935815418011 0.0 0.0
delta avg entropy: -1.0298409119813279e-05
all entropy: 0.653997573824967 0.6617933207764413 0.6821526908806048 0.6810494166250649 0.69298426068761 0.69298426068761 0.6841994535753173 0.6810494166250649 0.6429795215301972 0.6560306638491367
avg entropy: 0.6729220579062014
avg cont entropy: 0.6835847201191584
delta all entropy: 0.0 0.0 0.0 -0.00110327425553991 -0.00015640341720002393 0.0 0.0 0.0011566935815418011 0.0 0.0
delta avg entropy: -1.0298409119813279e-05
all entropy: 0.653997573824967 0.6617933207764413 0.6821526908806048 0.6810494166250649 0.69298426068761 0.69298426068761 0.6841994535753173 0.6810494166250649 0.6429795215301972 0.6560306638491367
avg entropy: 0.6729220579062014
avg cont entropy: 0.6835847201191584
delta all entropy: 0.0 0.0 0.0 -0.00110327425553991 -0.00015640341720002393 0.0 0.0 0.0011566935815418011 0.0 0.0
delta avg entropy: -1.0298409119813279e-05
all entropy: 0.653997573824967 0.6617933207764413 0.6821526908806048 0.6810494166250649 0.69298426068761 0.69298426068761 0.6841994535753173 0.6810494166250649 0.6429795215301972 0.6560306638491367
avg entropy: 0.6729220579062014
avg cont entropy: 0.6835847201191584
delta all entropy: 0.0 0.0 0.0 -0.00110327425553991 -0.00015640341720002393 0.0 0.0 0.0011566935815418011 0.0 0.0
delta avg entropy: -1.0298409119813279e-05
all entropy: 0.653997573824967 0.6617933207764413 0.6821526908806048 0.6810494166250649 0.69298426068761 0.69298426068761 0.6841994535753173 0.6810494166250649 0.6429795215301972 0.6560306638491367
avg entropy: 0.6729220579062014
avg cont entropy: 0.6835847201191584
delta all entropy: 0.0 0.0 0.0 -0.00110327425553991 -0.00015640341720002393 0.0 0.0 0.0011566935815418011 0.0 0.0
delta avg entropy: -1.0298409119813279e-05
{'loss': 0.2519, 'learning_rate': 1.2e-05, 'epoch': 6.0}
{'loss': 0.2528, 'learning_rate': 1.4e-05, 'epoch': 7.0}
{'loss': 0.2501, 'learning_rate': 1.6000000000000003e-05, 'epoch': 8.0}
{'loss': 0.2518, 'learning_rate': 1.8e-05, 'epoch': 9.0}
{'loss': 0.2455, 'learning_rate': 2e-05, 'epoch': 10.0}
[INFO|trainer.py:2907] 2025-06-23 13:37:29,182 >> ***** Running Evaluation *****
[INFO|trainer.py:2909] 2025-06-23 13:37:29,182 >>   Num examples = 5540
[INFO|trainer.py:2912] 2025-06-23 13:37:29,182 >>   Batch size = 100
{'max_accuracy': np.float64(90.61), 'median_accuracy': np.float64(84.48), 'mean_accuracy': np.float64(85.27), 'min_accuracy': np.float64(81.95), 'std_accuracy': np.float64(2.49), 'avg_ensemble_accuracy': 85.56, 'vote_ensemble_accuracy': 85.92}
{'max_accuracy': np.float64(90.61), 'median_accuracy': np.float64(84.48), 'mean_accuracy': np.float64(85.27), 'min_accuracy': np.float64(81.95), 'std_accuracy': np.float64(2.49), 'avg_ensemble_accuracy': 85.56, 'vote_ensemble_accuracy': 85.92}
{'max_accuracy': np.float64(90.61), 'median_accuracy': np.float64(84.48), 'mean_accuracy': np.float64(85.27), 'min_accuracy': np.float64(81.95), 'std_accuracy': np.float64(2.49), 'avg_ensemble_accuracy': 85.56, 'vote_ensemble_accuracy': 85.92}
{'max_accuracy': np.float64(90.61), 'median_accuracy': np.float64(84.48), 'mean_accuracy': np.float64(85.27), 'min_accuracy': np.float64(81.95), 'std_accuracy': np.float64(2.49), 'avg_ensemble_accuracy': 85.56, 'vote_ensemble_accuracy': 85.92}
{'max_accuracy': np.float64(90.61), 'median_accuracy': np.float64(84.48), 'mean_accuracy': np.float64(85.27), 'min_accuracy': np.float64(81.95), 'std_accuracy': np.float64(2.49), 'avg_ensemble_accuracy': 85.56, 'vote_ensemble_accuracy': 85.92}
{'max_accuracy': np.float64(90.61), 'median_accuracy': np.float64(84.48), 'mean_accuracy': np.float64(85.27), 'min_accuracy': np.float64(81.95), 'std_accuracy': np.float64(2.49), 'avg_ensemble_accuracy': 85.56, 'vote_ensemble_accuracy': 85.92}
[INFO|trainer.py:2907] 2025-06-23 13:37:57,422 >> ***** Running Evaluation *****
[INFO|trainer.py:2909] 2025-06-23 13:37:57,422 >>   Num examples = 5540
[INFO|trainer.py:2912] 2025-06-23 13:37:57,422 >>   Batch size = 100
{'max_accuracy': np.float64(90.61), 'median_accuracy': np.float64(84.48), 'mean_accuracy': np.float64(85.27), 'min_accuracy': np.float64(81.95), 'std_accuracy': np.float64(2.49), 'avg_ensemble_accuracy': 85.56, 'vote_ensemble_accuracy': 85.92}
all entropy: 0.653997573824967 0.6617933207764413 0.6821526908806048 0.6810494166250649 0.6930885314445381 0.6930885314445381 0.6841994535753173 0.678682484276075 0.6429795215301972 0.653997573824967
avg entropy: 0.672502909820271
avg cont entropy: 0.6835687308001381
delta all entropy: 0.0 0.0 0.0 -0.00110327425553991 -5.213266027193075e-05 0.00010427075692809318 0.0 -0.0012102387674480797 0.0 -0.002033090024169626
delta avg entropy: -0.0004294464950501453
all entropy: 0.653997573824967 0.6617933207764413 0.6821526908806048 0.6810494166250649 0.6930885314445381 0.6930885314445381 0.6841994535753173 0.678682484276075 0.6429795215301972 0.653997573824967
avg entropy: 0.672502909820271all entropy: 0.653997573824967 0.6617933207764413 0.6821526908806048 0.6810494166250649 0.6930885314445381 0.6930885314445381 0.6841994535753173 0.678682484276075 0.6429795215301972 0.653997573824967
avg cont entropy: 0.6835687308001381

delta all entropy: 0.0 0.0 0.0 -0.00110327425553991 -5.213266027193075e-05 0.00010427075692809318 0.0 -0.0012102387674480797 0.0 -0.002033090024169626
delta avg entropy: -0.0004294464950501453
avg entropy: 0.672502909820271
avg cont entropy: 0.6835687308001381
delta all entropy: 0.0 0.0 0.0 -0.00110327425553991 -5.213266027193075e-05 0.00010427075692809318 0.0 -0.0012102387674480797 0.0 -0.002033090024169626
delta avg entropy: -0.0004294464950501453
all entropy: 0.653997573824967 0.6617933207764413 0.6821526908806048 0.6810494166250649 0.6930885314445381 0.6930885314445381 0.6841994535753173 0.678682484276075 0.6429795215301972 0.653997573824967all entropy: 0.653997573824967 0.6617933207764413 0.6821526908806048 0.6810494166250649 0.6930885314445381 0.6930885314445381 0.6841994535753173 0.678682484276075 0.6429795215301972 0.653997573824967

avg entropy: 0.672502909820271
avg entropy: 0.672502909820271
avg cont entropy: 0.6835687308001381
avg cont entropy: 0.6835687308001381
delta all entropy: 0.0 0.0 0.0 -0.00110327425553991 -5.213266027193075e-05 0.00010427075692809318 0.0 -0.0012102387674480797 0.0 -0.002033090024169626delta all entropy: 0.0 0.0 0.0 -0.00110327425553991 -5.213266027193075e-05 0.00010427075692809318 0.0 -0.0012102387674480797 0.0 -0.002033090024169626

delta avg entropy: -0.0004294464950501453delta avg entropy: -0.0004294464950501453

all entropy: 0.653997573824967 0.6617933207764413 0.6821526908806048 0.6810494166250649 0.6930885314445381 0.6930885314445381 0.6841994535753173 0.678682484276075 0.6429795215301972 0.653997573824967
avg entropy: 0.672502909820271
avg cont entropy: 0.6835687308001381
delta all entropy: 0.0 0.0 0.0 -0.00110327425553991 -5.213266027193075e-05 0.00010427075692809318 0.0 -0.0012102387674480797 0.0 -0.002033090024169626
delta avg entropy: -0.0004294464950501453
all entropy: 0.653997573824967 0.6617933207764413 0.6821526908806048 0.6810494166250649 0.6930885314445381 0.6930885314445381 0.6841994535753173 0.678682484276075 0.6429795215301972 0.653997573824967
avg entropy: 0.672502909820271
avg cont entropy: 0.6835687308001381
delta all entropy: 0.0 0.0 0.0 -0.00110327425553991 -5.213266027193075e-05 0.00010427075692809318 0.0 -0.0012102387674480797 0.0 -0.002033090024169626
delta avg entropy: -0.0004294464950501453
{'loss': 0.256, 'learning_rate': 1.9778888888888892e-05, 'epoch': 11.0}
{'loss': 0.2525, 'learning_rate': 1.955777777777778e-05, 'epoch': 12.0}
{'loss': 0.252, 'learning_rate': 1.9336666666666667e-05, 'epoch': 13.0}
{'loss': 0.2557, 'learning_rate': 1.9115555555555558e-05, 'epoch': 14.0}
{'loss': 0.2638, 'learning_rate': 1.8894444444444446e-05, 'epoch': 15.0}
[INFO|trainer.py:2907] 2025-06-23 13:44:14,938 >> ***** Running Evaluation *****
[INFO|trainer.py:2909] 2025-06-23 13:44:14,938 >>   Num examples = 5540
[INFO|trainer.py:2912] 2025-06-23 13:44:14,938 >>   Batch size = 100
{'max_accuracy': np.float64(89.89), 'median_accuracy': np.float64(84.84), 'mean_accuracy': np.float64(85.09), 'min_accuracy': np.float64(81.59), 'std_accuracy': np.float64(2.48), 'avg_ensemble_accuracy': 85.92, 'vote_ensemble_accuracy': 85.92}
{'max_accuracy': np.float64(89.89), 'median_accuracy': np.float64(84.84), 'mean_accuracy': np.float64(85.09), 'min_accuracy': np.float64(81.59), 'std_accuracy': np.float64(2.48), 'avg_ensemble_accuracy': 85.92, 'vote_ensemble_accuracy': 85.92}
{'max_accuracy': np.float64(89.89), 'median_accuracy': np.float64(84.84), 'mean_accuracy': np.float64(85.09), 'min_accuracy': np.float64(81.59), 'std_accuracy': np.float64(2.48), 'avg_ensemble_accuracy': 85.92, 'vote_ensemble_accuracy': 85.92}
{'max_accuracy': np.float64(89.89), 'median_accuracy': np.float64(84.84), 'mean_accuracy': np.float64(85.09), 'min_accuracy': np.float64(81.59), 'std_accuracy': np.float64(2.48), 'avg_ensemble_accuracy': 85.92, 'vote_ensemble_accuracy': 85.92}
{'max_accuracy': np.float64(89.89), 'median_accuracy': np.float64(84.84), 'mean_accuracy': np.float64(85.09), 'min_accuracy': np.float64(81.59), 'std_accuracy': np.float64(2.48), 'avg_ensemble_accuracy': 85.92, 'vote_ensemble_accuracy': 85.92}
{'max_accuracy': np.float64(89.89), 'median_accuracy': np.float64(84.84), 'mean_accuracy': np.float64(85.09), 'min_accuracy': np.float64(81.59), 'std_accuracy': np.float64(2.48), 'avg_ensemble_accuracy': 85.92, 'vote_ensemble_accuracy': 85.92}
{'max_accuracy': np.float64(89.89), 'median_accuracy': np.float64(84.84), 'mean_accuracy': np.float64(85.09), 'min_accuracy': np.float64(81.59), 'std_accuracy': np.float64(2.48), 'avg_ensemble_accuracy': 85.92, 'vote_ensemble_accuracy': 85.92}
[INFO|trainer.py:2907] 2025-06-23 13:44:43,225 >> ***** Running Evaluation *****
[INFO|trainer.py:2909] 2025-06-23 13:44:43,226 >>   Num examples = 5540
[INFO|trainer.py:2912] 2025-06-23 13:44:43,226 >>   Batch size = 100
all entropy: 0.6429795215301972 0.6617933207764413 0.6832026653984116 0.6832026653984116 0.692358483831969 0.69314066410481 0.6860338939853872 0.6821526908806048 0.6429795215301972 0.6580074975533652
avg entropy: 0.6725850924989796
avg cont entropy: 0.6831453337249339
delta all entropy: -0.01101805229476982 0.0 0.001049974517806751 0.001049974517806751 -0.0007821802728410487 0.00015640341720002393 0.0018344404100698597 0.002259967837081711 0.0 0.00197683370422852
delta avg entropy: -0.00034726381634172523
all entropy: 0.6429795215301972 0.6617933207764413 0.6832026653984116 0.6832026653984116 0.692358483831969 0.69314066410481 0.6860338939853872 0.6821526908806048 0.6429795215301972 0.6580074975533652
avg entropy: 0.6725850924989796
avg cont entropy: 0.6831453337249339
delta all entropy: -0.01101805229476982 0.0 0.001049974517806751 0.001049974517806751 -0.0007821802728410487 0.00015640341720002393 0.0018344404100698597 0.002259967837081711 0.0 0.00197683370422852
delta avg entropy: -0.00034726381634172523
all entropy: 0.6429795215301972 0.6617933207764413 0.6832026653984116 0.6832026653984116 0.692358483831969 0.69314066410481 0.6860338939853872 0.6821526908806048 0.6429795215301972 0.6580074975533652
avg entropy: 0.6725850924989796
avg cont entropy: 0.6831453337249339
delta all entropy: -0.01101805229476982 0.0 0.001049974517806751 0.001049974517806751 -0.0007821802728410487 0.00015640341720002393 0.0018344404100698597 0.002259967837081711 0.0 0.00197683370422852
delta avg entropy: -0.00034726381634172523
all entropy: 0.6429795215301972 0.6617933207764413 0.6832026653984116 0.6832026653984116 0.692358483831969 0.69314066410481 0.6860338939853872 0.6821526908806048 0.6429795215301972 0.6580074975533652
avg entropy: 0.6725850924989796
avg cont entropy: 0.6831453337249339
delta all entropy: -0.01101805229476982 0.0 0.001049974517806751 0.001049974517806751 -0.0007821802728410487 0.00015640341720002393 0.0018344404100698597 0.002259967837081711 0.0 0.00197683370422852
delta avg entropy: -0.00034726381634172523
all entropy: 0.6429795215301972 0.6617933207764413 0.6832026653984116 0.6832026653984116 0.692358483831969 0.69314066410481 0.6860338939853872 0.6821526908806048 0.6429795215301972 0.6580074975533652
avg entropy: 0.6725850924989796
avg cont entropy: 0.6831453337249339
delta all entropy: -0.01101805229476982 0.0 0.001049974517806751 0.001049974517806751 -0.0007821802728410487 0.00015640341720002393 0.0018344404100698597 0.002259967837081711 0.0 0.00197683370422852
delta avg entropy: -0.00034726381634172523
all entropy: 0.6429795215301972 0.6617933207764413 0.6832026653984116 0.6832026653984116 0.692358483831969 0.69314066410481 0.6860338939853872 0.6821526908806048 0.6429795215301972 0.6580074975533652
avg entropy: 0.6725850924989796
avg cont entropy: 0.6831453337249339
delta all entropy: -0.01101805229476982 0.0 0.001049974517806751 0.001049974517806751 -0.0007821802728410487 0.00015640341720002393 0.0018344404100698597 0.002259967837081711 0.0 0.00197683370422852
delta avg entropy: -0.00034726381634172523
all entropy: 0.6429795215301972 0.6617933207764413 0.6832026653984116 0.6832026653984116 0.692358483831969 0.69314066410481 0.6860338939853872 0.6821526908806048 0.6429795215301972 0.6580074975533652
avg entropy: 0.6725850924989796
avg cont entropy: 0.6831453337249339
delta all entropy: -0.01101805229476982 0.0 0.001049974517806751 0.001049974517806751 -0.0007821802728410487 0.00015640341720002393 0.0018344404100698597 0.002259967837081711 0.0 0.00197683370422852
delta avg entropy: -0.00034726381634172523
{'loss': 0.2555, 'learning_rate': 1.8673333333333336e-05, 'epoch': 16.0}
{'loss': 0.2581, 'learning_rate': 1.8452222222222224e-05, 'epoch': 17.0}
{'loss': 0.2645, 'learning_rate': 1.823111111111111e-05, 'epoch': 18.0}
{'loss': 0.2644, 'learning_rate': 1.8010000000000002e-05, 'epoch': 19.0}
{'loss': 0.2689, 'learning_rate': 1.778888888888889e-05, 'epoch': 20.0}
[INFO|trainer.py:2907] 2025-06-23 13:50:53,965 >> ***** Running Evaluation *****
[INFO|trainer.py:2909] 2025-06-23 13:50:53,965 >>   Num examples = 5540
[INFO|trainer.py:2912] 2025-06-23 13:50:53,965 >>   Batch size = 100
{'max_accuracy': np.float64(89.53), 'median_accuracy': np.float64(84.66), 'mean_accuracy': np.float64(84.8), 'min_accuracy': np.float64(81.23), 'std_accuracy': np.float64(2.45), 'avg_ensemble_accuracy': 85.92, 'vote_ensemble_accuracy': 85.2}
{'max_accuracy': np.float64(89.53), 'median_accuracy': np.float64(84.66), 'mean_accuracy': np.float64(84.8), 'min_accuracy': np.float64(81.23), 'std_accuracy': np.float64(2.45), 'avg_ensemble_accuracy': 85.92, 'vote_ensemble_accuracy': 85.2}
{'max_accuracy': np.float64(89.53), 'median_accuracy': np.float64(84.66), 'mean_accuracy': np.float64(84.8), 'min_accuracy': np.float64(81.23), 'std_accuracy': np.float64(2.45), 'avg_ensemble_accuracy': 85.92, 'vote_ensemble_accuracy': 85.2}
[INFO|trainer.py:2907] 2025-06-23 13:51:21,684 >> ***** Running Evaluation *****
[INFO|trainer.py:2909] 2025-06-23 13:51:21,684 >>   Num examples = 5540
[INFO|trainer.py:2912] 2025-06-23 13:51:21,684 >>   Batch size = 100
{'max_accuracy': np.float64(89.53), 'median_accuracy': np.float64(84.66), 'mean_accuracy': np.float64(84.8), 'min_accuracy': np.float64(81.23), 'std_accuracy': np.float64(2.45), 'avg_ensemble_accuracy': 85.92, 'vote_ensemble_accuracy': 85.2}
{'max_accuracy': np.float64(89.53), 'median_accuracy': np.float64(84.66), 'mean_accuracy': np.float64(84.8), 'min_accuracy': np.float64(81.23), 'std_accuracy': np.float64(2.45), 'avg_ensemble_accuracy': 85.92, 'vote_ensemble_accuracy': 85.2}
{'max_accuracy': np.float64(89.53), 'median_accuracy': np.float64(84.66), 'mean_accuracy': np.float64(84.8), 'min_accuracy': np.float64(81.23), 'std_accuracy': np.float64(2.45), 'avg_ensemble_accuracy': 85.92, 'vote_ensemble_accuracy': 85.2}
{'max_accuracy': np.float64(89.53), 'median_accuracy': np.float64(84.66), 'mean_accuracy': np.float64(84.8), 'min_accuracy': np.float64(81.23), 'std_accuracy': np.float64(2.45), 'avg_ensemble_accuracy': 85.92, 'vote_ensemble_accuracy': 85.2}
all entropy: 0.6223258815178758 0.6702887419175763 0.6860338939853872 0.6841994535753173 0.6920454974061679 0.6928278409578548 0.6890688576857509 0.6851431626922719 0.6519079859154411 0.6686996168320491
avg entropy: 0.6742540932485692
avg cont entropy: 0.6820818517744907
delta all entropy: -0.031671692307091215 0.008495421141134996 0.003881203104782349 0.0020467626947124895 -0.0010951666986420694 -0.00015641972975521945 0.004869404110433573 0.005250439648748828 0.008928464385243862 0.012668952982912485
delta avg entropy: 0.0013217369332480077
all entropy: 0.6223258815178758 0.6702887419175763 0.6860338939853872 0.6841994535753173 0.6920454974061679 0.6928278409578548 0.6890688576857509 0.6851431626922719 0.6519079859154411 0.6686996168320491
avg entropy: 0.6742540932485692
avg cont entropy: 0.6820818517744907
delta all entropy: -0.031671692307091215 0.008495421141134996 0.003881203104782349 0.0020467626947124895 -0.0010951666986420694 -0.00015641972975521945 0.004869404110433573 0.005250439648748828 0.008928464385243862 0.012668952982912485
delta avg entropy: 0.0013217369332480077
all entropy: 0.6223258815178758 0.6702887419175763 0.6860338939853872 0.6841994535753173 0.6920454974061679 0.6928278409578548 0.6890688576857509 0.6851431626922719 0.6519079859154411 0.6686996168320491
avg entropy: 0.6742540932485692
avg cont entropy: 0.6820818517744907
delta all entropy: -0.031671692307091215 0.008495421141134996 0.003881203104782349 0.0020467626947124895 -0.0010951666986420694 -0.00015641972975521945 0.004869404110433573 0.005250439648748828 0.008928464385243862 0.012668952982912485
delta avg entropy: 0.0013217369332480077
all entropy: 0.6223258815178758 0.6702887419175763 0.6860338939853872 0.6841994535753173 0.6920454974061679 0.6928278409578548 0.6890688576857509 0.6851431626922719 0.6519079859154411 0.6686996168320491
avg entropy: 0.6742540932485692
avg cont entropy: 0.6820818517744907
delta all entropy: -0.031671692307091215 0.008495421141134996 0.003881203104782349 0.0020467626947124895 -0.0010951666986420694 -0.00015641972975521945 0.004869404110433573 0.005250439648748828 0.008928464385243862 0.012668952982912485
delta avg entropy: 0.0013217369332480077
all entropy: 0.6223258815178758 0.6702887419175763 0.6860338939853872 0.6841994535753173 0.6920454974061679 0.6928278409578548 0.6890688576857509 0.6851431626922719 0.6519079859154411 0.6686996168320491
avg entropy: 0.6742540932485692
avg cont entropy: 0.6820818517744907
delta all entropy: -0.031671692307091215 0.008495421141134996 0.003881203104782349 0.0020467626947124895 -0.0010951666986420694 -0.00015641972975521945 0.004869404110433573 0.005250439648748828 0.008928464385243862 0.012668952982912485
delta avg entropy: 0.0013217369332480077
all entropy: 0.6223258815178758 0.6702887419175763 0.6860338939853872 0.6841994535753173 0.6920454974061679 0.6928278409578548 0.6890688576857509 0.6851431626922719 0.6519079859154411 0.6686996168320491
avg entropy: 0.6742540932485692
avg cont entropy: 0.6820818517744907
delta all entropy: -0.031671692307091215 0.008495421141134996 0.003881203104782349 0.0020467626947124895 -0.0010951666986420694 -0.00015641972975521945 0.004869404110433573 0.005250439648748828 0.008928464385243862 0.012668952982912485
delta avg entropy: 0.0013217369332480077
all entropy: 0.6223258815178758 0.6702887419175763 0.6860338939853872 0.6841994535753173 0.6920454974061679 0.6928278409578548 0.6890688576857509 0.6851431626922719 0.6519079859154411 0.6686996168320491
avg entropy: 0.6742540932485692
avg cont entropy: 0.6820818517744907
delta all entropy: -0.031671692307091215 0.008495421141134996 0.003881203104782349 0.0020467626947124895 -0.0010951666986420694 -0.00015641972975521945 0.004869404110433573 0.005250439648748828 0.008928464385243862 0.012668952982912485
delta avg entropy: 0.0013217369332480077
{'loss': 0.2626, 'learning_rate': 1.756777777777778e-05, 'epoch': 21.0}
{'loss': 0.2797, 'learning_rate': 1.7346666666666668e-05, 'epoch': 22.0}
{'loss': 0.2831, 'learning_rate': 1.712555555555556e-05, 'epoch': 23.0}
{'loss': 0.2831, 'learning_rate': 1.6904444444444446e-05, 'epoch': 24.0}
{'loss': 0.2895, 'learning_rate': 1.6683333333333337e-05, 'epoch': 25.0}
[INFO|trainer.py:2907] 2025-06-23 13:57:36,155 >> ***** Running Evaluation *****
[INFO|trainer.py:2909] 2025-06-23 13:57:36,155 >>   Num examples = 5540
[INFO|trainer.py:2912] 2025-06-23 13:57:36,155 >>   Batch size = 100
{'max_accuracy': np.float64(88.45), 'median_accuracy': np.float64(83.94), 'mean_accuracy': np.float64(84.15), 'min_accuracy': np.float64(76.9), 'std_accuracy': np.float64(3.31), 'avg_ensemble_accuracy': 86.64, 'vote_ensemble_accuracy': 85.2}
{'max_accuracy': np.float64(88.45), 'median_accuracy': np.float64(83.94), 'mean_accuracy': np.float64(84.15), 'min_accuracy': np.float64(76.9), 'std_accuracy': np.float64(3.31), 'avg_ensemble_accuracy': 86.64, 'vote_ensemble_accuracy': 85.2}
{'max_accuracy': np.float64(88.45), 'median_accuracy': np.float64(83.94), 'mean_accuracy': np.float64(84.15), 'min_accuracy': np.float64(76.9), 'std_accuracy': np.float64(3.31), 'avg_ensemble_accuracy': 86.64, 'vote_ensemble_accuracy': 85.2}
{'max_accuracy': np.float64(88.45), 'median_accuracy': np.float64(83.94), 'mean_accuracy': np.float64(84.15), 'min_accuracy': np.float64(76.9), 'std_accuracy': np.float64(3.31), 'avg_ensemble_accuracy': 86.64, 'vote_ensemble_accuracy': 85.2}
{'max_accuracy': np.float64(88.45), 'median_accuracy': np.float64(83.94), 'mean_accuracy': np.float64(84.15), 'min_accuracy': np.float64(76.9), 'std_accuracy': np.float64(3.31), 'avg_ensemble_accuracy': 86.64, 'vote_ensemble_accuracy': 85.2}
{'max_accuracy': np.float64(88.45), 'median_accuracy': np.float64(83.94), 'mean_accuracy': np.float64(84.15), 'min_accuracy': np.float64(76.9), 'std_accuracy': np.float64(3.31), 'avg_ensemble_accuracy': 86.64, 'vote_ensemble_accuracy': 85.2}
[INFO|trainer.py:2907] 2025-06-23 13:58:04,217 >> ***** Running Evaluation *****
[INFO|trainer.py:2909] 2025-06-23 13:58:04,218 >>   Num examples = 5540
[INFO|trainer.py:2912] 2025-06-23 13:58:04,218 >>   Batch size = 100
{'max_accuracy': np.float64(88.45), 'median_accuracy': np.float64(83.94), 'mean_accuracy': np.float64(84.15), 'min_accuracy': np.float64(76.9), 'std_accuracy': np.float64(3.31), 'avg_ensemble_accuracy': 86.64, 'vote_ensemble_accuracy': 85.2}
all entropy: 0.5767250226203613 0.6761008358708656 0.6907928972351914 0.6907928972351914 0.6883891439800401 0.6902706709253009 0.691680263917418 0.6890688576857509 0.6580074975533652 0.6733033357438176
avg entropy: 0.6725131422767302
avg cont entropy: 0.6792108237307187
delta all entropy: -0.07727255120460574 0.014307515094424295 0.008640206354586621 0.008640206354586621 -0.00475152012476987 -0.0027135897623090655 0.0074808103421006855 0.009176134642227773 0.015027976023167966 0.017272671894680958
delta avg entropy: -0.00041921403859097596
all entropy: 0.5767250226203613 0.6761008358708656 0.6907928972351914 0.6907928972351914 0.6883891439800401 0.6902706709253009 0.691680263917418 0.6890688576857509 0.6580074975533652 0.6733033357438176
avg entropy: 0.6725131422767302
avg cont entropy: 0.6792108237307187
delta all entropy: -0.07727255120460574 0.014307515094424295 0.008640206354586621 0.008640206354586621 -0.00475152012476987 -0.0027135897623090655 0.0074808103421006855 0.009176134642227773 0.015027976023167966 0.017272671894680958
delta avg entropy: -0.00041921403859097596
all entropy: 0.5767250226203613 0.6761008358708656 0.6907928972351914 0.6907928972351914 0.6883891439800401 0.6902706709253009 0.691680263917418 0.6890688576857509 0.6580074975533652 0.6733033357438176
avg entropy: 0.6725131422767302
avg cont entropy: 0.6792108237307187
delta all entropy: -0.07727255120460574 0.014307515094424295 0.008640206354586621 0.008640206354586621 -0.00475152012476987 -0.0027135897623090655 0.0074808103421006855 0.009176134642227773 0.015027976023167966 0.017272671894680958
delta avg entropy: -0.00041921403859097596
all entropy: 0.5767250226203613 0.6761008358708656 0.6907928972351914 0.6907928972351914 0.6883891439800401 0.6902706709253009 0.691680263917418 0.6890688576857509 0.6580074975533652 0.6733033357438176
avg entropy: 0.6725131422767302
avg cont entropy: 0.6792108237307187
delta all entropy: -0.07727255120460574 0.014307515094424295 0.008640206354586621 0.008640206354586621 -0.00475152012476987 -0.0027135897623090655 0.0074808103421006855 0.009176134642227773 0.015027976023167966 0.017272671894680958
delta avg entropy: -0.00041921403859097596
all entropy: 0.5767250226203613 0.6761008358708656 0.6907928972351914 0.6907928972351914 0.6883891439800401 0.6902706709253009 0.691680263917418 0.6890688576857509 0.6580074975533652 0.6733033357438176
avg entropy: 0.6725131422767302
avg cont entropy: 0.6792108237307187
delta all entropy: -0.07727255120460574 0.014307515094424295 0.008640206354586621 0.008640206354586621 -0.00475152012476987 -0.0027135897623090655 0.0074808103421006855 0.009176134642227773 0.015027976023167966 0.017272671894680958
delta avg entropy: -0.00041921403859097596
all entropy: 0.5767250226203613 0.6761008358708656 0.6907928972351914 0.6907928972351914 0.6883891439800401 0.6902706709253009 0.691680263917418 0.6890688576857509 0.6580074975533652 0.6733033357438176
avg entropy: 0.6725131422767302
avg cont entropy: 0.6792108237307187
