07/09/2025 17:40:43 - INFO - __main__ - tune decoder.block.13.layer.2.DenseReluDense.wo.ef_lora_B
07/09/2025 17:40:43 - INFO - __main__ - tune decoder.block.14.layer.2.DenseReluDense.wi_0.ef_lora_A
07/09/2025 17:40:43 - INFO - __main__ - tune decoder.block.14.layer.2.DenseReluDense.wi_0.ef_lora_B
07/09/2025 17:40:43 - INFO - __main__ - tune decoder.block.14.layer.2.DenseReluDense.wo.ef_lora_A
07/09/2025 17:40:43 - INFO - __main__ - tune decoder.block.14.layer.2.DenseReluDense.wo.ef_lora_B
07/09/2025 17:40:43 - INFO - __main__ - tune decoder.block.15.layer.2.DenseReluDense.wi_0.ef_lora_A
07/09/2025 17:40:43 - INFO - __main__ - tune decoder.block.15.layer.2.DenseReluDense.wi_0.ef_lora_B
07/09/2025 17:40:43 - INFO - __main__ - tune decoder.block.15.layer.2.DenseReluDense.wo.ef_lora_A
07/09/2025 17:40:43 - INFO - __main__ - tune decoder.block.15.layer.2.DenseReluDense.wo.ef_lora_B
07/09/2025 17:40:43 - INFO - __main__ - tune decoder.block.16.layer.2.DenseReluDense.wi_0.ef_lora_A
07/09/2025 17:40:43 - INFO - __main__ - tune decoder.block.16.layer.2.DenseReluDense.wi_0.ef_lora_B
07/09/2025 17:40:43 - INFO - __main__ - tune decoder.block.16.layer.2.DenseReluDense.wo.ef_lora_A
07/09/2025 17:40:43 - INFO - __main__ - tune decoder.block.16.layer.2.DenseReluDense.wo.ef_lora_B
07/09/2025 17:40:43 - INFO - __main__ - tune decoder.block.17.layer.2.DenseReluDense.wi_0.ef_lora_A
07/09/2025 17:40:43 - INFO - __main__ - tune decoder.block.17.layer.2.DenseReluDense.wi_0.ef_lora_B
07/09/2025 17:40:43 - INFO - __main__ - tune decoder.block.17.layer.2.DenseReluDense.wo.ef_lora_A
07/09/2025 17:40:43 - INFO - __main__ - tune decoder.block.17.layer.2.DenseReluDense.wo.ef_lora_B
07/09/2025 17:40:43 - INFO - __main__ - tune decoder.block.18.layer.2.DenseReluDense.wi_0.ef_lora_A
07/09/2025 17:40:43 - INFO - __main__ - tune decoder.block.18.layer.2.DenseReluDense.wi_0.ef_lora_B
07/09/2025 17:40:43 - INFO - __main__ - tune decoder.block.18.layer.2.DenseReluDense.wo.ef_lora_A
07/09/2025 17:40:43 - INFO - __main__ - tune decoder.block.18.layer.2.DenseReluDense.wo.ef_lora_B
07/09/2025 17:40:43 - INFO - __main__ - tune decoder.block.19.layer.2.DenseReluDense.wi_0.ef_lora_A
07/09/2025 17:40:43 - INFO - __main__ - tune decoder.block.19.layer.2.DenseReluDense.wi_0.ef_lora_B
07/09/2025 17:40:43 - INFO - __main__ - tune decoder.block.19.layer.2.DenseReluDense.wo.ef_lora_A
07/09/2025 17:40:43 - INFO - __main__ - tune decoder.block.19.layer.2.DenseReluDense.wo.ef_lora_B
07/09/2025 17:40:43 - INFO - __main__ - tune decoder.block.20.layer.2.DenseReluDense.wi_0.ef_lora_A
07/09/2025 17:40:43 - INFO - __main__ - tune decoder.block.20.layer.2.DenseReluDense.wi_0.ef_lora_B
07/09/2025 17:40:43 - INFO - __main__ - tune decoder.block.20.layer.2.DenseReluDense.wo.ef_lora_A
07/09/2025 17:40:43 - INFO - __main__ - tune decoder.block.20.layer.2.DenseReluDense.wo.ef_lora_B
07/09/2025 17:40:43 - INFO - __main__ - tune decoder.block.21.layer.2.DenseReluDense.wi_0.ef_lora_A
07/09/2025 17:40:43 - INFO - __main__ - tune decoder.block.21.layer.2.DenseReluDense.wi_0.ef_lora_B
07/09/2025 17:40:43 - INFO - __main__ - tune decoder.block.21.layer.2.DenseReluDense.wo.ef_lora_A
07/09/2025 17:40:43 - INFO - __main__ - tune decoder.block.21.layer.2.DenseReluDense.wo.ef_lora_B
07/09/2025 17:40:43 - INFO - __main__ - tune decoder.block.22.layer.2.DenseReluDense.wi_0.ef_lora_A
07/09/2025 17:40:43 - INFO - __main__ - tune decoder.block.22.layer.2.DenseReluDense.wi_0.ef_lora_B
07/09/2025 17:40:43 - INFO - __main__ - tune decoder.block.22.layer.2.DenseReluDense.wo.ef_lora_A
07/09/2025 17:40:43 - INFO - __main__ - tune decoder.block.22.layer.2.DenseReluDense.wo.ef_lora_B
07/09/2025 17:40:43 - INFO - __main__ - tune decoder.block.23.layer.2.DenseReluDense.wi_0.ef_lora_A
07/09/2025 17:40:43 - INFO - __main__ - tune decoder.block.23.layer.2.DenseReluDense.wi_0.ef_lora_B
07/09/2025 17:40:43 - INFO - __main__ - tune decoder.block.23.layer.2.DenseReluDense.wo.ef_lora_A
07/09/2025 17:40:43 - INFO - __main__ - tune decoder.block.23.layer.2.DenseReluDense.wo.ef_lora_B
super_glue/rte has 10 original task prompts, number choices = 2, total test examples = 277
Building TTT training set: validation!
07/09/2025 17:41:14 - INFO - __main__ - there are 10 prompts in total
07/09/2025 17:41:14 - INFO - __main__ - using 5 prompts  during training
super_glue/rte has 10 original task prompts, number choices = 2, total test examples = 277
Building TTT training set: validation!
super_glue/rte has 10 original task prompts, number choices = 2, total test examples = 277
Building TTT evaluation test set!
super_glue/rte has 10 original task prompts, number choices = 2, total test examples = 277
Building TTT training set: validation!
Overwrite dataset info from restored data version if exists.
07/09/2025 17:41:16 - INFO - datasets.builder - Overwrite dataset info from restored data version if exists.
Loading Dataset info from /home/parsa/Codebases/GitHub_Repositories/swarm-distillation-zero-shot/pretrain_models/huggingface/super_glue/rte/0.0.0/3de24cf8022e94f4ee4b9d55a6f539891524d646
07/09/2025 17:41:16 - INFO - datasets.info - Loading Dataset info from /home/parsa/Codebases/GitHub_Repositories/swarm-distillation-zero-shot/pretrain_models/huggingface/super_glue/rte/0.0.0/3de24cf8022e94f4ee4b9d55a6f539891524d646
Found cached dataset super_glue (/home/parsa/Codebases/GitHub_Repositories/swarm-distillation-zero-shot/pretrain_models/huggingface/super_glue/rte/0.0.0/3de24cf8022e94f4ee4b9d55a6f539891524d646)
07/09/2025 17:41:16 - INFO - datasets.builder - Found cached dataset super_glue (/home/parsa/Codebases/GitHub_Repositories/swarm-distillation-zero-shot/pretrain_models/huggingface/super_glue/rte/0.0.0/3de24cf8022e94f4ee4b9d55a6f539891524d646)
Loading Dataset info from /home/parsa/Codebases/GitHub_Repositories/swarm-distillation-zero-shot/pretrain_models/huggingface/super_glue/rte/0.0.0/3de24cf8022e94f4ee4b9d55a6f539891524d646
07/09/2025 17:41:16 - INFO - datasets.info - Loading Dataset info from /home/parsa/Codebases/GitHub_Repositories/swarm-distillation-zero-shot/pretrain_models/huggingface/super_glue/rte/0.0.0/3de24cf8022e94f4ee4b9d55a6f539891524d646
super_glue/rte has 10 original task prompts, number choices = 2, total test examples = 277
07/09/2025 17:41:16 - INFO - __main__ - train data number prompts: 10
Building TTT training set: validation!
super_glue/rte has 10 original task prompts, number choices = 2, total test examples = 277
Building TTT training set: validation!
super_glue/rte has 10 original task prompts, number choices = 2, total test examples = 277
Building TTT training set: validation!
Building TTT evaluation test set!
super_glue/rte has 10 original task prompts, number choices = 2, total test examples = 277
Building TTT evaluation test set!
Overwrite dataset info from restored data version if exists.
07/09/2025 17:41:24 - INFO - datasets.builder - Overwrite dataset info from restored data version if exists.
Loading Dataset info from /home/parsa/Codebases/GitHub_Repositories/swarm-distillation-zero-shot/pretrain_models/huggingface/super_glue/rte/0.0.0/3de24cf8022e94f4ee4b9d55a6f539891524d646
07/09/2025 17:41:24 - INFO - datasets.info - Loading Dataset info from /home/parsa/Codebases/GitHub_Repositories/swarm-distillation-zero-shot/pretrain_models/huggingface/super_glue/rte/0.0.0/3de24cf8022e94f4ee4b9d55a6f539891524d646
Found cached dataset super_glue (/home/parsa/Codebases/GitHub_Repositories/swarm-distillation-zero-shot/pretrain_models/huggingface/super_glue/rte/0.0.0/3de24cf8022e94f4ee4b9d55a6f539891524d646)
07/09/2025 17:41:24 - INFO - datasets.builder - Found cached dataset super_glue (/home/parsa/Codebases/GitHub_Repositories/swarm-distillation-zero-shot/pretrain_models/huggingface/super_glue/rte/0.0.0/3de24cf8022e94f4ee4b9d55a6f539891524d646)
Loading Dataset info from /home/parsa/Codebases/GitHub_Repositories/swarm-distillation-zero-shot/pretrain_models/huggingface/super_glue/rte/0.0.0/3de24cf8022e94f4ee4b9d55a6f539891524d646
07/09/2025 17:41:24 - INFO - datasets.info - Loading Dataset info from /home/parsa/Codebases/GitHub_Repositories/swarm-distillation-zero-shot/pretrain_models/huggingface/super_glue/rte/0.0.0/3de24cf8022e94f4ee4b9d55a6f539891524d646
super_glue/rte has 10 original task prompts, number choices = 2, total test examples = 277
Building TTT evaluation test set!
super_glue/rte has 10 original task prompts, number choices = 2, total test examples = 277
Building TTT evaluation test set!
super_glue/rte has 10 original task prompts, number choices = 2, total test examples = 277
Building TTT evaluation test set!
super_glue/rte has 10 original task prompts, number choices = 2, total test examples = 277
Building TTT evaluation test set!
Building TTT evaluation test set!
Building TTT evaluation test set!
Building TTT evaluation test set!
Building TTT evaluation test set!
Building TTT evaluation test set!
07/09/2025 17:41:35 - INFO - __main__ - prompt groups [[0], [1, 2, 3, 4, 5, 6, 7, 8, 9]]
[INFO|trainer.py:430] 2025-07-09 17:41:38,496 >> max_steps is given, it will override any value given in num_train_epochs
[INFO|trainer.py:450] 2025-07-09 17:41:38,496 >> Using amp half precision backend
[INFO|trainer.py:634] 2025-07-09 17:41:38,497 >> build train sampler!
[INFO|deepspeed.py:336] 2025-07-09 17:41:38,498 >> Detected ZeRO Offload and non-DeepSpeed optimizers: This combination should work as long as the custom optimizer has both CPU and GPU implementation (except LAMB)
[2025-07-09 17:41:38,527] [INFO] [logging.py:107:log_dist] [Rank 0] DeepSpeed info: version=0.17.1, git-hash=unknown, git-branch=unknown
[2025-07-09 17:41:38,527] [INFO] [config.py:655:__init__] Config mesh_device None world_size = 6
[2025-07-09 17:42:06,015] [INFO] [engine.py:1325:_configure_distributed_model] ********** distributed groups summary **********
	 self.dp_world_size=6
	 self.mp_world_size=1
	 self.seq_dp_world_size=6
	 self.sequence_parallel_size=1
***********************************************
bosco:3773453:3773453 [0] NCCL INFO Bootstrap: Using enp3s0f0:10.32.37.23<0>
bosco:3773453:3773453 [0] NCCL INFO cudaDriverVersion 12080
bosco:3773453:3773453 [0] NCCL INFO NCCL version 2.26.2+cuda12.2
bosco:3773453:3773453 [0] NCCL INFO Comm config Blocking set to 1
bosco:3773458:3773458 [5] NCCL INFO cudaDriverVersion 12080
bosco:3773458:3773458 [5] NCCL INFO Bootstrap: Using enp3s0f0:10.32.37.23<0>
bosco:3773458:3773458 [5] NCCL INFO NCCL version 2.26.2+cuda12.2
bosco:3773456:3773456 [3] NCCL INFO cudaDriverVersion 12080
bosco:3773456:3773456 [3] NCCL INFO Bootstrap: Using enp3s0f0:10.32.37.23<0>
bosco:3773456:3773456 [3] NCCL INFO NCCL version 2.26.2+cuda12.2
bosco:3773458:3773458 [5] NCCL INFO Comm config Blocking set to 1
bosco:3773456:3773456 [3] NCCL INFO Comm config Blocking set to 1
bosco:3773453:3776719 [0] NCCL INFO NET/Plugin: Could not find: libnccl-net.so. Using internal net plugin.
bosco:3773453:3776719 [0] NCCL INFO NET/IB : No device found.
bosco:3773453:3776719 [0] NCCL INFO NET/IB : Using [RO]; OOB enp3s0f0:10.32.37.23<0>
bosco:3773453:3776719 [0] NCCL INFO NET/Socket : Using [0]enp3s0f0:10.32.37.23<0>
bosco:3773453:3776719 [0] NCCL INFO PROFILER/Plugin: Could not find: libnccl-profiler.so. 
bosco:3773453:3776719 [0] NCCL INFO Using network Socket
bosco:3773453:3776719 [0] NCCL INFO ncclCommInitRankConfig comm 0x55e808b6a1b0 rank 0 nranks 6 cudaDev 0 nvmlDev 0 busId 2d000 commId 0x47b6c239c9854bc2 - Init START
bosco:3773458:3776720 [5] NCCL INFO NET/Plugin: Could not find: libnccl-net.so. Using internal net plugin.
bosco:3773458:3776720 [5] NCCL INFO NET/IB : No device found.
bosco:3773458:3776720 [5] NCCL INFO NET/IB : Using [RO]; OOB enp3s0f0:10.32.37.23<0>
bosco:3773458:3776720 [5] NCCL INFO NET/Socket : Using [0]enp3s0f0:10.32.37.23<0>
bosco:3773458:3776720 [5] NCCL INFO PROFILER/Plugin: Could not find: libnccl-profiler.so. 
bosco:3773458:3776720 [5] NCCL INFO Using network Socket
bosco:3773458:3776720 [5] NCCL INFO ncclCommInitRankConfig comm 0x55c65e5fbf90 rank 5 nranks 6 cudaDev 5 nvmlDev 5 busId ae000 commId 0x47b6c239c9854bc2 - Init START
bosco:3773456:3776721 [3] NCCL INFO NET/Plugin: Could not find: libnccl-net.so. Using internal net plugin.
bosco:3773456:3776721 [3] NCCL INFO NET/IB : No device found.
bosco:3773456:3776721 [3] NCCL INFO NET/IB : Using [RO]; OOB enp3s0f0:10.32.37.23<0>
bosco:3773456:3776721 [3] NCCL INFO NET/Socket : Using [0]enp3s0f0:10.32.37.23<0>
bosco:3773456:3776721 [3] NCCL INFO PROFILER/Plugin: Could not find: libnccl-profiler.so. 
bosco:3773456:3776721 [3] NCCL INFO Using network Socket
bosco:3773456:3776721 [3] NCCL INFO ncclCommInitRankConfig comm 0x559c1df391d0 rank 3 nranks 6 cudaDev 3 nvmlDev 3 busId 3c000 commId 0x47b6c239c9854bc2 - Init START
bosco:3773457:3773457 [4] NCCL INFO cudaDriverVersion 12080
bosco:3773457:3773457 [4] NCCL INFO Bootstrap: Using enp3s0f0:10.32.37.23<0>
bosco:3773457:3773457 [4] NCCL INFO NCCL version 2.26.2+cuda12.2
bosco:3773457:3773457 [4] NCCL INFO Comm config Blocking set to 1
bosco:3773457:3776741 [4] NCCL INFO NET/Plugin: Could not find: libnccl-net.so. Using internal net plugin.
bosco:3773457:3776741 [4] NCCL INFO NET/IB : No device found.
bosco:3773457:3776741 [4] NCCL INFO NET/IB : Using [RO]; OOB enp3s0f0:10.32.37.23<0>
bosco:3773457:3776741 [4] NCCL INFO NET/Socket : Using [0]enp3s0f0:10.32.37.23<0>
bosco:3773457:3776741 [4] NCCL INFO PROFILER/Plugin: Could not find: libnccl-profiler.so. 
bosco:3773457:3776741 [4] NCCL INFO Using network Socket
bosco:3773457:3776741 [4] NCCL INFO ncclCommInitRankConfig comm 0x56007ca193d0 rank 4 nranks 6 cudaDev 4 nvmlDev 4 busId ad000 commId 0x47b6c239c9854bc2 - Init START
bosco:3773457:3776741 [4] NCCL INFO RAS client listening socket at 127.0.0.1<28028>
bosco:3773458:3776720 [5] NCCL INFO RAS client listening socket at 127.0.0.1<28028>
bosco:3773455:3773455 [2] NCCL INFO cudaDriverVersion 12080
bosco:3773455:3773455 [2] NCCL INFO Bootstrap: Using enp3s0f0:10.32.37.23<0>
bosco:3773455:3773455 [2] NCCL INFO NCCL version 2.26.2+cuda12.2
bosco:3773455:3773455 [2] NCCL INFO Comm config Blocking set to 1
bosco:3773455:3776759 [2] NCCL INFO NET/Plugin: Could not find: libnccl-net.so. Using internal net plugin.
bosco:3773455:3776759 [2] NCCL INFO NET/IB : No device found.
bosco:3773455:3776759 [2] NCCL INFO NET/IB : Using [RO]; OOB enp3s0f0:10.32.37.23<0>
bosco:3773455:3776759 [2] NCCL INFO NET/Socket : Using [0]enp3s0f0:10.32.37.23<0>
bosco:3773455:3776759 [2] NCCL INFO PROFILER/Plugin: Could not find: libnccl-profiler.so. 
bosco:3773455:3776759 [2] NCCL INFO Using network Socket
bosco:3773455:3776759 [2] NCCL INFO ncclCommInitRankConfig comm 0x562e5fc4bb10 rank 2 nranks 6 cudaDev 2 nvmlDev 2 busId 3b000 commId 0x47b6c239c9854bc2 - Init START
bosco:3773456:3776721 [3] NCCL INFO RAS client listening socket at 127.0.0.1<28028>
bosco:3773454:3773454 [1] NCCL INFO cudaDriverVersion 12080
bosco:3773454:3773454 [1] NCCL INFO Bootstrap: Using enp3s0f0:10.32.37.23<0>
bosco:3773454:3773454 [1] NCCL INFO NCCL version 2.26.2+cuda12.2
bosco:3773454:3773454 [1] NCCL INFO Comm config Blocking set to 1
bosco:3773454:3776770 [1] NCCL INFO NET/Plugin: Could not find: libnccl-net.so. Using internal net plugin.
bosco:3773454:3776770 [1] NCCL INFO NET/IB : No device found.
bosco:3773454:3776770 [1] NCCL INFO NET/IB : Using [RO]; OOB enp3s0f0:10.32.37.23<0>
bosco:3773454:3776770 [1] NCCL INFO NET/Socket : Using [0]enp3s0f0:10.32.37.23<0>
bosco:3773454:3776770 [1] NCCL INFO PROFILER/Plugin: Could not find: libnccl-profiler.so. 
bosco:3773454:3776770 [1] NCCL INFO Using network Socket
bosco:3773454:3776770 [1] NCCL INFO ncclCommInitRankConfig comm 0x55737fb9c3d0 rank 1 nranks 6 cudaDev 1 nvmlDev 1 busId 3a000 commId 0x47b6c239c9854bc2 - Init START
bosco:3773453:3776719 [0] NCCL INFO RAS client listening socket at 127.0.0.1<28028>
bosco:3773455:3776759 [2] NCCL INFO RAS client listening socket at 127.0.0.1<28028>
bosco:3773454:3776770 [1] NCCL INFO RAS client listening socket at 127.0.0.1<28028>
bosco:3773453:3776719 [0] NCCL INFO Bootstrap timings total 8.620605 (create 0.000029, send 0.000112, recv 8.619880, ring 0.000193, delay 0.000000)
bosco:3773454:3776770 [1] NCCL INFO Bootstrap timings total 0.001188 (create 0.000031, send 0.000131, recv 0.000556, ring 0.000167, delay 0.000001)
bosco:3773458:3776720 [5] NCCL INFO Bootstrap timings total 8.581313 (create 0.000026, send 0.000094, recv 0.000446, ring 6.251115, delay 0.000000)
bosco:3773457:3776741 [4] NCCL INFO Bootstrap timings total 6.251958 (create 0.000032, send 0.000159, recv 0.000275, ring 6.251139, delay 0.000000)
bosco:3773456:3776721 [3] NCCL INFO Bootstrap timings total 8.562164 (create 0.000018, send 0.000082, recv 2.310529, ring 2.244819, delay 0.000000)
bosco:3773455:3776759 [2] NCCL INFO Bootstrap timings total 2.245629 (create 0.000026, send 0.000104, recv 0.000210, ring 0.000157, delay 0.000000)
bosco:3773458:3776720 [5] NCCL INFO NCCL_P2P_DISABLE set by environment to 1
bosco:3773458:3776720 [5] NCCL INFO Setting affinity for GPU 5 to ffffffff,ffffff00,00000000,0000ffff,ffffffff,ff000000,00000000
bosco:3773457:3776741 [4] NCCL INFO NCCL_P2P_DISABLE set by environment to 1
bosco:3773457:3776741 [4] NCCL INFO Setting affinity for GPU 4 to ffffffff,ffffff00,00000000,0000ffff,ffffffff,ff000000,00000000
bosco:3773457:3776741 [4] NCCL INFO NVLS multicast support is not available on dev 4
bosco:3773458:3776720 [5] NCCL INFO NVLS multicast support is not available on dev 5
bosco:3773453:3776719 [0] NCCL INFO NCCL_P2P_DISABLE set by environment to 1
bosco:3773453:3776719 [0] NCCL INFO Setting affinity for GPU 0 to ff,ffffffff,ffff0000,00000000,00ffffff,ffffffff
bosco:3773453:3776719 [0] NCCL INFO NVLS multicast support is not available on dev 0
bosco:3773456:3776721 [3] NCCL INFO NCCL_P2P_DISABLE set by environment to 1
bosco:3773456:3776721 [3] NCCL INFO Setting affinity for GPU 3 to ff,ffffffff,ffff0000,00000000,00ffffff,ffffffff
bosco:3773456:3776721 [3] NCCL INFO NVLS multicast support is not available on dev 3
bosco:3773455:3776759 [2] NCCL INFO NCCL_P2P_DISABLE set by environment to 1
bosco:3773455:3776759 [2] NCCL INFO Setting affinity for GPU 2 to ff,ffffffff,ffff0000,00000000,00ffffff,ffffffff
bosco:3773455:3776759 [2] NCCL INFO NVLS multicast support is not available on dev 2
bosco:3773454:3776770 [1] NCCL INFO NCCL_P2P_DISABLE set by environment to 1
bosco:3773454:3776770 [1] NCCL INFO Setting affinity for GPU 1 to ff,ffffffff,ffff0000,00000000,00ffffff,ffffffff
bosco:3773454:3776770 [1] NCCL INFO NVLS multicast support is not available on dev 1
bosco:3773454:3776770 [1] NCCL INFO comm 0x55737fb9c3d0 rank 1 nRanks 6 nNodes 1 localRanks 6 localRank 1 MNNVL 0
bosco:3773458:3776720 [5] NCCL INFO comm 0x55c65e5fbf90 rank 5 nRanks 6 nNodes 1 localRanks 6 localRank 5 MNNVL 0
bosco:3773457:3776741 [4] NCCL INFO comm 0x56007ca193d0 rank 4 nRanks 6 nNodes 1 localRanks 6 localRank 4 MNNVL 0
bosco:3773456:3776721 [3] NCCL INFO comm 0x559c1df391d0 rank 3 nRanks 6 nNodes 1 localRanks 6 localRank 3 MNNVL 0
bosco:3773455:3776759 [2] NCCL INFO comm 0x562e5fc4bb10 rank 2 nRanks 6 nNodes 1 localRanks 6 localRank 2 MNNVL 0
bosco:3773457:3776741 [4] NCCL INFO Trees [0] 5/-1/-1->4->2 [1] 5/-1/-1->4->2 [2] 5/-1/-1->4->2 [3] 5/-1/-1->4->2
bosco:3773457:3776741 [4] NCCL INFO P2P Chunksize set to 131072
bosco:3773454:3776770 [1] NCCL INFO Trees [0] 2/-1/-1->1->0 [1] 2/-1/-1->1->0 [2] 2/-1/-1->1->0 [3] 2/-1/-1->1->0
bosco:3773454:3776770 [1] NCCL INFO P2P Chunksize set to 131072
bosco:3773458:3776720 [5] NCCL INFO Trees [0] 3/-1/-1->5->4 [1] 3/-1/-1->5->4 [2] 3/-1/-1->5->4 [3] 3/-1/-1->5->4
bosco:3773456:3776721 [3] NCCL INFO Trees [0] -1/-1/-1->3->5 [1] -1/-1/-1->3->5 [2] -1/-1/-1->3->5 [3] -1/-1/-1->3->5
bosco:3773456:3776721 [3] NCCL INFO P2P Chunksize set to 131072
bosco:3773458:3776720 [5] NCCL INFO P2P Chunksize set to 131072
bosco:3773453:3776719 [0] NCCL INFO comm 0x55e808b6a1b0 rank 0 nRanks 6 nNodes 1 localRanks 6 localRank 0 MNNVL 0
bosco:3773455:3776759 [2] NCCL INFO Trees [0] 4/-1/-1->2->1 [1] 4/-1/-1->2->1 [2] 4/-1/-1->2->1 [3] 4/-1/-1->2->1
bosco:3773455:3776759 [2] NCCL INFO P2P Chunksize set to 131072
bosco:3773453:3776719 [0] NCCL INFO Channel 00/04 : 0 1 2 4 5 3
bosco:3773453:3776719 [0] NCCL INFO Channel 01/04 : 0 1 2 4 5 3
bosco:3773453:3776719 [0] NCCL INFO Channel 02/04 : 0 1 2 4 5 3
bosco:3773453:3776719 [0] NCCL INFO Channel 03/04 : 0 1 2 4 5 3
bosco:3773453:3776719 [0] NCCL INFO Trees [0] 1/-1/-1->0->-1 [1] 1/-1/-1->0->-1 [2] 1/-1/-1->0->-1 [3] 1/-1/-1->0->-1
bosco:3773453:3776719 [0] NCCL INFO P2P Chunksize set to 131072
bosco:3773453:3776719 [0] NCCL INFO Check P2P Type intraNodeP2pSupport 0 directMode 0
bosco:3773454:3776777 [1] NCCL INFO [Proxy Service UDS] Device 1 CPU core 14
bosco:3773455:3776779 [2] NCCL INFO [Proxy Service] Device 2 CPU core 1
bosco:3773454:3776774 [1] NCCL INFO [Proxy Service] Device 1 CPU core 13
bosco:3773457:3776780 [4] NCCL INFO [Proxy Service UDS] Device 4 CPU core 174
bosco:3773457:3776775 [4] NCCL INFO [Proxy Service] Device 4 CPU core 172
bosco:3773455:3776781 [2] NCCL INFO [Proxy Service UDS] Device 2 CPU core 7
bosco:3773458:3776784 [5] NCCL INFO [Proxy Service] Device 5 CPU core 58
bosco:3773453:3776783 [0] NCCL INFO [Proxy Service UDS] Device 0 CPU core 128
bosco:3773458:3776785 [5] NCCL INFO [Proxy Service UDS] Device 5 CPU core 63
bosco:3773453:3776782 [0] NCCL INFO [Proxy Service] Device 0 CPU core 17
bosco:3773456:3776776 [3] NCCL INFO [Proxy Service] Device 3 CPU core 116
bosco:3773456:3776778 [3] NCCL INFO [Proxy Service UDS] Device 3 CPU core 117
bosco:3773454:3776770 [1] NCCL INFO threadThresholds 8/8/64 | 48/8/64 | 512 | 512
bosco:3773454:3776770 [1] NCCL INFO 4 coll channels, 4 collnet channels, 0 nvls channels, 4 p2p channels, 2 p2p channels per peer
bosco:3773457:3776741 [4] NCCL INFO threadThresholds 8/8/64 | 48/8/64 | 512 | 512
bosco:3773457:3776741 [4] NCCL INFO 4 coll channels, 4 collnet channels, 0 nvls channels, 4 p2p channels, 2 p2p channels per peer
bosco:3773456:3776721 [3] NCCL INFO threadThresholds 8/8/64 | 48/8/64 | 512 | 512
bosco:3773456:3776721 [3] NCCL INFO 4 coll channels, 4 collnet channels, 0 nvls channels, 4 p2p channels, 2 p2p channels per peer
bosco:3773458:3776720 [5] NCCL INFO threadThresholds 8/8/64 | 48/8/64 | 512 | 512
bosco:3773458:3776720 [5] NCCL INFO 4 coll channels, 4 collnet channels, 0 nvls channels, 4 p2p channels, 2 p2p channels per peer
bosco:3773455:3776759 [2] NCCL INFO threadThresholds 8/8/64 | 48/8/64 | 512 | 512
bosco:3773455:3776759 [2] NCCL INFO 4 coll channels, 4 collnet channels, 0 nvls channels, 4 p2p channels, 2 p2p channels per peer
bosco:3773453:3776719 [0] NCCL INFO threadThresholds 8/8/64 | 48/8/64 | 512 | 512
bosco:3773453:3776719 [0] NCCL INFO 4 coll channels, 4 collnet channels, 0 nvls channels, 4 p2p channels, 2 p2p channels per peer
bosco:3773453:3776719 [0] NCCL INFO CC Off, workFifoBytes 1048576
bosco:3773454:3776770 [1] NCCL INFO TUNER/Plugin: Could not find: libnccl-tuner.so. Using internal tuner plugin.
bosco:3773454:3776770 [1] NCCL INFO ncclCommInitRankConfig comm 0x55737fb9c3d0 rank 1 nranks 6 cudaDev 1 nvmlDev 1 busId 3a000 commId 0x47b6c239c9854bc2 - Init COMPLETE
bosco:3773454:3776770 [1] NCCL INFO Init timings - ncclCommInitRankConfig: rank 1 nranks 6 total 0.28 (kernels 0.16, alloc 0.01, bootstrap 0.00, allgathers 0.02, topo 0.03, graphs 0.04, connections 0.01, rest 0.01)
bosco:3773456:3776721 [3] NCCL INFO TUNER/Plugin: Could not find: libnccl-tuner.so. Using internal tuner plugin.
bosco:3773457:3776741 [4] NCCL INFO TUNER/Plugin: Could not find: libnccl-tuner.so. Using internal tuner plugin.
bosco:3773457:3776741 [4] NCCL INFO ncclCommInitRankConfig comm 0x56007ca193d0 rank 4 nranks 6 cudaDev 4 nvmlDev 4 busId ad000 commId 0x47b6c239c9854bc2 - Init COMPLETE
bosco:3773456:3776721 [3] NCCL INFO ncclCommInitRankConfig comm 0x559c1df391d0 rank 3 nranks 6 cudaDev 3 nvmlDev 3 busId 3c000 commId 0x47b6c239c9854bc2 - Init COMPLETE
bosco:3773457:3776741 [4] NCCL INFO Init timings - ncclCommInitRankConfig: rank 4 nranks 6 total 6.53 (kernels 0.16, alloc 0.01, bootstrap 6.25, allgathers 0.05, topo 0.03, graphs 0.02, connections 0.01, rest 0.01)
bosco:3773456:3776721 [3] NCCL INFO Init timings - ncclCommInitRankConfig: rank 3 nranks 6 total 8.86 (kernels 0.18, alloc 0.01, bootstrap 8.56, allgathers 0.05, topo 0.03, graphs 0.02, connections 0.01, rest 0.00)
bosco:3773458:3776720 [5] NCCL INFO TUNER/Plugin: Could not find: libnccl-tuner.so. Using internal tuner plugin.
bosco:3773458:3776720 [5] NCCL INFO ncclCommInitRankConfig comm 0x55c65e5fbf90 rank 5 nranks 6 cudaDev 5 nvmlDev 5 busId ae000 commId 0x47b6c239c9854bc2 - Init COMPLETE
bosco:3773458:3776720 [5] NCCL INFO Init timings - ncclCommInitRankConfig: rank 5 nranks 6 total 8.86 (kernels 0.16, alloc 0.01, bootstrap 8.58, allgathers 0.03, topo 0.03, graphs 0.04, connections 0.01, rest 0.00)
bosco:3773455:3776759 [2] NCCL INFO TUNER/Plugin: Could not find: libnccl-tuner.so. Using internal tuner plugin.
bosco:3773455:3776759 [2] NCCL INFO ncclCommInitRankConfig comm 0x562e5fc4bb10 rank 2 nranks 6 cudaDev 2 nvmlDev 2 busId 3b000 commId 0x47b6c239c9854bc2 - Init COMPLETE
bosco:3773455:3776759 [2] NCCL INFO Init timings - ncclCommInitRankConfig: rank 2 nranks 6 total 2.50 (kernels 0.13, alloc 0.01, bootstrap 2.25, allgathers 0.00, topo 0.03, graphs 0.07, connections 0.01, rest 0.00)
bosco:3773453:3776719 [0] NCCL INFO TUNER/Plugin: Could not find: libnccl-tuner.so. Using internal tuner plugin.
bosco:3773453:3776719 [0] NCCL INFO ncclCommInitRankConfig comm 0x55e808b6a1b0 rank 0 nranks 6 cudaDev 0 nvmlDev 0 busId 2d000 commId 0x47b6c239c9854bc2 - Init COMPLETE
bosco:3773453:3776719 [0] NCCL INFO Init timings - ncclCommInitRankConfig: rank 0 nranks 6 total 8.89 (kernels 0.15, alloc 0.01, bootstrap 8.62, allgathers 0.00, topo 0.03, graphs 0.07, connections 0.01, rest 0.00)
bosco:3773457:3776789 [4] NCCL INFO Channel 00 : 4[4] -> 5[5] via SHM/direct/direct
bosco:3773456:3776787 [3] NCCL INFO Channel 00 : 3[3] -> 0[0] via SHM/direct/direct
bosco:3773453:3776791 [0] NCCL INFO Channel 00 : 0[0] -> 1[1] via SHM/direct/direct
bosco:3773454:3776786 [1] NCCL INFO Channel 00 : 1[1] -> 2[2] via SHM/direct/direct
bosco:3773457:3776789 [4] NCCL INFO Channel 01 : 4[4] -> 5[5] via SHM/direct/direct
bosco:3773456:3776787 [3] NCCL INFO Channel 01 : 3[3] -> 0[0] via SHM/direct/direct
bosco:3773454:3776786 [1] NCCL INFO Channel 01 : 1[1] -> 2[2] via SHM/direct/direct
bosco:3773457:3776789 [4] NCCL INFO Channel 02 : 4[4] -> 5[5] via SHM/direct/direct
bosco:3773453:3776791 [0] NCCL INFO Channel 01 : 0[0] -> 1[1] via SHM/direct/direct
bosco:3773456:3776787 [3] NCCL INFO Channel 02 : 3[3] -> 0[0] via SHM/direct/direct
bosco:3773454:3776786 [1] NCCL INFO Channel 02 : 1[1] -> 2[2] via SHM/direct/direct
bosco:3773453:3776791 [0] NCCL INFO Channel 02 : 0[0] -> 1[1] via SHM/direct/direct
bosco:3773457:3776789 [4] NCCL INFO Channel 03 : 4[4] -> 5[5] via SHM/direct/direct
bosco:3773456:3776787 [3] NCCL INFO Channel 03 : 3[3] -> 0[0] via SHM/direct/direct
bosco:3773453:3776791 [0] NCCL INFO Channel 03 : 0[0] -> 1[1] via SHM/direct/direct
bosco:3773454:3776786 [1] NCCL INFO Channel 03 : 1[1] -> 2[2] via SHM/direct/direct
bosco:3773458:3776790 [5] NCCL INFO Channel 00 : 5[5] -> 3[3] via SHM/direct/direct
bosco:3773455:3776788 [2] NCCL INFO Channel 00 : 2[2] -> 4[4] via SHM/direct/direct
bosco:3773458:3776790 [5] NCCL INFO Channel 01 : 5[5] -> 3[3] via SHM/direct/direct
bosco:3773455:3776788 [2] NCCL INFO Channel 01 : 2[2] -> 4[4] via SHM/direct/direct
bosco:3773458:3776790 [5] NCCL INFO Channel 02 : 5[5] -> 3[3] via SHM/direct/direct
bosco:3773455:3776788 [2] NCCL INFO Channel 02 : 2[2] -> 4[4] via SHM/direct/direct
bosco:3773458:3776790 [5] NCCL INFO Channel 03 : 5[5] -> 3[3] via SHM/direct/direct
bosco:3773455:3776788 [2] NCCL INFO Channel 03 : 2[2] -> 4[4] via SHM/direct/direct
bosco:3773457:3776789 [4] NCCL INFO Connected all rings, use ring PXN 0 GDR 1
bosco:3773458:3776790 [5] NCCL INFO Connected all rings, use ring PXN 0 GDR 1
bosco:3773456:3776787 [3] NCCL INFO Connected all rings, use ring PXN 0 GDR 1
bosco:3773455:3776788 [2] NCCL INFO Connected all rings, use ring PXN 0 GDR 1
bosco:3773454:3776786 [1] NCCL INFO Connected all rings, use ring PXN 0 GDR 1
bosco:3773453:3776791 [0] NCCL INFO Connected all rings, use ring PXN 0 GDR 1
[2025-07-09 17:42:15,290] [INFO] [logging.py:107:log_dist] [Rank 0] DeepSpeed Flops Profiler Enabled: False
[2025-07-09 17:42:15,291] [INFO] [logging.py:107:log_dist] [Rank 0] Using client Optimizer as basic optimizer
[2025-07-09 17:42:15,291] [INFO] [logging.py:107:log_dist] [Rank 0] Removing param_group that has no 'params' in the basic Optimizer
[2025-07-09 17:42:15,323] [INFO] [logging.py:107:log_dist] [Rank 0] DeepSpeed Basic Optimizer = AdamW
[2025-07-09 17:42:15,324] [INFO] [utils.py:59:is_zero_supported_optimizer] Checking ZeRO support for optimizer=AdamW type=<class 'transformers.optimization.AdamW'>
[2025-07-09 17:42:15,324] [WARNING] [engine.py:1359:_do_optimizer_sanity_check] **** You are using ZeRO with an untested optimizer, proceed with caution *****
[2025-07-09 17:42:15,324] [INFO] [logging.py:107:log_dist] [Rank 0] Creating torch.bfloat16 ZeRO stage 2 optimizer
[2025-07-09 17:42:15,324] [INFO] [stage_1_and_2.py:151:__init__] Reduce bucket size 200000000
[2025-07-09 17:42:15,324] [INFO] [stage_1_and_2.py:152:__init__] Allgather bucket size 200000000
[2025-07-09 17:42:15,324] [INFO] [stage_1_and_2.py:153:__init__] CPU Offload: True
[2025-07-09 17:42:15,324] [INFO] [stage_1_and_2.py:154:__init__] Round robin gradient partitioning: False
run dev evaluation first to collect initial predictions
run dev evaluation first to collect initial predictions
run dev evaluation first to collect initial predictions
run dev evaluation first to collect initial predictions
run dev evaluation first to collect initial predictions
[2025-07-09 17:42:17,474] [INFO] [utils.py:781:see_memory_usage] Before initializing optimizer states
[2025-07-09 17:42:17,475] [INFO] [utils.py:782:see_memory_usage] MA 20.75 GB         Max_MA 20.75 GB         CA 20.77 GB         Max_CA 21 GB 
[2025-07-09 17:42:17,475] [INFO] [utils.py:789:see_memory_usage] CPU Virtual Memory:  used = 61.41 GB, percent = 3.0%
[2025-07-09 17:42:17,670] [INFO] [utils.py:781:see_memory_usage] After initializing optimizer states
[2025-07-09 17:42:17,671] [INFO] [utils.py:782:see_memory_usage] MA 20.75 GB         Max_MA 20.75 GB         CA 20.77 GB         Max_CA 21 GB 
[2025-07-09 17:42:17,671] [INFO] [utils.py:789:see_memory_usage] CPU Virtual Memory:  used = 62.28 GB, percent = 3.1%
[2025-07-09 17:42:17,671] [INFO] [stage_1_and_2.py:573:__init__] optimizer state initialized
[2025-07-09 17:42:17,824] [INFO] [utils.py:781:see_memory_usage] After initializing ZeRO optimizer
[2025-07-09 17:42:17,824] [INFO] [utils.py:782:see_memory_usage] MA 20.75 GB         Max_MA 20.75 GB         CA 20.77 GB         Max_CA 21 GB 
[2025-07-09 17:42:17,824] [INFO] [utils.py:789:see_memory_usage] CPU Virtual Memory:  used = 62.65 GB, percent = 3.1%
[2025-07-09 17:42:17,826] [INFO] [logging.py:107:log_dist] [Rank 0] DeepSpeed Final Optimizer = DeepSpeedZeroOptimizer
[2025-07-09 17:42:17,826] [INFO] [logging.py:107:log_dist] [Rank 0] DeepSpeed using client LR scheduler
[2025-07-09 17:42:17,826] [INFO] [logging.py:107:log_dist] [Rank 0] DeepSpeed LR Scheduler = <torch.optim.lr_scheduler.LambdaLR object at 0x7fa4cf39a070>
[2025-07-09 17:42:17,826] [INFO] [logging.py:107:log_dist] [Rank 0] step=0, skipped=0, lr=[0.0], mom=[(0.9, 0.98)]
[2025-07-09 17:42:17,828] [INFO] [logging.py:107:log_dist] [Rank 0] [TorchCheckpointEngine] Initialized with serialization = True
[2025-07-09 17:42:17,828] [INFO] [config.py:921:print] DeepSpeedEngine configuration:
[2025-07-09 17:42:17,829] [INFO] [config.py:925:print]   activation_checkpointing_config  {
    "partition_activations": false, 
    "contiguous_memory_optimization": false, 
    "cpu_checkpointing": false, 
    "number_checkpoints": null, 
    "synchronize_checkpoint_boundary": false, 
    "profile": false
}
[2025-07-09 17:42:17,829] [INFO] [config.py:925:print]   aio_config ................... {'block_size': 1048576, 'queue_depth': 8, 'intra_op_parallelism': 1, 'single_submit': False, 'overlap_events': True, 'use_gds': False}
[2025-07-09 17:42:17,829] [INFO] [config.py:925:print]   amp_enabled .................. False
[2025-07-09 17:42:17,829] [INFO] [config.py:925:print]   amp_params ................... False
[2025-07-09 17:42:17,829] [INFO] [config.py:925:print]   autotuning_config ............ {
    "enabled": false, 
    "start_step": null, 
    "end_step": null, 
    "metric_path": null, 
    "arg_mappings": null, 
    "metric": "throughput", 
    "model_info": null, 
    "results_dir": "autotuning_results", 
    "exps_dir": "autotuning_exps", 
    "overwrite": true, 
    "fast": true, 
    "start_profile_step": 3, 
    "end_profile_step": 5, 
    "tuner_type": "gridsearch", 
    "tuner_early_stopping": 5, 
    "tuner_num_trials": 50, 
    "model_info_path": null, 
    "mp_size": 1, 
    "max_train_batch_size": null, 
    "min_train_batch_size": 1, 
    "max_train_micro_batch_size_per_gpu": 1.024000e+03, 
    "min_train_micro_batch_size_per_gpu": 1, 
    "num_tuning_micro_batch_sizes": 3
}
[2025-07-09 17:42:17,829] [INFO] [config.py:925:print]   bfloat16_config .............. enabled=True immediate_grad_update=False check_grad_overflow=False
[2025-07-09 17:42:17,829] [INFO] [config.py:925:print]   checkpoint_config ............ {'tag_validation': 'WARN', 'checkpoint_serialization': True, 'writer': None}
[2025-07-09 17:42:17,829] [INFO] [config.py:925:print]   checkpoint_parallel_write_pipeline  False
[2025-07-09 17:42:17,829] [INFO] [config.py:925:print]   checkpoint_tag_validation_enabled  True
[2025-07-09 17:42:17,829] [INFO] [config.py:925:print]   checkpoint_tag_validation_fail  False
[2025-07-09 17:42:17,829] [INFO] [config.py:925:print]   comms_config ................. <deepspeed.comm.config.DeepSpeedCommsConfig object at 0x7fa4cf39a130>
[2025-07-09 17:42:17,829] [INFO] [config.py:925:print]   communication_data_type ...... None
[2025-07-09 17:42:17,829] [INFO] [config.py:925:print]   compile_config ............... deepcompile=False free_activation=False offload_activation=False offload_opt_states=False double_buffer=True symmetric_memory=False debug_log=False offload_parameters=False sync_before_reduce=False sync_after_reduce=False sync_before_allgather=False sync_after_allgather=False
[2025-07-09 17:42:17,829] [INFO] [config.py:925:print]   compression_config ........... {'weight_quantization': {'shared_parameters': {'enabled': False, 'quantizer_kernel': False, 'schedule_offset': 0, 'quantize_groups': 1, 'quantize_verbose': False, 'quantization_type': 'symmetric', 'quantize_weight_in_forward': False, 'rounding': 'nearest', 'fp16_mixed_quantize': False, 'quantize_change_ratio': 0.001}, 'different_groups': {}}, 'activation_quantization': {'shared_parameters': {'enabled': False, 'quantization_type': 'symmetric', 'range_calibration': 'dynamic', 'schedule_offset': 1000}, 'different_groups': {}}, 'sparse_pruning': {'shared_parameters': {'enabled': False, 'method': 'l1', 'schedule_offset': 1000}, 'different_groups': {}}, 'row_pruning': {'shared_parameters': {'enabled': False, 'method': 'l1', 'schedule_offset': 1000}, 'different_groups': {}}, 'head_pruning': {'shared_parameters': {'enabled': False, 'method': 'topk', 'schedule_offset': 1000}, 'different_groups': {}}, 'channel_pruning': {'shared_parameters': {'enabled': False, 'method': 'l1', 'schedule_offset': 1000}, 'different_groups': {}}, 'layer_reduction': {'enabled': False}}
[2025-07-09 17:42:17,829] [INFO] [config.py:925:print]   curriculum_enabled_legacy .... False
[2025-07-09 17:42:17,829] [INFO] [config.py:925:print]   curriculum_params_legacy ..... False
[2025-07-09 17:42:17,829] [INFO] [config.py:925:print]   data_efficiency_config ....... {'enabled': False, 'seed': 1234, 'data_sampling': {'enabled': False, 'num_epochs': 1000, 'num_workers': 0, 'pin_memory': False, 'curriculum_learning': {'enabled': False}, 'dynamic_batching': {'enabled': False, 'lr_scaling_method': 'linear', 'min_batch_size': 1, 'max_batch_size': None, 'sequence_picking_order': 'dataloader', 'verbose': False}}, 'data_routing': {'enabled': False, 'random_ltd': {'enabled': False, 'layer_token_lr_schedule': {'enabled': False}}}}
[2025-07-09 17:42:17,829] [INFO] [config.py:925:print]   data_efficiency_enabled ...... False
[2025-07-09 17:42:17,829] [INFO] [config.py:925:print]   dataloader_drop_last ......... False
[2025-07-09 17:42:17,829] [INFO] [config.py:925:print]   disable_allgather ............ False
[2025-07-09 17:42:17,829] [INFO] [config.py:925:print]   dump_state ................... False
[2025-07-09 17:42:17,829] [INFO] [config.py:925:print]   eigenvalue_enabled ........... False
[2025-07-09 17:42:17,829] [INFO] [config.py:925:print]   eigenvalue_gas_boundary_resolution  1
[2025-07-09 17:42:17,829] [INFO] [config.py:925:print]   eigenvalue_layer_name ........ bert.encoder.layer
[2025-07-09 17:42:17,829] [INFO] [config.py:925:print]   eigenvalue_layer_num ......... 0
[2025-07-09 17:42:17,829] [INFO] [config.py:925:print]   eigenvalue_max_iter .......... 100
[2025-07-09 17:42:17,829] [INFO] [config.py:925:print]   eigenvalue_stability ......... 1e-06
[2025-07-09 17:42:17,829] [INFO] [config.py:925:print]   eigenvalue_tol ............... 0.01
[2025-07-09 17:42:17,829] [INFO] [config.py:925:print]   eigenvalue_verbose ........... False
[2025-07-09 17:42:17,829] [INFO] [config.py:925:print]   elasticity_enabled ........... False
[2025-07-09 17:42:17,830] [INFO] [config.py:925:print]   float16_config ............... enabled=False auto_cast=False loss_scale=0.0 initial_scale_power=16 loss_scale_window=1000 hysteresis=2 consecutive_hysteresis=False min_loss_scale=1 fp16_master_weights_and_grads=False
[2025-07-09 17:42:17,830] [INFO] [config.py:925:print]   flops_profiler_config ........ {
    "enabled": false, 
    "recompute_fwd_factor": 0.0, 
    "profile_step": 1, 
    "module_depth": -1, 
    "top_modules": 1, 
    "detailed": true, 
    "output_file": null
}
[2025-07-09 17:42:17,830] [INFO] [config.py:925:print]   global_rank .................. 0
[2025-07-09 17:42:17,830] [INFO] [config.py:925:print]   grad_accum_dtype ............. None
[2025-07-09 17:42:17,830] [INFO] [config.py:925:print]   gradient_accumulation_steps .. 4
[2025-07-09 17:42:17,830] [INFO] [config.py:925:print]   gradient_clipping ............ 1.0
[2025-07-09 17:42:17,830] [INFO] [config.py:925:print]   gradient_predivide_factor .... 1.0
[2025-07-09 17:42:17,830] [INFO] [config.py:925:print]   graph_harvesting ............. False
[2025-07-09 17:42:17,830] [INFO] [config.py:925:print]   hybrid_engine ................ enabled=False max_out_tokens=512 inference_tp_size=1 release_inference_cache=False pin_parameters=True tp_gather_partition_size=8
[2025-07-09 17:42:17,830] [INFO] [config.py:925:print]   load_universal_checkpoint .... False
[2025-07-09 17:42:17,830] [INFO] [config.py:925:print]   memory_breakdown ............. False
[2025-07-09 17:42:17,830] [INFO] [config.py:925:print]   mics_hierarchial_params_gather  False
[2025-07-09 17:42:17,830] [INFO] [config.py:925:print]   mics_shard_size .............. -1
[2025-07-09 17:42:17,830] [INFO] [config.py:925:print]   monitor_config ............... tensorboard=TensorBoardConfig(enabled=False, output_path='', job_name='DeepSpeedJobName') comet=CometConfig(enabled=False, samples_log_interval=100, project=None, workspace=None, api_key=None, experiment_name=None, experiment_key=None, online=None, mode=None) wandb=WandbConfig(enabled=False, group=None, team=None, project='deepspeed') csv_monitor=CSVConfig(enabled=False, output_path='', job_name='DeepSpeedJobName')
[2025-07-09 17:42:17,830] [INFO] [config.py:925:print]   nebula_config ................ {
    "enabled": false, 
    "persistent_storage_path": null, 
    "persistent_time_interval": 100, 
    "num_of_version_in_retention": 2, 
    "enable_nebula_load": true, 
    "load_path": null
}
[2025-07-09 17:42:17,830] [INFO] [config.py:925:print]   optimizer_legacy_fusion ...... False
[2025-07-09 17:42:17,830] [INFO] [config.py:925:print]   optimizer_name ............... None
[2025-07-09 17:42:17,830] [INFO] [config.py:925:print]   optimizer_params ............. None
[2025-07-09 17:42:17,830] [INFO] [config.py:925:print]   pipeline ..................... {'stages': 'auto', 'partition': 'best', 'seed_layers': False, 'activation_checkpoint_interval': 0, 'pipe_partitioned': True, 'grad_partitioned': True}
[2025-07-09 17:42:17,830] [INFO] [config.py:925:print]   pld_enabled .................. False
[2025-07-09 17:42:17,830] [INFO] [config.py:925:print]   pld_params ................... False
[2025-07-09 17:42:17,830] [INFO] [config.py:925:print]   prescale_gradients ........... False
[2025-07-09 17:42:17,830] [INFO] [config.py:925:print]   scheduler_name ............... None
[2025-07-09 17:42:17,830] [INFO] [config.py:925:print]   scheduler_params ............. None
[2025-07-09 17:42:17,830] [INFO] [config.py:925:print]   seq_parallel_communication_data_type  torch.float32
[2025-07-09 17:42:17,830] [INFO] [config.py:925:print]   sparse_attention ............. None
[2025-07-09 17:42:17,830] [INFO] [config.py:925:print]   sparse_gradients_enabled ..... False
[2025-07-09 17:42:17,830] [INFO] [config.py:925:print]   steps_per_print .............. 2000
[2025-07-09 17:42:17,830] [INFO] [config.py:925:print]   tensor_parallel_config ....... dtype=torch.float16 autotp_size=0 tp_overlap_comm=False tensor_parallel=TPConfig(tp_size=1, tp_grain_size=1, mpu=None, tp_group=None) injection_policy_tuple=None keep_module_on_host=False replace_with_kernel_inject=False
[2025-07-09 17:42:17,830] [INFO] [config.py:925:print]   timers_config ................ enabled=True synchronized=True
[2025-07-09 17:42:17,830] [INFO] [config.py:925:print]   train_batch_size ............. 24
[2025-07-09 17:42:17,830] [INFO] [config.py:925:print]   train_micro_batch_size_per_gpu  1
[2025-07-09 17:42:17,830] [INFO] [config.py:925:print]   use_data_before_expert_parallel_  False
[2025-07-09 17:42:17,830] [INFO] [config.py:925:print]   use_node_local_storage ....... False
[2025-07-09 17:42:17,830] [INFO] [config.py:925:print]   wall_clock_breakdown ......... False
[2025-07-09 17:42:17,830] [INFO] [config.py:925:print]   weight_quantization_config ... None
[2025-07-09 17:42:17,830] [INFO] [config.py:925:print]   world_size ................... 6
[2025-07-09 17:42:17,830] [INFO] [config.py:925:print]   zero_allow_untested_optimizer  True
[2025-07-09 17:42:17,830] [INFO] [config.py:925:print]   zero_config .................. stage=2 contiguous_gradients=True reduce_scatter=True reduce_bucket_size=200000000 use_multi_rank_bucket_allreduce=True allgather_partitions=True allgather_bucket_size=200000000 overlap_comm=True load_from_fp32_weights=True elastic_checkpoint=False offload_param=None offload_optimizer=DeepSpeedZeroOffloadOptimizerConfig(device='cpu', nvme_path=None, buffer_count=4, pin_memory=True, pipeline_read=False, pipeline_write=False, fast_init=False, ratio=1.0) sub_group_size=1000000000 cpu_offload_param=None cpu_offload_use_pin_memory=None cpu_offload=None prefetch_bucket_size=50000000 param_persistence_threshold=100000 model_persistence_threshold=9223372036854775807 max_live_parameters=1000000000 max_reuse_distance=1000000000 gather_16bit_weights_on_model_save=False module_granularity_threshold=0 use_all_reduce_for_fetch_params=False stage3_gather_fp16_weights_on_model_save=False ignore_unused_parameters=True legacy_stage1=False round_robin_gradients=False zero_hpz_partition_size=1 zero_quantized_weights=False zero_quantized_nontrainable_weights=False zero_quantized_gradients=False zeropp_loco_param=None mics_shard_size=-1 mics_hierarchical_params_gather=False memory_efficient_linear=True pipeline_loading_checkpoint=False override_module_apply=True log_trace_cache_warnings=False
[2025-07-09 17:42:17,830] [INFO] [config.py:925:print]   zero_enabled ................. True
[2025-07-09 17:42:17,830] [INFO] [config.py:925:print]   zero_force_ds_cpu_optimizer .. False
[2025-07-09 17:42:17,830] [INFO] [config.py:925:print]   zero_optimization_stage ...... 2
[2025-07-09 17:42:17,830] [INFO] [config.py:911:print_user_config]   json = {
    "bfloat16": {
        "enabled": true
    }, 
    "fp16": {
        "enabled": false, 
        "loss_scale": 0, 
        "loss_scale_window": 1000, 
        "hysteresis": 2, 
        "min_loss_scale": 1
    }, 
    "zero_optimization": {
        "stage": 2, 
        "offload_optimizer": {
            "device": "cpu", 
            "pin_memory": true
        }, 
        "allgather_partitions": true, 
        "allgather_bucket_size": 2.000000e+08, 
        "overlap_comm": true, 
        "reduce_scatter": true, 
        "reduce_bucket_size": 2.000000e+08, 
        "contiguous_gradients": true
    }, 
    "zero_allow_untested_optimizer": true, 
    "zero_force_ds_cpu_optimizer": false, 
    "gradient_accumulation_steps": 4, 
    "gradient_clipping": 1.0, 
    "steps_per_print": 2.000000e+03, 
    "train_batch_size": 24, 
    "train_micro_batch_size_per_gpu": 1, 
    "wall_clock_breakdown": false
}
run dev evaluation first to collect initial predictions
[INFO|trainer.py:2907] 2025-07-09 17:42:17,831 >> ***** Running Evaluation *****
[INFO|trainer.py:2909] 2025-07-09 17:42:17,831 >>   Num examples = 5540
[INFO|trainer.py:2912] 2025-07-09 17:42:17,831 >>   Batch size = 100
bosco:3773453:3773453 [0] NCCL INFO Comm config Blocking set to 1
bosco:3773455:3773455 [2] NCCL INFO Comm config Blocking set to 1
bosco:3773457:3773457 [4] NCCL INFO Comm config Blocking set to 1
bosco:3773453:3776814 [0] NCCL INFO Using network Socket
bosco:3773456:3773456 [3] NCCL INFO Comm config Blocking set to 1
bosco:3773458:3773458 [5] NCCL INFO Comm config Blocking set to 1
bosco:3773454:3773454 [1] NCCL INFO Comm config Blocking set to 1
bosco:3773455:3776815 [2] NCCL INFO Using network Socket
bosco:3773457:3776816 [4] NCCL INFO Using network Socket
bosco:3773458:3776818 [5] NCCL INFO Using network Socket
bosco:3773453:3776814 [0] NCCL INFO ncclCommInitRankConfig comm 0x55e836ffe750 rank 0 nranks 6 cudaDev 0 nvmlDev 0 busId 2d000 commId 0x746afcc43828d9e4 - Init START
bosco:3773456:3776817 [3] NCCL INFO Using network Socket
bosco:3773455:3776815 [2] NCCL INFO ncclCommInitRankConfig comm 0x562e8dbc8250 rank 2 nranks 6 cudaDev 2 nvmlDev 2 busId 3b000 commId 0x746afcc43828d9e4 - Init START
bosco:3773454:3776819 [1] NCCL INFO Using network Socket
bosco:3773457:3776816 [4] NCCL INFO ncclCommInitRankConfig comm 0x5600aa99a2c0 rank 4 nranks 6 cudaDev 4 nvmlDev 4 busId ad000 commId 0x746afcc43828d9e4 - Init START
bosco:3773458:3776818 [5] NCCL INFO ncclCommInitRankConfig comm 0x55c68b565160 rank 5 nranks 6 cudaDev 5 nvmlDev 5 busId ae000 commId 0x746afcc43828d9e4 - Init START
bosco:3773456:3776817 [3] NCCL INFO ncclCommInitRankConfig comm 0x559c4bec6280 rank 3 nranks 6 cudaDev 3 nvmlDev 3 busId 3c000 commId 0x746afcc43828d9e4 - Init START
bosco:3773454:3776819 [1] NCCL INFO ncclCommInitRankConfig comm 0x5573adb25000 rank 1 nranks 6 cudaDev 1 nvmlDev 1 busId 3a000 commId 0x746afcc43828d9e4 - Init START
bosco:3773457:3776816 [4] NCCL INFO Bootstrap timings total 0.001576 (create 0.000036, send 0.000186, recv 0.000449, ring 0.000351, delay 0.000000)
bosco:3773456:3776817 [3] NCCL INFO Bootstrap timings total 0.001320 (create 0.000043, send 0.000168, recv 0.000591, ring 0.000338, delay 0.000000)
bosco:3773455:3776815 [2] NCCL INFO Bootstrap timings total 0.002347 (create 0.000030, send 0.000135, recv 0.001585, ring 0.000161, delay 0.000000)
bosco:3773454:3776819 [1] NCCL INFO Bootstrap timings total 0.001230 (create 0.000035, send 0.000157, recv 0.000695, ring 0.000184, delay 0.000000)
bosco:3773453:3776814 [0] NCCL INFO Bootstrap timings total 0.002410 (create 0.000079, send 0.000251, recv 0.001658, ring 0.000251, delay 0.000000)
bosco:3773458:3776818 [5] NCCL INFO Bootstrap timings total 0.001551 (create 0.000053, send 0.000244, recv 0.000507, ring 0.000486, delay 0.000000)
bosco:3773456:3776817 [3] NCCL INFO Setting affinity for GPU 3 to ff,ffffffff,ffff0000,00000000,00ffffff,ffffffff
bosco:3773456:3776817 [3] NCCL INFO NVLS multicast support is not available on dev 3
bosco:3773457:3776816 [4] NCCL INFO Setting affinity for GPU 4 to ffffffff,ffffff00,00000000,0000ffff,ffffffff,ff000000,00000000
bosco:3773457:3776816 [4] NCCL INFO NVLS multicast support is not available on dev 4
bosco:3773455:3776815 [2] NCCL INFO Setting affinity for GPU 2 to ff,ffffffff,ffff0000,00000000,00ffffff,ffffffff
bosco:3773455:3776815 [2] NCCL INFO NVLS multicast support is not available on dev 2
bosco:3773453:3776814 [0] NCCL INFO Setting affinity for GPU 0 to ff,ffffffff,ffff0000,00000000,00ffffff,ffffffff
bosco:3773453:3776814 [0] NCCL INFO NVLS multicast support is not available on dev 0
bosco:3773454:3776819 [1] NCCL INFO Setting affinity for GPU 1 to ff,ffffffff,ffff0000,00000000,00ffffff,ffffffff
bosco:3773454:3776819 [1] NCCL INFO NVLS multicast support is not available on dev 1
bosco:3773458:3776818 [5] NCCL INFO Setting affinity for GPU 5 to ffffffff,ffffff00,00000000,0000ffff,ffffffff,ff000000,00000000
bosco:3773458:3776818 [5] NCCL INFO NVLS multicast support is not available on dev 5
bosco:3773456:3776817 [3] NCCL INFO comm 0x559c4bec6280 rank 3 nRanks 6 nNodes 1 localRanks 6 localRank 3 MNNVL 0
bosco:3773455:3776815 [2] NCCL INFO comm 0x562e8dbc8250 rank 2 nRanks 6 nNodes 1 localRanks 6 localRank 2 MNNVL 0
bosco:3773457:3776816 [4] NCCL INFO comm 0x5600aa99a2c0 rank 4 nRanks 6 nNodes 1 localRanks 6 localRank 4 MNNVL 0
bosco:3773453:3776814 [0] NCCL INFO comm 0x55e836ffe750 rank 0 nRanks 6 nNodes 1 localRanks 6 localRank 0 MNNVL 0
